Component: Arm Compiler for Embedded 6.24 Tool: armlink [5f371500]

==============================================================================

Section Cross References

    startup_py32f030xx.o(RESET) refers to startup_py32f030xx.o(STACK) for __initial_sp
    startup_py32f030xx.o(RESET) refers to startup_py32f030xx.o(.text) for Reset_Handler
    startup_py32f030xx.o(RESET) refers to py32f0xx_it.o(.text.NMI_Handler) for NMI_Handler
    startup_py32f030xx.o(RESET) refers to py32f0xx_it.o(.text.HardFault_Handler) for HardFault_Handler
    startup_py32f030xx.o(RESET) refers to py32f0xx_it.o(.text.SVC_Handler) for SVC_Handler
    startup_py32f030xx.o(RESET) refers to py32f0xx_it.o(.text.PendSV_Handler) for PendSV_Handler
    startup_py32f030xx.o(RESET) refers to py32f0xx_it.o(.text.SysTick_Handler) for SysTick_Handler
    startup_py32f030xx.o(RESET) refers to bsp_zero.o(.text.EXTI4_15_IRQHandler) for EXTI4_15_IRQHandler
    startup_py32f030xx.o(RESET) refers to pwm.o(.text.TIM3_IRQHandler) for TIM3_IRQHandler
    startup_py32f030xx.o(RESET) refers to py32f0xx_it.o(.text.TIM14_IRQHandler) for TIM14_IRQHandler
    startup_py32f030xx.o(RESET) refers to bsp_zero.o(.text.TIM16_IRQHandler) for TIM16_IRQHandler
    startup_py32f030xx.o(RESET) refers to bsp_uart.o(.text.USART1_IRQHandler) for USART1_IRQHandler
    startup_py32f030xx.o(.text) refers to system_py32f0xx.o(.text.SystemInit) for SystemInit
    startup_py32f030xx.o(.text) refers to entry.o(.ARM.Collect$$$$00000000) for __main
    system_py32f0xx.o(.text.SystemCoreClockUpdate) refers to system_py32f0xx.o(.rodata.HSIFreqTable) for HSIFreqTable
    system_py32f0xx.o(.text.SystemCoreClockUpdate) refers to system_py32f0xx.o(.data.SystemCoreClock) for SystemCoreClock
    system_py32f0xx.o(.text.SystemCoreClockUpdate) refers to system_py32f0xx.o(.rodata.AHBPrescTable) for AHBPrescTable
    system_py32f0xx.o(.ARM.exidx.text.SystemCoreClockUpdate) refers to system_py32f0xx.o(.text.SystemCoreClockUpdate) for [Anonymous Symbol]
    system_py32f0xx.o(.ARM.exidx.text.SystemInit) refers to system_py32f0xx.o(.text.SystemInit) for [Anonymous Symbol]
    system_py32f0xx.o(.text.$Sub$$main) refers to main.o(.text.main) for $Super$$main
    system_py32f0xx.o(.text.$Sub$$main) refers to system_py32f0xx.o(.ARM.__at_0x20000000) for VECT_SRAM_TAB
    system_py32f0xx.o(.ARM.exidx.text.$Sub$$main) refers to system_py32f0xx.o(.text.$Sub$$main) for [Anonymous Symbol]
    main.o(.text.app_rf_rx_callback) refers to main.o(.bss.g_rf_rx) for [Anonymous Symbol]
    main.o(.ARM.exidx.text.app_rf_rx_callback) refers to main.o(.text.app_rf_rx_callback) for [Anonymous Symbol]
    main.o(.text.main) refers to py32f0xx_hal.o(.text.HAL_Init) for HAL_Init
    main.o(.text.main) refers to memseta.o(.text) for __aeabi_memclr4
    main.o(.text.main) refers to py32f0xx_hal_rcc.o(.text.HAL_RCC_OscConfig) for HAL_RCC_OscConfig
    main.o(.text.main) refers to printf8.o(i.__0printf$8) for __2printf
    main.o(.text.main) refers to py32f0xx_hal_rcc.o(.text.HAL_RCC_ClockConfig) for HAL_RCC_ClockConfig
    main.o(.text.main) refers to pan211.o(.text.PAN211_Init) for PAN211_Init
    main.o(.text.main) refers to pan211.o(.text.PAN211_ClearIRQFlags) for PAN211_ClearIRQFlags
    main.o(.text.main) refers to bsp_uart.o(.text.bsp_uart_init) for bsp_uart_init
    main.o(.text.main) refers to bsp_timer.o(.text.bsp_timer_init) for bsp_timer_init
    main.o(.text.main) refers to iwdg.o(.text.app_iwdg_init) for app_iwdg_init
    main.o(.text.main) refers to eventbus.o(.text.app_eventbus_init) for app_eventbus_init
    main.o(.text.main) refers to protocol.o(.text.app_protocol_init) for app_protocol_init
    main.o(.text.main) refers to device_manager.o(.text.app_jump_device) for app_jump_device
    main.o(.text.main) refers to pan211.o(.text.PAN211_RxStart) for PAN211_RxStart
    main.o(.text.main) refers to config.o(.text.app_get_reg) for app_get_reg
    main.o(.text.main) refers to pan211.o(.text.PAN211_SetChannel) for PAN211_SetChannel
    main.o(.text.main) refers to pan211.o(.text.PAN211_GetIRQFlags) for PAN211_GetIRQFlags
    main.o(.text.main) refers to bsp_timer.o(.text.bsp_timer_poll) for bsp_timer_poll
    main.o(.text.main) refers to eventbus.o(.text.app_eventbus_poll) for app_eventbus_poll
    main.o(.text.main) refers to setter.o(.text.rssi_is_enabled) for rssi_is_enabled
    main.o(.text.main) refers to setter.o(.text.rssi_update) for rssi_update
    main.o(.text.main) refers to pan211.o(.text.IRQDetected) for IRQDetected
    main.o(.text.main) refers to pan211.o(.text.PAN211_ReadFIFO) for PAN211_ReadFIFO
    main.o(.text.main) refers to main.o(.rodata.str1.1) for [Anonymous Symbol]
    main.o(.text.main) refers to main.o(.bss.my_rf_rx) for [Anonymous Symbol]
    main.o(.text.main) refers to protocol.o(.bss.my_seq) for my_seq
    main.o(.text.main) refers to main.o(.bss.g_rf_rx) for [Anonymous Symbol]
    main.o(.ARM.exidx.text.main) refers to main.o(.text.main) for [Anonymous Symbol]
[...]
    init.s                                   0x00000000   Number         0  init.o ABSOLUTE
    iwdg.c                                   0x00000000   Number         0  iwdg.o ABSOLUTE
    main.c                                   0x00000000   Number         0  main.o ABSOLUTE
    pan211.c                                 0x00000000   Number         0  pan211.o ABSOLUTE
    panel.c                                  0x00000000   Number         0  panel.o ABSOLUTE
    protocol.c                               0x00000000   Number         0  protocol.o ABSOLUTE
    pwm.c                                    0x00000000   Number         0  pwm.o ABSOLUTE
    py32f0xx_hal.c                           0x00000000   Number         0  py32f0xx_hal.o ABSOLUTE
    py32f0xx_hal_adc.c                       0x00000000   Number         0  py32f0xx_hal_adc.o ABSOLUTE
    py32f0xx_hal_cortex.c                    0x00000000   Number         0  py32f0xx_hal_cortex.o ABSOLUTE
    py32f0xx_hal_dma.c                       0x00000000   Number         0  py32f0xx_hal_dma.o ABSOLUTE
    py32f0xx_hal_flash.c                     0x00000000   Number         0  py32f0xx_hal_flash.o ABSOLUTE
    py32f0xx_hal_gpio.c                      0x00000000   Number         0  py32f0xx_hal_gpio.o ABSOLUTE
    py32f0xx_hal_iwdg.c                      0x00000000   Number         0  py32f0xx_hal_iwdg.o ABSOLUTE
    py32f0xx_hal_msp.c                       0x00000000   Number         0  py32f0xx_hal_msp.o ABSOLUTE
    py32f0xx_hal_pwr.c                       0x00000000   Number         0  py32f0xx_hal_pwr.o ABSOLUTE
    py32f0xx_hal_rcc.c                       0x00000000   Number         0  py32f0xx_hal_rcc.o ABSOLUTE
    py32f0xx_hal_tim.c                       0x00000000   Number         0  py32f0xx_hal_tim.o ABSOLUTE
    py32f0xx_hal_tim_ex.c                    0x00000000   Number         0  py32f0xx_hal_tim_ex.o ABSOLUTE
    py32f0xx_hal_uart.c                      0x00000000   Number         0  py32f0xx_hal_uart.o ABSOLUTE
    py32f0xx_it.c                            0x00000000   Number         0  py32f0xx_it.o ABSOLUTE
    repeater.c                               0x00000000   Number         0  repeater.o ABSOLUTE
    setter.c                                 0x00000000   Number         0  setter.o ABSOLUTE
    startup_py32f030xx.s                     0x00000000   Number         0  startup_py32f030xx.o ABSOLUTE
    system_py32f0xx.c                        0x00000000   Number         0  system_py32f0xx.o ABSOLUTE
    RESET                                    0x08000000   Section      192  startup_py32f030xx.o(RESET)
    .ARM.Collect$$$$00000000                 0x080000c0   Section        0  entry.o(.ARM.Collect$$$$00000000)
    .ARM.Collect$$$$00000001                 0x080000c0   Section        4  entry2.o(.ARM.Collect$$$$00000001)
    .ARM.Collect$$$$00000004                 0x080000c4   Section        4  entry5.o(.ARM.Collect$$$$00000004)
    .ARM.Collect$$$$00000008                 0x080000c8   Section        0  entry7b.o(.ARM.Collect$$$$00000008)
    .ARM.Collect$$$$0000000A                 0x080000c8   Section        0  entry8b.o(.ARM.Collect$$$$0000000A)
    .ARM.Collect$$$$0000000B                 0x080000c8   Section        8  entry9a.o(.ARM.Collect$$$$0000000B)
    __lit__00000000                          0x080000d0   Data           4  entry2.o(.ARM.Collect$$$$00002712)
    .ARM.Collect$$$$0000000D                 0x080000d0   Section        0  entry10a.o(.ARM.Collect$$$$0000000D)
    .ARM.Collect$$$$0000000F                 0x080000d0   Section        0  entry11a.o(.ARM.Collect$$$$0000000F)
    .ARM.Collect$$$$00002712                 0x080000d0   Section        4  entry2.o(.ARM.Collect$$$$00002712)
    .text                                    0x080000d4   Section       28  startup_py32f030xx.o(.text)
    .text                                    0x080000f0   Section        0  memcpya.o(.text)
    .text                                    0x08000114   Section        0  memseta.o(.text)
    .text                                    0x08000138   Section        0  fadd.o(.text)
    .text                                    0x080001ea   Section        0  fmul.o(.text)
    .text                                    0x08000264   Section        0  fdiv.o(.text)
    .text                                    0x080002e0   Section        0  fcmplt.o(.text)
    .text                                    0x080002fc   Section        0  fcmpgt.o(.text)
    .text                                    0x08000318   Section        0  ffltui.o(.text)
    .text                                    0x08000326   Section        0  ffixi.o(.text)
    .text                                    0x08000358   Section        0  uidiv_div0.o(.text)
    .text                                    0x08000398   Section        0  idiv_div0.o(.text)
    .text                                    0x080003e8   Section        0  uldiv.o(.text)
    .text                                    0x08000448   Section        0  iusefp.o(.text)
    .text                                    0x08000448   Section        0  fepilogue.o(.text)
    .text                                    0x080004ca   Section        0  fsqrt.o(.text)
    .text                                    0x08000522   Section        0  frnd.o(.text)
    .text                                    0x08000560   Section       48  init.o(.text)
    .text                                    0x08000590   Section        0  llshl.o(.text)
    .text                                    0x080005b0   Section        0  llushr.o(.text)
    [Anonymous Symbol]                       0x080005d4   Section        0  system_py32f0xx.o(.text.$Sub$$main)
    __arm_cp.2_0                             0x080005f8   Number         4  system_py32f0xx.o(.text.$Sub$$main)
    __arm_cp.2_1                             0x080005fc   Number         4  system_py32f0xx.o(.text.$Sub$$main)
    [Anonymous Symbol]                       0x08000600   Section        0  bsp_zero.o(.text.EXTI4_15_IRQHandler)
    __arm_cp.1_0                             0x0800065c   Number         4  bsp_zero.o(.text.EXTI4_15_IRQHandler)
    __arm_cp.1_1                             0x08000660   Number         4  bsp_zero.o(.text.EXTI4_15_IRQHandler)
    __arm_cp.1_2                             0x08000664   Number         4  bsp_zero.o(.text.EXTI4_15_IRQHandler)
    __arm_cp.1_3                             0x08000668   Number         4  bsp_zero.o(.text.EXTI4_15_IRQHandler)
    __arm_cp.1_4                             0x0800066c   Number         4  bsp_zero.o(.text.EXTI4_15_IRQHandler)
    __arm_cp.1_5                             0x08000670   Number         4  bsp_zero.o(.text.EXTI4_15_IRQHandler)
    __arm_cp.1_6                             0x08000674   Number         4  bsp_zero.o(.text.EXTI4_15_IRQHandler)
    __arm_cp.1_7                             0x08000678   Number         4  bsp_zero.o(.text.EXTI4_15_IRQHandler)
    __arm_cp.1_8                             0x0800067c   Number         4  bsp_zero.o(.text.EXTI4_15_IRQHandler)
    [Anonymous Symbol]                       0x08000680   Section        0  py32f0xx_hal.o(.text.HAL_Delay)
    [Anonymous Symbol]                       0x080006a0   Section        0  py32f0xx_hal_gpio.o(.text.HAL_GPIO_EXTI_Callback)
    [Anonymous Symbol]                       0x080006a4   Section        0  py32f0xx_hal_gpio.o(.text.HAL_GPIO_EXTI_IRQHandler)
    __arm_cp.7_0                             0x080006b8   Number         4  py32f0xx_hal_gpio.o(.text.HAL_GPIO_EXTI_IRQHandler)
    [Anonymous Symbol]                       0x080006bc   Section        0  py32f0xx_hal_gpio.o(.text.HAL_GPIO_Init)
    __arm_cp.0_0                             0x08000824   Number         4  py32f0xx_hal_gpio.o(.text.HAL_GPIO_Init)
    __arm_cp.0_1                             0x08000828   Number         4  py32f0xx_hal_gpio.o(.text.HAL_GPIO_Init)
    __arm_cp.0_2                             0x0800082c   Number         4  py32f0xx_hal_gpio.o(.text.HAL_GPIO_Init)
    __arm_cp.0_3                             0x08000830   Number         4  py32f0xx_hal_gpio.o(.text.HAL_GPIO_Init)
    [Anonymous Symbol]                       0x08000834   Section        0  py32f0xx_hal_gpio.o(.text.HAL_GPIO_ReadPin)
    [Anonymous Symbol]                       0x0800083e   Section        0  py32f0xx_hal_gpio.o(.text.HAL_GPIO_WritePin)
    [Anonymous Symbol]                       0x08000850   Section        0  py32f0xx_hal.o(.text.HAL_GetTick)
    [Anonymous Symbol]                       0x08000858   Section        0  py32f0xx_hal_iwdg.o(.text.HAL_IWDG_Init)
    __arm_cp.0_0                             0x0800089c   Number         4  py32f0xx_hal_iwdg.o(.text.HAL_IWDG_Init)
    __arm_cp.0_1                             0x080008a0   Number         4  py32f0xx_hal_iwdg.o(.text.HAL_IWDG_Init)
    [Anonymous Symbol]                       0x080008a4   Section        0  py32f0xx_hal_iwdg.o(.text.HAL_IWDG_Refresh)
    __arm_cp.1_0                             0x080008b0   Number         4  py32f0xx_hal_iwdg.o(.text.HAL_IWDG_Refresh)
    [Anonymous Symbol]                       0x080008b4   Section        0  py32f0xx_hal.o(.text.HAL_IncTick)
    __arm_cp.5_1                             0x080008c4   Number         4  py32f0xx_hal.o(.text.HAL_IncTick)
    [Anonymous Symbol]                       0x080008c8   Section        0  py32f0xx_hal.o(.text.HAL_Init)
    [Anonymous Symbol]                       0x080008e0   Section        0  py32f0xx_hal.o(.text.HAL_InitTick)
    __arm_cp.1_0                             0x08000920   Number         4  py32f0xx_hal.o(.text.HAL_InitTick)
    [Anonymous Symbol]                       0x08000924   Section        0  py32f0xx_hal_msp.o(.text.HAL_MspInit)
    [Anonymous Symbol]                       0x08000928   Section        0  py32f0xx_hal_cortex.o(.text.HAL_NVIC_EnableIRQ)
    __arm_cp.1_0                             0x08000938   Number         4  py32f0xx_hal_cortex.o(.text.HAL_NVIC_EnableIRQ)
    [Anonymous Symbol]                       0x0800093c   Section        0  py32f0xx_hal_cortex.o(.text.HAL_NVIC_SetPriority)
    __arm_cp.0_0                             0x0800096c   Number         4  py32f0xx_hal_cortex.o(.text.HAL_NVIC_SetPriority)
    __arm_cp.0_1                             0x08000970   Number         4  py32f0xx_hal_cortex.o(.text.HAL_NVIC_SetPriority)
    [Anonymous Symbol]                       0x08000974   Section        0  py32f0xx_hal_rcc.o(.text.HAL_RCC_ClockConfig)
    __arm_cp.3_0                             0x08000b50   Number         4  py32f0xx_hal_rcc.o(.text.HAL_RCC_ClockConfig)
    __arm_cp.3_1                             0x08000b54   Number         4  py32f0xx_hal_rcc.o(.text.HAL_RCC_ClockConfig)
    __arm_cp.3_6                             0x08000b58   Number         4  py32f0xx_hal_rcc.o(.text.HAL_RCC_ClockConfig)
    __arm_cp.3_8                             0x08000b5c   Number         4  py32f0xx_hal_rcc.o(.text.HAL_RCC_ClockConfig)
    [Anonymous Symbol]                       0x08000b60   Section        0  py32f0xx_hal_rcc.o(.text.HAL_RCC_GetPCLK1Freq)
    __arm_cp.6_0                             0x08000b7c   Number         4  py32f0xx_hal_rcc.o(.text.HAL_RCC_GetPCLK1Freq)
    __arm_cp.6_2                             0x08000b80   Number         4  py32f0xx_hal_rcc.o(.text.HAL_RCC_GetPCLK1Freq)
    [Anonymous Symbol]                       0x08000b84   Section        0  py32f0xx_hal_rcc.o(.text.HAL_RCC_GetSysClockFreq)
    __arm_cp.2_0                             0x08000c00   Number         4  py32f0xx_hal_rcc.o(.text.HAL_RCC_GetSysClockFreq)
    __arm_cp.2_1                             0x08000c04   Number         4  py32f0xx_hal_rcc.o(.text.HAL_RCC_GetSysClockFreq)
    __arm_cp.2_2                             0x08000c08   Number         4  py32f0xx_hal_rcc.o(.text.HAL_RCC_GetSysClockFreq)
    __arm_cp.2_3                             0x08000c0c   Number         4  py32f0xx_hal_rcc.o(.text.HAL_RCC_GetSysClockFreq)
    [Anonymous Symbol]                       0x08000c10   Section        0  py32f0xx_hal_rcc.o(.text.HAL_RCC_OscConfig)
    __arm_cp.1_0                             0x0800104c   Number         4  py32f0xx_hal_rcc.o(.text.HAL_RCC_OscConfig)
    __arm_cp.1_1                             0x08001050   Number         4  py32f0xx_hal_rcc.o(.text.HAL_RCC_OscConfig)
    __arm_cp.1_2                             0x08001054   Number         4  py32f0xx_hal_rcc.o(.text.HAL_RCC_OscConfig)
    __arm_cp.1_3                             0x08001058   Number         4  py32f0xx_hal_rcc.o(.text.HAL_RCC_OscConfig)
    __arm_cp.1_4                             0x0800105c   Number         4  py32f0xx_hal_rcc.o(.text.HAL_RCC_OscConfig)
    __arm_cp.1_5                             0x08001060   Number         4  py32f0xx_hal_rcc.o(.text.HAL_RCC_OscConfig)
    __arm_cp.1_6                             0x08001064   Number         4  py32f0xx_hal_rcc.o(.text.HAL_RCC_OscConfig)
    __arm_cp.1_7                             0x08001068   Number         4  py32f0xx_hal_rcc.o(.text.HAL_RCC_OscConfig)
    __arm_cp.1_8                             0x0800106c   Number         4  py32f0xx_hal_rcc.o(.text.HAL_RCC_OscConfig)
    [Anonymous Symbol]                       0x08001070   Section        0  py32f0xx_hal_cortex.o(.text.HAL_SYSTICK_Config)
    __arm_cp.4_0                             0x08001098   Number         4  py32f0xx_hal_cortex.o(.text.HAL_SYSTICK_Config)
    __arm_cp.4_1                             0x0800109c   Number         4  py32f0xx_hal_cortex.o(.text.HAL_SYSTICK_Config)
    __arm_cp.4_2                             0x080010a0   Number         4  py32f0xx_hal_cortex.o(.text.HAL_SYSTICK_Config)
    [Anonymous Symbol]                       0x080010a4   Section        0  py32f0xx_hal_tim.o(.text.HAL_TIM_Base_Init)
    __arm_cp.0_0                             0x08001148   Number         4  py32f0xx_hal_tim.o(.text.HAL_TIM_Base_Init)
    __arm_cp.0_1                             0x0800114c   Number         4  py32f0xx_hal_tim.o(.text.HAL_TIM_Base_Init)
    __arm_cp.0_2                             0x08001150   Number         4  py32f0xx_hal_tim.o(.text.HAL_TIM_Base_Init)
    __arm_cp.0_3                             0x08001154   Number         4  py32f0xx_hal_tim.o(.text.HAL_TIM_Base_Init)
    __arm_cp.0_4                             0x08001158   Number         4  py32f0xx_hal_tim.o(.text.HAL_TIM_Base_Init)
    __arm_cp.0_5                             0x0800115c   Number         4  py32f0xx_hal_tim.o(.text.HAL_TIM_Base_Init)
    [Anonymous Symbol]                       0x08001160   Section        0  py32f0xx_hal_tim.o(.text.HAL_TIM_Base_MspInit)
    [Anonymous Symbol]                       0x08001162   Section        0  py32f0xx_hal_tim.o(.text.HAL_TIM_Base_Start_IT)
    [Anonymous Symbol]                       0x08001180   Section        0  py32f0xx_hal_tim.o(.text.HAL_TIM_IRQHandler)
    [Anonymous Symbol]                       0x0800119c   Section        0  bsp_timer.o(.text.HAL_TIM_PeriodElapsedCallback)
    __arm_cp.5_0                             0x080011e8   Number         4  bsp_timer.o(.text.HAL_TIM_PeriodElapsedCallback)
    __arm_cp.5_1                             0x080011ec   Number         4  bsp_timer.o(.text.HAL_TIM_PeriodElapsedCallback)
    __arm_cp.5_2                             0x080011f0   Number         4  bsp_timer.o(.text.HAL_TIM_PeriodElapsedCallback)
    __arm_cp.5_3                             0x080011f4   Number         4  bsp_timer.o(.text.HAL_TIM_PeriodElapsedCallback)
    [Anonymous Symbol]                       0x080011f8   Section        0  py32f0xx_hal_uart.o(.text.HAL_UART_Init)
    [Anonymous Symbol]                       0x08001282   Section        0  py32f0xx_hal_uart.o(.text.HAL_UART_MspInit)
    [Anonymous Symbol]                       0x08001284   Section        0  py32f0xx_hal_uart.o(.text.HAL_UART_Transmit)
    __arm_cp.7_0                             0x080013b8   Number         4  py32f0xx_hal_uart.o(.text.HAL_UART_Transmit)
    [Anonymous Symbol]                       0x080013bc   Section        0  py32f0xx_it.o(.text.HardFault_Handler)
    [Anonymous Symbol]                       0x080013c0   Section        0  pan211.o(.text.IRQDetected)
    __arm_cp.4_0                             0x080013d0   Number         4  pan211.o(.text.IRQDetected)
    [Anonymous Symbol]                       0x080013d4   Section        0  py32f0xx_it.o(.text.NMI_Handler)
    [Anonymous Symbol]                       0x080013d6   Section        0  pan211.o(.text.PAN211_ClearIRQFlags)
    [Anonymous Symbol]                       0x08001402   Section        0  pan211.o(.text.PAN211_GetIRQFlags)
    [Anonymous Symbol]                       0x08001432   Section        0  pan211.o(.text.PAN211_Init)
    [Anonymous Symbol]                       0x08001dc8   Section        0  pan211.o(.text.PAN211_ReadFIFO)
    [Anonymous Symbol]                       0x08001e06   Section        0  pan211.o(.text.PAN211_ReadReg)
    [Anonymous Symbol]                       0x08001e3e   Section        0  pan211.o(.text.PAN211_ReadRegs)
    [Anonymous Symbol]                       0x08001e7e   Section        0  pan211.o(.text.PAN211_RxStart)
    [Anonymous Symbol]                       0x08001ef2   Section        0  pan211.o(.text.PAN211_SetChannel)
    [Anonymous Symbol]                       0x08001f22   Section        0  pan211.o(.text.PAN211_TxStart)
    [Anonymous Symbol]                       0x08001f96   Section        0  pan211.o(.text.PAN211_WriteFIFO)
    [Anonymous Symbol]                       0x08001ff6   Section        0  pan211.o(.text.PAN211_WriteReg)
    [Anonymous Symbol]                       0x0800202c   Section        0  py32f0xx_it.o(.text.PendSV_Handler)
    [Anonymous Symbol]                       0x08002030   Section        0  pan211.o(.text.RF_Gpio_Init)
    __arm_cp.0_0                             0x080020c0   Number         4  pan211.o(.text.RF_Gpio_Init)
    [Anonymous Symbol]                       0x080020c4   Section        0  pan211.o(.text.SPI_RW)
    __arm_cp.1_0                             0x08002144   Number         4  pan211.o(.text.SPI_RW)
    [Anonymous Symbol]                       0x08002148   Section        0  py32f0xx_it.o(.text.SVC_Handler)
    [Anonymous Symbol]                       0x0800214a   Section        0  py32f0xx_it.o(.text.SysTick_Handler)
    [Anonymous Symbol]                       0x08002154   Section        0  system_py32f0xx.o(.text.SystemInit)
    __arm_cp.1_0                             0x08002178   Number         4  system_py32f0xx.o(.text.SystemInit)
    __arm_cp.1_1                             0x0800217c   Number         4  system_py32f0xx.o(.text.SystemInit)
    __arm_cp.1_2                             0x08002180   Number         4  system_py32f0xx.o(.text.SystemInit)
    __arm_cp.1_3                             0x08002184   Number         4  system_py32f0xx.o(.text.SystemInit)
    __arm_cp.1_4                             0x08002188   Number         4  system_py32f0xx.o(.text.SystemInit)
    [Anonymous Symbol]                       0x0800218c   Section        0  py32f0xx_it.o(.text.TIM14_IRQHandler)
    __arm_cp.5_0                             0x08002198   Number         4  py32f0xx_it.o(.text.TIM14_IRQHandler)
    [Anonymous Symbol]                       0x0800219c   Section        0  bsp_zero.o(.text.TIM16_IRQHandler)
    __arm_cp.2_0                             0x080021f4   Number         4  bsp_zero.o(.text.TIM16_IRQHandler)
    __arm_cp.2_1                             0x080021f8   Number         4  bsp_zero.o(.text.TIM16_IRQHandler)
    __arm_cp.2_2                             0x080021fc   Number         4  bsp_zero.o(.text.TIM16_IRQHandler)
    __arm_cp.2_3                             0x08002200   Number         4  bsp_zero.o(.text.TIM16_IRQHandler)
    __arm_cp.2_4                             0x08002204   Number         4  bsp_zero.o(.text.TIM16_IRQHandler)
    __arm_cp.2_5                             0x08002208   Number         4  bsp_zero.o(.text.TIM16_IRQHandler)
    [Anonymous Symbol]                       0x0800220c   Section        0  pwm.o(.text.TIM3_IRQHandler)
    __arm_cp.6_0                             0x080022f8   Number         4  pwm.o(.text.TIM3_IRQHandler)
    __arm_cp.6_1                             0x080022fc   Number         4  pwm.o(.text.TIM3_IRQHandler)
    __arm_cp.6_2                             0x08002300   Number         4  pwm.o(.text.TIM3_IRQHandler)
    __arm_cp.6_3                             0x08002304   Number         4  pwm.o(.text.TIM3_IRQHandler)
    __arm_cp.6_4                             0x08002308   Number         4  pwm.o(.text.TIM3_IRQHandler)
    __arm_cp.6_5                             0x0800230c   Number         4  pwm.o(.text.TIM3_IRQHandler)
    __arm_cp.6_6                             0x08002310   Number         4  pwm.o(.text.TIM3_IRQHandler)
    UART_SetConfig                           0x08002315   Thumb Code   192  py32f0xx_hal_uart.o(.text.UART_SetConfig)
    [Anonymous Symbol]                       0x08002314   Section        0  py32f0xx_hal_uart.o(.text.UART_SetConfig)
    __arm_cp.2_0                             0x080023d4   Number         4  py32f0xx_hal_uart.o(.text.UART_SetConfig)
    __arm_cp.2_1                             0x080023d8   Number         4  py32f0xx_hal_uart.o(.text.UART_SetConfig)
    __arm_cp.2_2                             0x080023dc   Number         4  py32f0xx_hal_uart.o(.text.UART_SetConfig)
    [Anonymous Symbol]                       0x080023e0   Section        0  bsp_uart.o(.text.USART1_IRQHandler)
    __arm_cp.5_0                             0x0800245c   Number         4  bsp_uart.o(.text.USART1_IRQHandler)
    __arm_cp.5_1                             0x08002460   Number         4  bsp_uart.o(.text.USART1_IRQHandler)
    __arm_cp.5_2                             0x08002464   Number         4  bsp_uart.o(.text.USART1_IRQHandler)
    [Anonymous Symbol]                       0x08002468   Section        0  setter.o(.text.app_SETTER_init)
    __arm_cp.0_0                             0x08002484   Number         4  setter.o(.text.app_SETTER_init)
    __arm_cp.0_1                             0x08002488   Number         4  setter.o(.text.app_SETTER_init)
    [Anonymous Symbol]                       0x0800249c   Section        0  base.o(.text.app_calculate_std_dev)
    __arm_cp.4_0                             0x080025d4   Number         4  base.o(.text.app_calculate_std_dev)
    app_delay_switch                         0x080025d9   Thumb Code    28  protocol.o(.text.app_delay_switch)
    [Anonymous Symbol]                       0x080025d8   Section        0  protocol.o(.text.app_delay_switch)
    [Anonymous Symbol]                       0x08002610   Section        0  eventbus.o(.text.app_eventbus_init)
    __arm_cp.0_3                             0x08002624   Number         4  eventbus.o(.text.app_eventbus_init)
    [Anonymous Symbol]                       0x08002628   Section        0  eventbus.o(.text.app_eventbus_poll)
    __arm_cp.3_0                             0x0800267c   Number         4  eventbus.o(.text.app_eventbus_poll)
    __arm_cp.3_1                             0x08002680   Number         4  eventbus.o(.text.app_eventbus_poll)
    __arm_cp.3_2                             0x08002684   Number         4  eventbus.o(.text.app_eventbus_poll)
    [Anonymous Symbol]                       0x08002688   Section        0  eventbus.o(.text.app_eventbus_subscribe)
    __arm_cp.1_0                             0x080026a0   Number         4  eventbus.o(.text.app_eventbus_subscribe)
    __arm_cp.1_1                             0x080026a4   Number         4  eventbus.o(.text.app_eventbus_subscribe)
    [Anonymous Symbol]                       0x080026a8   Section        0  config.o(.text.app_get_reg)
    __arm_cp.1_0                             0x080026ac   Number         4  config.o(.text.app_get_reg)
    [Anonymous Symbol]                       0x080026b0   Section        0  iwdg.o(.text.app_iwdg_init)
    __arm_cp.0_0                             0x080026e8   Number         4  iwdg.o(.text.app_iwdg_init)
    __arm_cp.0_1                             0x080026ec   Number         4  iwdg.o(.text.app_iwdg_init)
    __arm_cp.0_4                             0x08002710   Number         4  iwdg.o(.text.app_iwdg_init)
    [Anonymous Symbol]                       0x08002714   Section        0  device_manager.o(.text.app_jump_device)
    [Anonymous Symbol]                       0x0800271c   Section        0  protocol.o(.text.app_protocol_init)
    __arm_cp.0_0                             0x08002728   Number         4  protocol.o(.text.app_protocol_init)
    [Anonymous Symbol]                       0x0800272c   Section        0  main.o(.text.app_rf_rx_callback)
    __arm_cp.0_0                             0x08002734   Number         4  main.o(.text.app_rf_rx_callback)
    [Anonymous Symbol]                       0x08002738   Section        0  protocol.o(.text.app_rf_tx)
    __arm_cp.5_0                             0x08002770   Number         4  protocol.o(.text.app_rf_tx)
    [Anonymous Symbol]                       0x08002774   Section        0  bsp_uart.o(.text.app_usart1_rx_callback)
    __arm_cp.0_0                             0x0800277c   Number         4  bsp_uart.o(.text.app_usart1_rx_callback)
    [Anonymous Symbol]                       0x08002780   Section        0  bsp_pcb.o(.text.bsp_SETTER_init)
    [Anonymous Symbol]                       0x080027dc   Section        0  bsp_timer.o(.text.bsp_start_timer)
    [Anonymous Symbol]                       0x08002810   Section        0  bsp_timer.o(.text.bsp_timer_init)
    __arm_cp.0_1                             0x0800288c   Number         4  bsp_timer.o(.text.bsp_timer_init)
    __arm_cp.0_2                             0x08002890   Number         4  bsp_timer.o(.text.bsp_timer_init)
    __arm_cp.0_3                             0x08002894   Number         4  bsp_timer.o(.text.bsp_timer_init)
    __arm_cp.0_5                             0x08002898   Number         4  bsp_timer.o(.text.bsp_timer_init)
    [Anonymous Symbol]                       0x0800289c   Section        0  bsp_timer.o(.text.bsp_timer_poll)
    __arm_cp.3_0                             0x080028dc   Number         4  bsp_timer.o(.text.bsp_timer_poll)
    __arm_cp.3_1                             0x080028e0   Number         4  bsp_timer.o(.text.bsp_timer_poll)
    [Anonymous Symbol]                       0x080028e4   Section        0  bsp_uart.o(.text.bsp_uart1_send_buf)
    [Anonymous Symbol]                       0x08002900   Section        0  bsp_uart.o(.text.bsp_uart_init)
    __arm_cp.1_0                             0x08002a34   Number         4  bsp_uart.o(.text.bsp_uart_init)
    __arm_cp.1_1                             0x08002a38   Number         4  bsp_uart.o(.text.bsp_uart_init)
    __arm_cp.1_2                             0x08002a3c   Number         4  bsp_uart.o(.text.bsp_uart_init)
    __arm_cp.1_3                             0x08002a40   Number         4  bsp_uart.o(.text.bsp_uart_init)
    __arm_cp.1_5                             0x08002a44   Number         4  bsp_uart.o(.text.bsp_uart_init)
    [Anonymous Symbol]                       0x08002a48   Section        0  bsp_uart.o(.text.fputc)
    __arm_cp.6_0                             0x08002a64   Number         4  bsp_uart.o(.text.fputc)
    __arm_cp.6_1                             0x08002a68   Number         4  bsp_uart.o(.text.fputc)
    iwdg_feed_dog                            0x08002a6d   Thumb Code    12  iwdg.o(.text.iwdg_feed_dog)
    [Anonymous Symbol]                       0x08002a6c   Section        0  iwdg.o(.text.iwdg_feed_dog)
    __arm_cp.1_0                             0x08002a78   Number         4  iwdg.o(.text.iwdg_feed_dog)
    [Anonymous Symbol]                       0x08002a7c   Section        0  main.o(.text.main)
    __arm_cp.1_0                             0x08002ba4   Number         4  main.o(.text.main)
    __arm_cp.1_1                             0x08002ba8   Number         4  main.o(.text.main)
    __arm_cp.1_2                             0x08002bac   Number         4  main.o(.text.main)
    __arm_cp.1_3                             0x08002bb0   Number         4  main.o(.text.main)
    __arm_cp.1_5                             0x08002bc0   Number         4  main.o(.text.main)
    __arm_cp.1_6                             0x08002bc4   Number         4  main.o(.text.main)
    __arm_cp.1_8                             0x08002bd0   Number         4  main.o(.text.main)
    protocol_event_handler                   0x08002bd5   Thumb Code   172  protocol.o(.text.protocol_event_handler)
    [Anonymous Symbol]                       0x08002bd4   Section        0  protocol.o(.text.protocol_event_handler)
    __arm_cp.1_0                             0x08002c80   Number         4  protocol.o(.text.protocol_event_handler)
    __arm_cp.1_1                             0x08002c84   Number         4  protocol.o(.text.protocol_event_handler)
    __arm_cp.1_2                             0x08002c88   Number         4  protocol.o(.text.protocol_event_handler)
    __arm_cp.1_4                             0x08002c9c   Number         4  protocol.o(.text.protocol_event_handler)
    __arm_cp.1_5                             0x08002ca0   Number         4  protocol.o(.text.protocol_event_handler)
    recv_from_rf                             0x08002ca5   Thumb Code   152  setter.o(.text.recv_from_rf)
    [Anonymous Symbol]                       0x08002ca4   Section        0  setter.o(.text.recv_from_rf)
    __arm_cp.2_0                             0x08002d3c   Number         4  setter.o(.text.recv_from_rf)
    __arm_cp.2_1                             0x08002d40   Number         4  setter.o(.text.recv_from_rf)
    __arm_cp.2_2                             0x08002d44   Number         4  setter.o(.text.recv_from_rf)
    __arm_cp.2_3                             0x08002d48   Number         4  setter.o(.text.recv_from_rf)
    __arm_cp.2_4                             0x08002d4c   Number         4  setter.o(.text.recv_from_rf)
    __arm_cp.2_5                             0x08002d50   Number         4  setter.o(.text.recv_from_rf)
    __arm_cp.2_6                             0x08002d54   Number         4  setter.o(.text.recv_from_rf)
    __arm_cp.2_7                             0x08002d58   Number         4  setter.o(.text.recv_from_rf)
    __arm_cp.2_8                             0x08002d5c   Number         4  setter.o(.text.recv_from_rf)
    __arm_cp.2_9                             0x08002d60   Number         4  setter.o(.text.recv_from_rf)
    __arm_cp.2_10                            0x08002d64   Number         4  setter.o(.text.recv_from_rf)
    recv_from_soft                           0x08002d7d   Thumb Code   140  setter.o(.text.recv_from_soft)
    [Anonymous Symbol]                       0x08002d7c   Section        0  setter.o(.text.recv_from_soft)
    __arm_cp.1_0                             0x08002e08   Number         4  setter.o(.text.recv_from_soft)
    __arm_cp.1_2                             0x08002e2c   Number         4  setter.o(.text.recv_from_soft)
    __arm_cp.1_3                             0x08002e30   Number         4  setter.o(.text.recv_from_soft)
    [Anonymous Symbol]                       0x08002e4c   Section        0  setter.o(.text.rssi_is_enabled)
    [Anonymous Symbol]                       0x08002e54   Section        0  setter.o(.text.rssi_update)
    __arm_cp.4_0                             0x08002f44   Number         4  setter.o(.text.rssi_update)
    __arm_cp.4_1                             0x08002f48   Number         4  setter.o(.text.rssi_update)
    __arm_cp.4_2                             0x08002f4c   Number         4  setter.o(.text.rssi_update)
    __arm_cp.4_3                             0x08002f50   Number         4  setter.o(.text.rssi_update)
    __arm_cp.4_4                             0x08002f54   Number         4  setter.o(.text.rssi_update)
    __arm_cp.4_5                             0x08002f58   Number         4  setter.o(.text.rssi_update)
    tran_delay_stop_rassi                    0x08002f61   Thumb Code   164  setter.o(.text.tran_delay_stop_rassi)
    [Anonymous Symbol]                       0x08002f60   Section        0  setter.o(.text.tran_delay_stop_rassi)
    __arm_cp.5_1                             0x0800301c   Number         4  setter.o(.text.tran_delay_stop_rassi)
    __arm_cp.5_2                             0x08003020   Number         4  setter.o(.text.tran_delay_stop_rassi)
    __arm_cp.5_4                             0x08003058   Number         4  setter.o(.text.tran_delay_stop_rassi)
    __arm_cp.5_5                             0x0800305c   Number         4  setter.o(.text.tran_delay_stop_rassi)
    i.__0printf$8                            0x08003060   Section        0  printf8.o(i.__0printf$8)
    i.__scatterload_copy                     0x08003080   Section       14  handlers.o(i.__scatterload_copy)
    i.__scatterload_null                     0x0800308e   Section        2  handlers.o(i.__scatterload_null)
    i.__scatterload_zeroinit                 0x08003090   Section       14  handlers.o(i.__scatterload_zeroinit)
    i.__set_errno                            0x080030a0   Section        0  errno.o(i.__set_errno)
    _printf_core                             0x080030ad   Thumb Code  1020  printf8.o(i._printf_core)
    i._printf_core                           0x080030ac   Section        0  printf8.o(i._printf_core)
    _printf_post_padding                     0x080034d5   Thumb Code    32  printf8.o(i._printf_post_padding)
    i._printf_post_padding                   0x080034d4   Section        0  printf8.o(i._printf_post_padding)
    _printf_pre_padding                      0x080034f5   Thumb Code    44  printf8.o(i._printf_pre_padding)
    i._printf_pre_padding                    0x080034f4   Section        0  printf8.o(i._printf_pre_padding)
    i.putchar                                0x08003520   Section        0  putchar.o(i.putchar)
    i.puts                                   0x08003530   Section        0  puts.o(i.puts)
    i.roundf                                 0x08003550   Section        0  roundf.o(i.roundf)
    i.sqrtf                                  0x080035c4   Section        0  sqrtf.o(i.sqrtf)
    [Anonymous Symbol]                       0x080035f0   Section        0  py32f0xx_hal_rcc.o(.rodata..L__const.HAL_RCC_GetSysClockFreq.hsiValue)
    fade_table                               0x08003684   Data        1002  pwm.o(.rodata.fade_table)
    [Anonymous Symbol]                       0x08003684   Section        0  pwm.o(.rodata.fade_table)
    [Anonymous Symbol]                       0x08003a6e   Section        0  main.o(.rodata.str1.1)
    [Anonymous Symbol]                       0x08003a93   Section        0  protocol.o(.rodata.str1.1)
    [Anonymous Symbol]                       0x08003afb   Section        0  bsp_timer.o(.rodata.str1.1)
    .data                                    0x200000c0   Section        4  stdout.o(.data)
    _errno                                   0x200000c4   Data           4  errno.o(.data)
    .data                                    0x200000c4   Section        4  errno.o(.data)
    local_max_rssi                           0x200000cc   Data           4  setter.o(.data.local_max_rssi)
    [Anonymous Symbol]                       0x200000cc   Section        0  setter.o(.data.local_max_rssi)
    recv_from_soft.temp                      0x200000d0   Data           6  setter.o(.data.recv_from_soft.temp)
    [Anonymous Symbol]                       0x200000d0   Section        0  setter.o(.data.recv_from_soft.temp)
    IwdgHandle                               0x200000e0   Data          12  iwdg.o(.bss.IwdgHandle)
    [Anonymous Symbol]                       0x200000e0   Section        0  iwdg.o(.bss.IwdgHandle)
    TIM3_IRQHandler.fade_timer               0x200000ec   Data           2  pwm.o(.bss.TIM3_IRQHandler.fade_timer)
    [Anonymous Symbol]                       0x200000ec   Section        0  pwm.o(.bss.TIM3_IRQHandler.fade_timer)
    TIM3_IRQHandler.pwm_acc                  0x200000f0   Data          32  pwm.o(.bss.TIM3_IRQHandler.pwm_acc)
    [Anonymous Symbol]                       0x200000f0   Section        0  pwm.o(.bss.TIM3_IRQHandler.pwm_acc)
    TIM3_IRQHandler.pwm_counter              0x20000110   Data           2  pwm.o(.bss.TIM3_IRQHandler.pwm_counter)
    [Anonymous Symbol]                       0x20000110   Section        0  pwm.o(.bss.TIM3_IRQHandler.pwm_counter)
    current_device_addr                      0x20000194   Data           2  setter.o(.bss.current_device_addr)
    [Anonymous Symbol]                       0x20000194   Section        0  setter.o(.bss.current_device_addr)
    current_room_number                      0x20000196   Data           2  setter.o(.bss.current_room_number)
    [Anonymous Symbol]                       0x20000196   Section        0  setter.o(.bss.current_room_number)
    delay_count                              0x20000198   Data           2  bsp_zero.o(.bss.delay_count)
    [Anonymous Symbol]                       0x20000198   Section        0  bsp_zero.o(.bss.delay_count)
    eventHandlers                            0x2000019c   Data          32  eventbus.o(.bss.eventHandlers)
    [Anonymous Symbol]                       0x2000019c   Section        0  eventbus.o(.bss.eventHandlers)
    eventQueue                               0x200001bc   Data         128  eventbus.o(.bss.eventQueue)
    [Anonymous Symbol]                       0x200001bc   Section        0  eventbus.o(.bss.eventQueue)
    g_i_run_time                             0x2000023c   Data           4  bsp_timer.o(.bss.g_i_run_time)
    [Anonymous Symbol]                       0x2000023c   Section        0  bsp_timer.o(.bss.g_i_run_time)
    g_rf_rx                                  0x20000240   Data           4  main.o(.bss.g_rf_rx)
    [Anonymous Symbol]                       0x20000240   Section        0  main.o(.bss.g_rf_rx)
    handlerCount                             0x20000244   Data           1  eventbus.o(.bss.handlerCount)
    [Anonymous Symbol]                       0x20000244   Section        0  eventbus.o(.bss.handlerCount)
    head                                     0x20000245   Data           1  bsp_zero.o(.bss.head)
    [Anonymous Symbol]                       0x20000245   Section        0  bsp_zero.o(.bss.head)
    is_delaying                              0x20000246   Data           1  bsp_zero.o(.bss.is_delaying)
    [Anonymous Symbol]                       0x20000246   Section        0  bsp_zero.o(.bss.is_delaying)
    led_status                               0x20000247   Data           1  setter.o(.bss.led_status)
    [Anonymous Symbol]                       0x20000247   Section        0  setter.o(.bss.led_status)
    my_reg                                   0x200002b8   Data          20  config.o(.bss.my_reg)
    [Anonymous Symbol]                       0x200002b8   Section        0  config.o(.bss.my_reg)
    my_rf_rx                                 0x200002cc   Data          65  main.o(.bss.my_rf_rx)
    [Anonymous Symbol]                       0x200002cc   Section        0  main.o(.bss.my_rf_rx)
    pending_cmd                              0x20000310   Data          12  bsp_zero.o(.bss.pending_cmd)
    [Anonymous Symbol]                       0x20000310   Section        0  bsp_zero.o(.bss.pending_cmd)
    protocol_event_handler.rf_Request        0x2000031c   Data          65  protocol.o(.bss.protocol_event_handler.rf_Request)
    [Anonymous Symbol]                       0x2000031c   Section        0  protocol.o(.bss.protocol_event_handler.rf_Request)
    pwm_channels                             0x20000360   Data         192  pwm.o(.bss.pwm_channels)
    [Anonymous Symbol]                       0x20000360   Section        0  pwm.o(.bss.pwm_channels)
    queue                                    0x20000420   Data         144  bsp_zero.o(.bss.queue)
    [Anonymous Symbol]                       0x20000420   Section        0  bsp_zero.o(.bss.queue)
    queueHead                                0x200004b0   Data           1  eventbus.o(.bss.queueHead)
    [Anonymous Symbol]                       0x200004b0   Section        0  eventbus.o(.bss.queueHead)
    queueSize                                0x200004b1   Data           1  eventbus.o(.bss.queueSize)
    [Anonymous Symbol]                       0x200004b1   Section        0  eventbus.o(.bss.queueSize)
    queueTail                                0x200004b2   Data           1  eventbus.o(.bss.queueTail)
    [Anonymous Symbol]                       0x200004b2   Section        0  eventbus.o(.bss.queueTail)
    recv_from_rfware                         0x200004b4   Data          70  setter.o(.bss.recv_from_rfware)
    [Anonymous Symbol]                       0x200004b4   Section        0  setter.o(.bss.recv_from_rfware)
    recv_from_soft.obj                       0x200004fc   Data          65  setter.o(.bss.recv_from_soft.obj)
    [Anonymous Symbol]                       0x200004fc   Section        0  setter.o(.bss.recv_from_soft.obj)
    rssi_enabled                             0x2000053d   Data           1  setter.o(.bss.rssi_enabled)
    [Anonymous Symbol]                       0x2000053d   Section        0  setter.o(.bss.rssi_enabled)
    rssi_update.rssi_frame                   0x2000053e   Data           7  setter.o(.bss.rssi_update.rssi_frame)
    [Anonymous Symbol]                       0x2000053e   Section        0  setter.o(.bss.rssi_update.rssi_frame)
    rx1_callback                             0x20000548   Data           4  bsp_uart.o(.bss.rx1_callback)
    [Anonymous Symbol]                       0x20000548   Section        0  bsp_uart.o(.bss.rx1_callback)
    s_t_tmr                                  0x2000058c   Data         640  bsp_timer.o(.bss.s_t_tmr)
    [Anonymous Symbol]                       0x2000058c   Section        0  bsp_timer.o(.bss.s_t_tmr)
    s_tmr_active_bitmap                      0x2000080c   Data           4  bsp_timer.o(.bss.s_tmr_active_bitmap)
    [Anonymous Symbol]                       0x2000080c   Section        0  bsp_timer.o(.bss.s_tmr_active_bitmap)
    sample_count                             0x20000810   Data           4  setter.o(.bss.sample_count)
    [Anonymous Symbol]                       0x20000810   Section        0  setter.o(.bss.sample_count)
    tail                                     0x20000814   Data           1  bsp_zero.o(.bss.tail)
    [Anonymous Symbol]                       0x20000814   Section        0  bsp_zero.o(.bss.tail)
    uart1_buf                                0x20000815   Data         256  bsp_uart.o(.bss.uart1_buf)
    [Anonymous Symbol]                       0x20000815   Section        0  bsp_uart.o(.bss.uart1_buf)
    zero_failed                              0x200009b4   Data           1  bsp_zero.o(.bss.zero_failed)
    [Anonymous Symbol]                       0x200009b4   Section        0  bsp_zero.o(.bss.zero_failed)
    zero_timeout_count                       0x200009b8   Data           4  bsp_zero.o(.bss.zero_timeout_count)
    [Anonymous Symbol]                       0x200009b8   Section        0  bsp_zero.o(.bss.zero_timeout_count)
    STACK                                    0x200009c0   Section     1024  startup_py32f030xx.o(STACK)

    Global Symbols

    Symbol Name                              Value     Ov Type        Size  Object(Section)

    BuildAttributes$$THM_ISAv3M$S$PE$A:L22$X:L11$S22$IEEE1$IW$~IW$USESV6$~STKCKD$USESV7$~SHL$OTIME$ROPI$IEEEJ$EBA8$MICROLIB$REQ8$PRES8$EABIv2 0x00000000   Number         0  anon$$obj.o ABSOLUTE
    _printf_a                                0x00000000   Number         0  printfstubs.o ABSOLUTE
    _printf_c                                0x00000000   Number         0  printfstubs.o ABSOLUTE
    _printf_charcount                        0x00000000   Number         0  printfstubs.o ABSOLUTE
    _printf_d                                0x00000000   Number         0  printfstubs.o ABSOLUTE
    _printf_e                                0x00000000   Number         0  printfstubs.o ABSOLUTE
    _printf_f                                0x00000000   Number         0  printfstubs.o ABSOLUTE
    _printf_flags                            0x00000000   Number         0  printfstubs.o ABSOLUTE
    _printf_fp_dec                           0x00000000   Number         0  printfstubs.o ABSOLUTE
    _printf_fp_hex                           0x00000000   Number         0  printfstubs.o ABSOLUTE
    _printf_g                                0x00000000   Number         0  printfstubs.o ABSOLUTE
    _printf_i                                0x00000000   Number         0  printfstubs.o ABSOLUTE
    _printf_int_dec                          0x00000000   Number         0  printfstubs.o ABSOLUTE
    _printf_l                                0x00000000   Number         0  printfstubs.o ABSOLUTE
    _printf_lc                               0x00000000   Number         0  printfstubs.o ABSOLUTE
    _printf_ll                               0x00000000   Number         0  printfstubs.o ABSOLUTE
    _printf_lld                              0x00000000   Number         0  printfstubs.o ABSOLUTE
    _printf_lli                              0x00000000   Number         0  printfstubs.o ABSOLUTE
    _printf_llo                              0x00000000   Number         0  printfstubs.o ABSOLUTE
    _printf_llu                              0x00000000   Number         0  printfstubs.o ABSOLUTE
    _printf_llx                              0x00000000   Number         0  printfstubs.o ABSOLUTE
    _printf_longlong_dec                     0x00000000   Number         0  printfstubs.o ABSOLUTE
    _printf_longlong_hex                     0x00000000   Number         0  printfstubs.o ABSOLUTE
    _printf_longlong_oct                     0x00000000   Number         0  printfstubs.o ABSOLUTE
    _printf_ls                               0x00000000   Number         0  printfstubs.o ABSOLUTE
    _printf_mbtowc                           0x00000000   Number         0  printfstubs.o ABSOLUTE
    _printf_n                                0x00000000   Number         0  printfstubs.o ABSOLUTE
    _printf_o                                0x00000000   Number         0  printfstubs.o ABSOLUTE
    _printf_p                                0x00000000   Number         0  printfstubs.o ABSOLUTE
    _printf_percent                          0x00000000   Number         0  printfstubs.o ABSOLUTE
    _printf_pre_padding                      0x00000000   Number         0  printfstubs.o ABSOLUTE
    _printf_return_value                     0x00000000   Number         0  printfstubs.o ABSOLUTE
    _printf_s                                0x00000000   Number         0  printfstubs.o ABSOLUTE
    _printf_sizespec                         0x00000000   Number         0  printfstubs.o ABSOLUTE
    _printf_str                              0x00000000   Number         0  printfstubs.o ABSOLUTE
    _printf_truncate_signed                  0x00000000   Number         0  printfstubs.o ABSOLUTE
    _printf_truncate_unsigned                0x00000000   Number         0  printfstubs.o ABSOLUTE
    _printf_u                                0x00000000   Number         0  printfstubs.o ABSOLUTE
    _printf_wc                               0x00000000   Number         0  printfstubs.o ABSOLUTE
    _printf_wctomb                           0x00000000   Number         0  printfstubs.o ABSOLUTE
    _printf_widthprec                        0x00000000   Number         0  printfstubs.o ABSOLUTE
    _printf_x                                0x00000000   Number         0  printfstubs.o ABSOLUTE
    __cpp_initialize__aeabi_                  - Undefined Weak Reference
    __cxa_finalize                            - Undefined Weak Reference
    __decompress                              - Undefined Weak Reference
    _clock_init                               - Undefined Weak Reference
    _microlib_exit                            - Undefined Weak Reference
    __Vectors_Size                           0x000000c0   Number         0  startup_py32f030xx.o ABSOLUTE
    __Vectors                                0x08000000   Data           4  startup_py32f030xx.o(RESET)
    __Vectors_End                            0x080000c0   Data           0  startup_py32f030xx.o(RESET)
    __main                                   0x080000c1   Thumb Code     0  entry.o(.ARM.Collect$$$$00000000)
    _main_stk                                0x080000c1   Thumb Code     0  entry2.o(.ARM.Collect$$$$00000001)
    _main_scatterload                        0x080000c5   Thumb Code     0  entry5.o(.ARM.Collect$$$$00000004)
    __main_after_scatterload                 0x080000c9   Thumb Code     0  entry5.o(.ARM.Collect$$$$00000004)
    _main_clock                              0x080000c9   Thumb Code     0  entry7b.o(.ARM.Collect$$$$00000008)
    _main_cpp_init                           0x080000c9   Thumb Code     0  entry8b.o(.ARM.Collect$$$$0000000A)
    _main_init                               0x080000c9   Thumb Code     0  entry9a.o(.ARM.Collect$$$$0000000B)
    __rt_final_cpp                           0x080000d1   Thumb Code     0  entry10a.o(.ARM.Collect$$$$0000000D)
    __rt_final_exit                          0x080000d1   Thumb Code     0  entry11a.o(.ARM.Collect$$$$0000000F)
    Reset_Handler                            0x080000d5   Thumb Code     8  startup_py32f030xx.o(.text)
    ADC_COMP_IRQHandler                      0x080000e7   Thumb Code     0  startup_py32f030xx.o(.text)
    DMA1_Channel1_IRQHandler                 0x080000e7   Thumb Code     0  startup_py32f030xx.o(.text)
    DMA1_Channel2_3_IRQHandler               0x080000e7   Thumb Code     0  startup_py32f030xx.o(.text)
    EXTI0_1_IRQHandler                       0x080000e7   Thumb Code     0  startup_py32f030xx.o(.text)
    EXTI2_3_IRQHandler                       0x080000e7   Thumb Code     0  startup_py32f030xx.o(.text)
    FLASH_IRQHandler                         0x080000e7   Thumb Code     0  startup_py32f030xx.o(.text)
    I2C1_IRQHandler                          0x080000e7   Thumb Code     0  startup_py32f030xx.o(.text)
    LED_IRQHandler                           0x080000e7   Thumb Code     0  startup_py32f030xx.o(.text)
    LPTIM1_IRQHandler                        0x080000e7   Thumb Code     0  startup_py32f030xx.o(.text)
    PVD_IRQHandler                           0x080000e7   Thumb Code     0  startup_py32f030xx.o(.text)
    RCC_IRQHandler                           0x080000e7   Thumb Code     0  startup_py32f030xx.o(.text)
    RTC_IRQHandler                           0x080000e7   Thumb Code     0  startup_py32f030xx.o(.text)
    SPI1_IRQHandler                          0x080000e7   Thumb Code     0  startup_py32f030xx.o(.text)
    SPI2_IRQHandler                          0x080000e7   Thumb Code     0  startup_py32f030xx.o(.text)
    TIM17_IRQHandler                         0x080000e7   Thumb Code     0  startup_py32f030xx.o(.text)
    TIM1_BRK_UP_TRG_COM_IRQHandler           0x080000e7   Thumb Code     0  startup_py32f030xx.o(.text)
    TIM1_CC_IRQHandler                       0x080000e7   Thumb Code     0  startup_py32f030xx.o(.text)
    USART2_IRQHandler                        0x080000e7   Thumb Code     0  startup_py32f030xx.o(.text)
    WWDG_IRQHandler                          0x080000e7   Thumb Code     0  startup_py32f030xx.o(.text)
    __aeabi_memcpy                           0x080000f1   Thumb Code    36  memcpya.o(.text)
    __aeabi_memcpy4                          0x080000f1   Thumb Code     0  memcpya.o(.text)
    __aeabi_memcpy8                          0x080000f1   Thumb Code     0  memcpya.o(.text)
    __aeabi_memset                           0x08000115   Thumb Code    14  memseta.o(.text)
    __aeabi_memset4                          0x08000115   Thumb Code     0  memseta.o(.text)
    __aeabi_memset8                          0x08000115   Thumb Code     0  memseta.o(.text)
    __aeabi_memclr                           0x08000123   Thumb Code     4  memseta.o(.text)
    __aeabi_memclr4                          0x08000123   Thumb Code     0  memseta.o(.text)
    __aeabi_memclr8                          0x08000123   Thumb Code     0  memseta.o(.text)
    _memset$wrapper                          0x08000127   Thumb Code    18  memseta.o(.text)
    __aeabi_fadd                             0x08000139   Thumb Code   162  fadd.o(.text)
    __aeabi_fsub                             0x080001db   Thumb Code     8  fadd.o(.text)
    __aeabi_frsub                            0x080001e3   Thumb Code     8  fadd.o(.text)
    __aeabi_fmul                             0x080001eb   Thumb Code   122  fmul.o(.text)
    __aeabi_fdiv                             0x08000265   Thumb Code   124  fdiv.o(.text)
    __aeabi_fcmplt                           0x080002e1   Thumb Code    28  fcmplt.o(.text)
    __aeabi_fcmpgt                           0x080002fd   Thumb Code    28  fcmpgt.o(.text)
    __aeabi_ui2f                             0x08000319   Thumb Code    14  ffltui.o(.text)
    __aeabi_f2iz                             0x08000327   Thumb Code    50  ffixi.o(.text)
    __aeabi_uidiv                            0x08000359   Thumb Code     0  uidiv_div0.o(.text)
    __aeabi_uidivmod                         0x08000359   Thumb Code    62  uidiv_div0.o(.text)
    __aeabi_idiv                             0x08000399   Thumb Code     0  idiv_div0.o(.text)
    __aeabi_idivmod$div0                     0x08000399   Thumb Code    74  idiv_div0.o(.text)
    __aeabi_uldivmod                         0x080003e9   Thumb Code    96  uldiv.o(.text)
    __I$use$fp                               0x08000449   Thumb Code     0  iusefp.o(.text)
    _float_round                             0x08000449   Thumb Code    16  fepilogue.o(.text)
    _float_epilogue                          0x08000459   Thumb Code   114  fepilogue.o(.text)
    _fsqrt                                   0x080004cb   Thumb Code    88  fsqrt.o(.text)
    _frnd                                    0x08000523   Thumb Code    62  frnd.o(.text)
    __scatterload                            0x08000561   Thumb Code    38  init.o(.text)
    __scatterload_rt2                        0x08000561   Thumb Code     0  init.o(.text)
    __aeabi_llsl                             0x08000591   Thumb Code    32  llshl.o(.text)
    _ll_shift_l                              0x08000591   Thumb Code     0  llshl.o(.text)
    __aeabi_llsr                             0x080005b1   Thumb Code    34  llushr.o(.text)
    _ll_ushift_r                             0x080005b1   Thumb Code     0  llushr.o(.text)
    main                                     0x080005d5   Thumb Code    36  system_py32f0xx.o(.text.$Sub$$main)
    EXTI4_15_IRQHandler                      0x08000601   Thumb Code    92  bsp_zero.o(.text.EXTI4_15_IRQHandler)
    HAL_Delay                                0x08000681   Thumb Code    32  py32f0xx_hal.o(.text.HAL_Delay)
    HAL_GPIO_EXTI_Callback                   0x080006a1   Thumb Code     2  py32f0xx_hal_gpio.o(.text.HAL_GPIO_EXTI_Callback)
    HAL_GPIO_EXTI_IRQHandler                 0x080006a5   Thumb Code    20  py32f0xx_hal_gpio.o(.text.HAL_GPIO_EXTI_IRQHandler)
    HAL_GPIO_Init                            0x080006bd   Thumb Code   360  py32f0xx_hal_gpio.o(.text.HAL_GPIO_Init)
    HAL_GPIO_ReadPin                         0x08000835   Thumb Code    10  py32f0xx_hal_gpio.o(.text.HAL_GPIO_ReadPin)
    HAL_GPIO_WritePin                        0x0800083f   Thumb Code    16  py32f0xx_hal_gpio.o(.text.HAL_GPIO_WritePin)
    HAL_GetTick                              0x08000851   Thumb Code     8  py32f0xx_hal.o(.text.HAL_GetTick)
    HAL_IWDG_Init                            0x08000859   Thumb Code    68  py32f0xx_hal_iwdg.o(.text.HAL_IWDG_Init)
    HAL_IWDG_Refresh                         0x080008a5   Thumb Code    12  py32f0xx_hal_iwdg.o(.text.HAL_IWDG_Refresh)
    HAL_IncTick                              0x080008b5   Thumb Code    16  py32f0xx_hal.o(.text.HAL_IncTick)
    HAL_Init                                 0x080008c9   Thumb Code    24  py32f0xx_hal.o(.text.HAL_Init)
    HAL_InitTick                             0x080008e1   Thumb Code    64  py32f0xx_hal.o(.text.HAL_InitTick)
    HAL_MspInit                              0x08000925   Thumb Code     2  py32f0xx_hal_msp.o(.text.HAL_MspInit)
    HAL_NVIC_EnableIRQ                       0x08000929   Thumb Code    16  py32f0xx_hal_cortex.o(.text.HAL_NVIC_EnableIRQ)
    HAL_NVIC_SetPriority                     0x0800093d   Thumb Code    48  py32f0xx_hal_cortex.o(.text.HAL_NVIC_SetPriority)
    HAL_RCC_ClockConfig                      0x08000975   Thumb Code   476  py32f0xx_hal_rcc.o(.text.HAL_RCC_ClockConfig)
    HAL_RCC_GetPCLK1Freq                     0x08000b61   Thumb Code    28  py32f0xx_hal_rcc.o(.text.HAL_RCC_GetPCLK1Freq)
    HAL_RCC_GetSysClockFreq                  0x08000b85   Thumb Code   124  py32f0xx_hal_rcc.o(.text.HAL_RCC_GetSysClockFreq)
    HAL_RCC_OscConfig                        0x08000c11   Thumb Code  1084  py32f0xx_hal_rcc.o(.text.HAL_RCC_OscConfig)
    HAL_SYSTICK_Config                       0x08001071   Thumb Code    40  py32f0xx_hal_cortex.o(.text.HAL_SYSTICK_Config)
    HAL_TIM_Base_Init                        0x080010a5   Thumb Code   164  py32f0xx_hal_tim.o(.text.HAL_TIM_Base_Init)
    HAL_TIM_Base_MspInit                     0x08001161   Thumb Code     2  py32f0xx_hal_tim.o(.text.HAL_TIM_Base_MspInit)
    HAL_TIM_Base_Start_IT                    0x08001163   Thumb Code    30  py32f0xx_hal_tim.o(.text.HAL_TIM_Base_Start_IT)
    HAL_TIM_IRQHandler                       0x08001181   Thumb Code    28  py32f0xx_hal_tim.o(.text.HAL_TIM_IRQHandler)
    HAL_TIM_PeriodElapsedCallback            0x0800119d   Thumb Code    76  bsp_timer.o(.text.HAL_TIM_PeriodElapsedCallback)
    HAL_UART_Init                            0x080011f9   Thumb Code   138  py32f0xx_hal_uart.o(.text.HAL_UART_Init)
    HAL_UART_MspInit                         0x08001283   Thumb Code     2  py32f0xx_hal_uart.o(.text.HAL_UART_MspInit)
    HAL_UART_Transmit                        0x08001285   Thumb Code   308  py32f0xx_hal_uart.o(.text.HAL_UART_Transmit)
    HardFault_Handler                        0x080013bd   Thumb Code     2  py32f0xx_it.o(.text.HardFault_Handler)
    IRQDetected                              0x080013c1   Thumb Code    16  pan211.o(.text.IRQDetected)
    NMI_Handler                              0x080013d5   Thumb Code     2  py32f0xx_it.o(.text.NMI_Handler)
    PAN211_ClearIRQFlags                     0x080013d7   Thumb Code    44  pan211.o(.text.PAN211_ClearIRQFlags)
    PAN211_GetIRQFlags                       0x08001403   Thumb Code    48  pan211.o(.text.PAN211_GetIRQFlags)
    PAN211_Init                              0x08001433   Thumb Code  2454  pan211.o(.text.PAN211_Init)
    PAN211_ReadFIFO                          0x08001dc9   Thumb Code    62  pan211.o(.text.PAN211_ReadFIFO)
    PAN211_ReadReg                           0x08001e07   Thumb Code    56  pan211.o(.text.PAN211_ReadReg)
    PAN211_ReadRegs                          0x08001e3f   Thumb Code    64  pan211.o(.text.PAN211_ReadRegs)
    PAN211_RxStart                           0x08001e7f   Thumb Code   116  pan211.o(.text.PAN211_RxStart)
    PAN211_SetChannel                        0x08001ef3   Thumb Code    48  pan211.o(.text.PAN211_SetChannel)
    PAN211_TxStart                           0x08001f23   Thumb Code   116  pan211.o(.text.PAN211_TxStart)
    PAN211_WriteFIFO                         0x08001f97   Thumb Code    96  pan211.o(.text.PAN211_WriteFIFO)
    PAN211_WriteReg                          0x08001ff7   Thumb Code    54  pan211.o(.text.PAN211_WriteReg)
    PendSV_Handler                           0x0800202d   Thumb Code     2  py32f0xx_it.o(.text.PendSV_Handler)
    RF_Gpio_Init                             0x08002031   Thumb Code   144  pan211.o(.text.RF_Gpio_Init)
    SPI_RW                                   0x080020c5   Thumb Code   128  pan211.o(.text.SPI_RW)
    SVC_Handler                              0x08002149   Thumb Code     2  py32f0xx_it.o(.text.SVC_Handler)
    SysTick_Handler                          0x0800214b   Thumb Code     8  py32f0xx_it.o(.text.SysTick_Handler)
    SystemInit                               0x08002155   Thumb Code    36  system_py32f0xx.o(.text.SystemInit)
    TIM14_IRQHandler                         0x0800218d   Thumb Code    12  py32f0xx_it.o(.text.TIM14_IRQHandler)
    TIM16_IRQHandler                         0x0800219d   Thumb Code    88  bsp_zero.o(.text.TIM16_IRQHandler)
    TIM3_IRQHandler                          0x0800220d   Thumb Code   236  pwm.o(.text.TIM3_IRQHandler)
    USART1_IRQHandler                        0x080023e1   Thumb Code   124  bsp_uart.o(.text.USART1_IRQHandler)
    app_SETTER_init                          0x08002469   Thumb Code    28  setter.o(.text.app_SETTER_init)
    app_calculate_std_dev                    0x0800249d   Thumb Code   312  base.o(.text.app_calculate_std_dev)
    app_eventbus_init                        0x08002611   Thumb Code    20  eventbus.o(.text.app_eventbus_init)
    app_eventbus_poll                        0x08002629   Thumb Code    84  eventbus.o(.text.app_eventbus_poll)
    app_eventbus_subscribe                   0x08002689   Thumb Code    24  eventbus.o(.text.app_eventbus_subscribe)
    app_get_reg                              0x080026a9   Thumb Code     4  config.o(.text.app_get_reg)
    app_iwdg_init                            0x080026b1   Thumb Code    56  iwdg.o(.text.app_iwdg_init)
    app_jump_device                          0x08002715   Thumb Code     8  device_manager.o(.text.app_jump_device)
    app_protocol_init                        0x0800271d   Thumb Code    12  protocol.o(.text.app_protocol_init)
    app_rf_rx_callback                       0x0800272d   Thumb Code     8  main.o(.text.app_rf_rx_callback)
    app_rf_tx                                0x08002739   Thumb Code    56  protocol.o(.text.app_rf_tx)
    app_usart1_rx_callback                   0x08002775   Thumb Code     8  bsp_uart.o(.text.app_usart1_rx_callback)
    bsp_SETTER_init                          0x08002781   Thumb Code    92  bsp_pcb.o(.text.bsp_SETTER_init)
    bsp_start_timer                          0x080027dd   Thumb Code    52  bsp_timer.o(.text.bsp_start_timer)
    bsp_timer_init                           0x08002811   Thumb Code   124  bsp_timer.o(.text.bsp_timer_init)
    bsp_timer_poll                           0x0800289d   Thumb Code    64  bsp_timer.o(.text.bsp_timer_poll)
    bsp_uart1_send_buf                       0x080028e5   Thumb Code    28  bsp_uart.o(.text.bsp_uart1_send_buf)
    bsp_uart_init                            0x08002901   Thumb Code   308  bsp_uart.o(.text.bsp_uart_init)
    fputc                                    0x08002a49   Thumb Code    28  bsp_uart.o(.text.fputc)
    $Super$$main                             0x08002a7d   Thumb Code   296  main.o(.text.main)
    rssi_is_enabled                          0x08002e4d   Thumb Code     8  setter.o(.text.rssi_is_enabled)
    rssi_update                              0x08002e55   Thumb Code   240  setter.o(.text.rssi_update)
    __0printf$8                              0x08003061   Thumb Code    24  printf8.o(i.__0printf$8)
    __1printf$8                              0x08003061   Thumb Code     0  printf8.o(i.__0printf$8)
    __2printf                                0x08003061   Thumb Code     0  printf8.o(i.__0printf$8)
    __scatterload_copy                       0x08003081   Thumb Code    14  handlers.o(i.__scatterload_copy)
    __scatterload_null                       0x0800308f   Thumb Code     2  handlers.o(i.__scatterload_null)
    __scatterload_zeroinit                   0x08003091   Thumb Code    14  handlers.o(i.__scatterload_zeroinit)
    __set_errno                              0x080030a1   Thumb Code     6  errno.o(i.__set_errno)
    putchar                                  0x08003521   Thumb Code    10  putchar.o(i.putchar)
    puts                                     0x08003531   Thumb Code    28  puts.o(i.puts)
    roundf                                   0x08003551   Thumb Code   116  roundf.o(i.roundf)
    sqrtf                                    0x080035c5   Thumb Code    44  sqrtf.o(i.sqrtf)
    AHBPrescTable                            0x08003604   Data          64  system_py32f0xx.o(.rodata.AHBPrescTable)
    APBPrescTable                            0x08003644   Data          32  system_py32f0xx.o(.rodata.APBPrescTable)
    HSIFreqTable                             0x08003664   Data          32  system_py32f0xx.o(.rodata.HSIFreqTable)
    Region$$Table$$Base                      0x08003b0c   Number         0  anon$$obj.o(Region$$Table)
    Region$$Table$$Limit                     0x08003b2c   Number         0  anon$$obj.o(Region$$Table)
    VECT_SRAM_TAB                            0x20000000   Data         192  system_py32f0xx.o(.ARM.__at_0x20000000)
    __stdout                                 0x200000c0   Data           4  stdout.o(.data)
    SystemCoreClock                          0x200000c8   Data           4  system_py32f0xx.o(.data.SystemCoreClock)
    uwTickFreq                               0x200000d8   Data           4  py32f0xx_hal.o(.data.uwTickFreq)
    uwTickPrio                               0x200000dc   Data           4  py32f0xx_hal.o(.data.uwTickPrio)
    Timer16                                  0x20000114   Data          64  bsp_zero.o(.bss.Timer16)
    Timer3                                   0x20000154   Data          64  pwm.o(.bss.Timer3)
    my_history_value                         0x20000248   Data         112  setter.o(.bss.my_history_value)
    my_seq                                   0x2000030d   Data           1  protocol.o(.bss.my_seq)
    sTimxHandle                              0x2000054c   Data          64  bsp_timer.o(.bss.sTimxHandle)
    usart1_handle                            0x20000918   Data          76  bsp_uart.o(.bss.usart1_handle)
    usart2_handle                            0x20000964   Data          76  bsp_uart.o(.bss.usart2_handle)
    uwTick                                   0x200009b0   Data           4  py32f0xx_hal.o(.bss.uwTick)
    __initial_sp                             0x20000dc0   Data           0  startup_py32f030xx.o(STACK)



==============================================================================

Memory Map of the image

  Image Entry point : 0x080000c1

  Load Region LR_IROM1 (Base: 0x08000000, Size: 0x00003c10, Max: 0x00010000, ABSOLUTE)

    Execution Region ER_IROM1 (Exec base: 0x08000000, Load base: 0x08000000, Size: 0x00003b2c, Max: 0x00010000, ABSOLUTE)

    Exec Addr    Load Addr    Size         Type   Attr      Idx    E Section Name        Object

    0x08000000   0x08000000   0x000000c0   Data   RO            3    RESET               startup_py32f030xx.o
    0x080000c0   0x080000c0   0x00000000   Code   RO         1253  * .ARM.Collect$$$$00000000  mc_p.l(entry.o)
    0x080000c0   0x080000c0   0x00000004   Code   RO         1553    .ARM.Collect$$$$00000001  mc_p.l(entry2.o)
    0x080000c4   0x080000c4   0x00000004   Code   RO         1556    .ARM.Collect$$$$00000004  mc_p.l(entry5.o)
    0x080000c8   0x080000c8   0x00000000   Code   RO         1558    .ARM.Collect$$$$00000008  mc_p.l(entry7b.o)
    0x080000c8   0x080000c8   0x00000000   Code   RO         1560    .ARM.Collect$$$$0000000A  mc_p.l(entry8b.o)
    0x080000c8   0x080000c8   0x00000008   Code   RO         1561    .ARM.Collect$$$$0000000B  mc_p.l(entry9a.o)
    0x080000d0   0x080000d0   0x00000000   Code   RO         1563    .ARM.Collect$$$$0000000D  mc_p.l(entry10a.o)
    0x080000d0   0x080000d0   0x00000000   Code   RO         1565    .ARM.Collect$$$$0000000F  mc_p.l(entry11a.o)
    0x080000d0   0x080000d0   0x00000004   Code   RO         1554    .ARM.Collect$$$$00002712  mc_p.l(entry2.o)
    0x080000d4   0x080000d4   0x0000001c   Code   RO            4    .text               startup_py32f030xx.o
    0x080000f0   0x080000f0   0x00000024   Code   RO         1270    .text               mc_p.l(memcpya.o)
    0x08000114   0x08000114   0x00000024   Code   RO         1272    .text               mc_p.l(memseta.o)
    0x08000138   0x08000138   0x000000b2   Code   RO         1539    .text               mf_p.l(fadd.o)
    0x080001ea   0x080001ea   0x0000007a   Code   RO         1541    .text               mf_p.l(fmul.o)
    0x08000264   0x08000264   0x0000007c   Code   RO         1543    .text               mf_p.l(fdiv.o)
    0x080002e0   0x080002e0   0x0000001c   Code   RO         1545    .text               mf_p.l(fcmplt.o)
    0x080002fc   0x080002fc   0x0000001c   Code   RO         1547    .text               mf_p.l(fcmpgt.o)
    0x08000318   0x08000318   0x0000000e   Code   RO         1549    .text               mf_p.l(ffltui.o)
    0x08000326   0x08000326   0x00000032   Code   RO         1551    .text               mf_p.l(ffixi.o)
    0x08000358   0x08000358   0x0000003e   Code   RO         1572    .text               mc_p.l(uidiv_div0.o)
    0x08000396   0x08000396   0x00000002   PAD
    0x08000398   0x08000398   0x00000050   Code   RO         1574    .text               mc_p.l(idiv_div0.o)
    0x080003e8   0x080003e8   0x00000060   Code   RO         1578    .text               mc_p.l(uldiv.o)
    0x08000448   0x08000448   0x00000000   Code   RO         1587    .text               mc_p.l(iusefp.o)
    0x08000448   0x08000448   0x00000082   Code   RO         1588    .text               mf_p.l(fepilogue.o)
    0x080004ca   0x080004ca   0x00000058   Code   RO         1590    .text               mf_p.l(fsqrt.o)
    0x08000522   0x08000522   0x0000003e   Code   RO         1592    .text               mf_p.l(frnd.o)
    0x08000560   0x08000560   0x00000030   Code   RO         1604    .text               mc_p.l(init.o)
    0x08000590   0x08000590   0x00000020   Code   RO         1606    .text               mc_p.l(llshl.o)
    0x080005b0   0x080005b0   0x00000022   Code   RO         1608    .text               mc_p.l(llushr.o)
    0x080005d2   0x080005d2   0x00000002   PAD
    0x080005d4   0x080005d4   0x0000002c   Code   RO           15    .text.$Sub$$main    system_py32f0xx.o
    0x08000600   0x08000600   0x00000080   Code   RO         1183    .text.EXTI4_15_IRQHandler  bsp_zero.o
    0x08000680   0x08000680   0x00000020   Code   RO          100    .text.HAL_Delay     py32f0xx_hal.o
    0x080006a0   0x080006a0   0x00000002   Code   RO          325    .text.HAL_GPIO_EXTI_Callback  py32f0xx_hal_gpio.o
    0x080006a2   0x080006a2   0x00000002   PAD
    0x080006a4   0x080006a4   0x00000018   Code   RO          327    .text.HAL_GPIO_EXTI_IRQHandler  py32f0xx_hal_gpio.o
    0x080006bc   0x080006bc   0x00000178   Code   RO          313    .text.HAL_GPIO_Init  py32f0xx_hal_gpio.o
    0x08000834   0x08000834   0x0000000a   Code   RO          317    .text.HAL_GPIO_ReadPin  py32f0xx_hal_gpio.o
    0x0800083e   0x0800083e   0x00000010   Code   RO          319    .text.HAL_GPIO_WritePin  py32f0xx_hal_gpio.o
    0x0800084e   0x0800084e   0x00000002   PAD
    0x08000850   0x08000850   0x00000008   Code   RO           92    .text.HAL_GetTick   py32f0xx_hal.o
    0x08000858   0x08000858   0x0000004c   Code   RO          337    .text.HAL_IWDG_Init  py32f0xx_hal_iwdg.o
    0x080008a4   0x080008a4   0x00000010   Code   RO          339    .text.HAL_IWDG_Refresh  py32f0xx_hal_iwdg.o
    0x080008b4   0x080008b4   0x00000014   Code   RO           90    .text.HAL_IncTick   py32f0xx_hal.o
    0x080008c8   0x080008c8   0x00000018   Code   RO           80    .text.HAL_Init      py32f0xx_hal.o
    0x080008e0   0x080008e0   0x00000044   Code   RO           82    .text.HAL_InitTick  py32f0xx_hal.o
    0x08000924   0x08000924   0x00000002   Code   RO           48    .text.HAL_MspInit   py32f0xx_hal_msp.o
    0x08000926   0x08000926   0x00000002   PAD
    0x08000928   0x08000928   0x00000014   Code   RO          203    .text.HAL_NVIC_EnableIRQ  py32f0xx_hal_cortex.o
    0x0800093c   0x0800093c   0x00000038   Code   RO          201    .text.HAL_NVIC_SetPriority  py32f0xx_hal_cortex.o
    0x08000974   0x08000974   0x000001ec   Code   RO          395    .text.HAL_RCC_ClockConfig  py32f0xx_hal_rcc.o
    0x08000b60   0x08000b60   0x00000024   Code   RO          401    .text.HAL_RCC_GetPCLK1Freq  py32f0xx_hal_rcc.o
    0x08000b84   0x08000b84   0x0000008c   Code   RO          393    .text.HAL_RCC_GetSysClockFreq  py32f0xx_hal_rcc.o
    0x08000c10   0x08000c10   0x00000460   Code   RO          391    .text.HAL_RCC_OscConfig  py32f0xx_hal_rcc.o
    0x08001070   0x08001070   0x00000034   Code   RO          209    .text.HAL_SYSTICK_Config  py32f0xx_hal_cortex.o
    0x080010a4   0x080010a4   0x000000bc   Code   RO          428    .text.HAL_TIM_Base_Init  py32f0xx_hal_tim.o
    0x08001160   0x08001160   0x00000002   Code   RO          430    .text.HAL_TIM_Base_MspInit  py32f0xx_hal_tim.o
    0x08001162   0x08001162   0x0000001e   Code   RO          442    .text.HAL_TIM_Base_Start_IT  py32f0xx_hal_tim.o
    0x08001180   0x08001180   0x0000001c   Code   RO          562    .text.HAL_TIM_IRQHandler  py32f0xx_hal_tim.o
    0x0800119c   0x0800119c   0x0000005c   Code   RO         1125    .text.HAL_TIM_PeriodElapsedCallback  bsp_timer.o
    0x080011f8   0x080011f8   0x0000008a   Code   RO          651    .text.HAL_UART_Init  py32f0xx_hal_uart.o
    0x08001282   0x08001282   0x00000002   Code   RO          653    .text.HAL_UART_MspInit  py32f0xx_hal_uart.o
    0x08001284   0x08001284   0x00000138   Code   RO          665    .text.HAL_UART_Transmit  py32f0xx_hal_uart.o
    0x080013bc   0x080013bc   0x00000002   Code   RO           63    .text.HardFault_Handler  py32f0xx_it.o
    0x080013be   0x080013be   0x00000002   PAD
    0x080013c0   0x080013c0   0x00000014   Code   RO          849    .text.IRQDetected   pan211.o
    0x080013d4   0x080013d4   0x00000002   Code   RO           61    .text.NMI_Handler   py32f0xx_it.o
    0x080013d6   0x080013d6   0x0000002c   Code   RO          893    .text.PAN211_ClearIRQFlags  pan211.o
    0x08001402   0x08001402   0x00000030   Code   RO          891    .text.PAN211_GetIRQFlags  pan211.o
    0x08001432   0x08001432   0x00000996   Code   RO          865    .text.PAN211_Init   pan211.o
    0x08001dc8   0x08001dc8   0x0000003e   Code   RO          863    .text.PAN211_ReadFIFO  pan211.o
    0x08001e06   0x08001e06   0x00000038   Code   RO          855    .text.PAN211_ReadReg  pan211.o
    0x08001e3e   0x08001e3e   0x00000040   Code   RO          859    .text.PAN211_ReadRegs  pan211.o
    0x08001e7e   0x08001e7e   0x00000074   Code   RO          877    .text.PAN211_RxStart  pan211.o
    0x08001ef2   0x08001ef2   0x00000030   Code   RO          879    .text.PAN211_SetChannel  pan211.o
    0x08001f22   0x08001f22   0x00000074   Code   RO          875    .text.PAN211_TxStart  pan211.o
    0x08001f96   0x08001f96   0x00000060   Code   RO          861    .text.PAN211_WriteFIFO  pan211.o
    0x08001ff6   0x08001ff6   0x00000036   Code   RO          853    .text.PAN211_WriteReg  pan211.o
    0x0800202c   0x0800202c   0x00000002   Code   RO           67    .text.PendSV_Handler  py32f0xx_it.o
    0x0800202e   0x0800202e   0x00000002   PAD
    0x08002030   0x08002030   0x00000094   Code   RO          841    .text.RF_Gpio_Init  pan211.o
    0x080020c4   0x080020c4   0x00000084   Code   RO          843    .text.SPI_RW        pan211.o
    0x08002148   0x08002148   0x00000002   Code   RO           65    .text.SVC_Handler   py32f0xx_it.o
    0x0800214a   0x0800214a   0x00000008   Code   RO           69    .text.SysTick_Handler  py32f0xx_it.o
    0x08002152   0x08002152   0x00000002   PAD
    0x08002154   0x08002154   0x00000038   Code   RO           13    .text.SystemInit    system_py32f0xx.o
    0x0800218c   0x0800218c   0x00000010   Code   RO           71    .text.TIM14_IRQHandler  py32f0xx_it.o
    0x0800219c   0x0800219c   0x00000070   Code   RO         1185    .text.TIM16_IRQHandler  bsp_zero.o
    0x0800220c   0x0800220c   0x00000108   Code   RO         1069    .text.TIM3_IRQHandler  pwm.o
    0x08002314   0x08002314   0x000000cc   Code   RO          655    .text.UART_SetConfig  py32f0xx_hal_uart.o
    0x080023e0   0x080023e0   0x00000088   Code   RO         1165    .text.USART1_IRQHandler  bsp_uart.o
    0x08002468   0x08002468   0x00000034   Code   RO         1216    .text.app_SETTER_init  setter.o
    0x0800249c   0x0800249c   0x0000013c   Code   RO          941    .text.app_calculate_std_dev  base.o
    0x080025d8   0x080025d8   0x00000038   Code   RO         1035    .text.app_delay_switch  protocol.o
    0x08002610   0x08002610   0x00000018   Code   RO          969    .text.app_eventbus_init  eventbus.o
    0x08002628   0x08002628   0x00000060   Code   RO          975    .text.app_eventbus_poll  eventbus.o
    0x08002688   0x08002688   0x00000020   Code   RO          971    .text.app_eventbus_subscribe  eventbus.o
    0x080026a8   0x080026a8   0x00000008   Code   RO          953    .text.app_get_reg   config.o
    0x080026b0   0x080026b0   0x00000064   Code   RO         1003    .text.app_iwdg_init  iwdg.o
    0x08002714   0x08002714   0x00000008   Code   RO         1207    .text.app_jump_device  device_manager.o
    0x0800271c   0x0800271c   0x00000010   Code   RO         1015    .text.app_protocol_init  protocol.o
    0x0800272c   0x0800272c   0x0000000c   Code   RO           30    .text.app_rf_rx_callback  main.o
    0x08002738   0x08002738   0x0000003c   Code   RO         1025    .text.app_rf_tx     protocol.o
    0x08002774   0x08002774   0x0000000c   Code   RO         1155    .text.app_usart1_rx_callback  bsp_uart.o
    0x08002780   0x08002780   0x0000005c   Code   RO         1106    .text.bsp_SETTER_init  bsp_pcb.o
    0x080027dc   0x080027dc   0x00000034   Code   RO         1117    .text.bsp_start_timer  bsp_timer.o
    0x08002810   0x08002810   0x0000008c   Code   RO         1115    .text.bsp_timer_init  bsp_timer.o
    0x0800289c   0x0800289c   0x00000048   Code   RO         1121    .text.bsp_timer_poll  bsp_timer.o
    0x080028e4   0x080028e4   0x0000001c   Code   RO         1163    .text.bsp_uart1_send_buf  bsp_uart.o
    0x08002900   0x08002900   0x00000148   Code   RO         1157    .text.bsp_uart_init  bsp_uart.o
    0x08002a48   0x08002a48   0x00000024   Code   RO         1167    .text.fputc         bsp_uart.o
    0x08002a6c   0x08002a6c   0x00000010   Code   RO         1005    .text.iwdg_feed_dog  iwdg.o
    0x08002a7c   0x08002a7c   0x00000158   Code   RO           32    .text.main          main.o
    0x08002bd4   0x08002bd4   0x000000d0   Code   RO         1017    .text.protocol_event_handler  protocol.o
    0x08002ca4   0x08002ca4   0x000000d8   Code   RO         1220    .text.recv_from_rf  setter.o
    0x08002d7c   0x08002d7c   0x000000d0   Code   RO         1218    .text.recv_from_soft  setter.o
    0x08002e4c   0x08002e4c   0x00000008   Code   RO         1222    .text.rssi_is_enabled  setter.o
    0x08002e54   0x08002e54   0x0000010c   Code   RO         1224    .text.rssi_update   setter.o
    0x08002f60   0x08002f60   0x00000100   Code   RO         1226    .text.tran_delay_stop_rassi  setter.o
    0x08003060   0x08003060   0x00000020   Code   RO         1485    i.__0printf$8       mc_p.l(printf8.o)
    0x08003080   0x08003080   0x0000000e   Code   RO         1618    i.__scatterload_copy  mc_p.l(handlers.o)
    0x0800308e   0x0800308e   0x00000002   Code   RO         1619    i.__scatterload_null  mc_p.l(handlers.o)
    0x08003090   0x08003090   0x0000000e   Code   RO         1620    i.__scatterload_zeroinit  mc_p.l(handlers.o)
    0x0800309e   0x0800309e   0x00000002   PAD
    0x080030a0   0x080030a0   0x0000000c   Code   RO         1582    i.__set_errno       mc_p.l(errno.o)
    0x080030ac   0x080030ac   0x00000428   Code   RO         1492    i._printf_core      mc_p.l(printf8.o)
    0x080034d4   0x080034d4   0x00000020   Code   RO         1493    i._printf_post_padding  mc_p.l(printf8.o)
    0x080034f4   0x080034f4   0x0000002c   Code   RO         1494    i._printf_pre_padding  mc_p.l(printf8.o)
    0x08003520   0x08003520   0x00000010   Code   RO         1258    i.putchar           mc_p.l(putchar.o)
    0x08003530   0x08003530   0x00000020   Code   RO         1256    i.puts              mc_p.l(puts.o)
    0x08003550   0x08003550   0x00000074   Code   RO         1251    i.roundf            m_ps.l(roundf.o)
    0x080035c4   0x080035c4   0x0000002c   Code   RO         1248    i.sqrtf             m_ps.l(sqrtf.o)
    0x080035f0   0x080035f0   0x00000014   Data   RO          419    .rodata..L__const.HAL_RCC_GetSysClockFreq.hsiValue  py32f0xx_hal_rcc.o
    0x08003604   0x08003604   0x00000040   Data   RO           18    .rodata.AHBPrescTable  system_py32f0xx.o
    0x08003644   0x08003644   0x00000020   Data   RO           19    .rodata.APBPrescTable  system_py32f0xx.o
    0x08003664   0x08003664   0x00000020   Data   RO           20    .rodata.HSIFreqTable  system_py32f0xx.o
    0x08003684   0x08003684   0x000003ea   Data   RO         1080    .rodata.fade_table  pwm.o
    0x08003a6e   0x08003a6e   0x00000025   Data   RO           38    .rodata.str1.1      main.o
    0x08003a93   0x08003a93   0x00000068   Data   RO         1039    .rodata.str1.1      protocol.o
    0x08003afb   0x08003afb   0x00000011   Data   RO         1131    .rodata.str1.1      bsp_timer.o
    0x08003b0c   0x08003b0c   0x00000020   Data   RO         1617    Region$$Table       anon$$obj.o


    Execution Region RW_IRAM1 (Exec base: 0x20000000, Load base: 0x08003b30, Size: 0x00000dc0, Max: 0x00002000, ABSOLUTE)

    Exec Addr    Load Addr    Size         Type   Attr      Idx    E Section Name        Object

    0x20000000   0x08003b30   0x000000c0   Data   RW           21    .ARM.__at_0x20000000  system_py32f0xx.o
    0x200000c0   0x08003bf0   0x00000004   Data   RW         1567    .data               mc_p.l(stdout.o)
    0x200000c4   0x08003bf4   0x00000004   Data   RW         1583    .data               mc_p.l(errno.o)
    0x200000c8   0x08003bf8   0x00000004   Data   RW           17    .data.SystemCoreClock  system_py32f0xx.o
    0x200000cc   0x08003bfc   0x00000004   Data   RW         1230    .data.local_max_rssi  setter.o
    0x200000d0   0x08003c00   0x00000006   Data   RW         1233    .data.recv_from_soft.temp  setter.o
    0x200000d6   0x08003c06   0x00000002   PAD
    0x200000d8   0x08003c08   0x00000004   Data   RW          125    .data.uwTickFreq    py32f0xx_hal.o
    0x200000dc   0x08003c0c   0x00000004   Data   RW          124    .data.uwTickPrio    py32f0xx_hal.o
    0x200000e0        -       0x0000000c   Zero   RW         1007    .bss.IwdgHandle     iwdg.o
    0x200000ec        -       0x00000002   Zero   RW         1078    .bss.TIM3_IRQHandler.fade_timer  pwm.o
    0x200000ee   0x08003c10   0x00000002   PAD
    0x200000f0        -       0x00000020   Zero   RW         1079    .bss.TIM3_IRQHandler.pwm_acc  pwm.o
    0x20000110        -       0x00000002   Zero   RW         1077    .bss.TIM3_IRQHandler.pwm_counter  pwm.o
    0x20000112   0x08003c10   0x00000002   PAD
    0x20000114        -       0x00000040   Zero   RW         1189    .bss.Timer16        bsp_zero.o
    0x20000154        -       0x00000040   Zero   RW         1074    .bss.Timer3         pwm.o
    0x20000194        -       0x00000002   Zero   RW         1236    .bss.current_device_addr  setter.o
    0x20000196        -       0x00000002   Zero   RW         1237    .bss.current_room_number  setter.o
    0x20000198        -       0x00000002   Zero   RW         1197    .bss.delay_count    bsp_zero.o
    0x2000019a   0x08003c10   0x00000002   PAD
    0x2000019c        -       0x00000020   Zero   RW          981    .bss.eventHandlers  eventbus.o
    0x200001bc        -       0x00000080   Zero   RW          982    .bss.eventQueue     eventbus.o
    0x2000023c        -       0x00000004   Zero   RW         1130    .bss.g_i_run_time   bsp_timer.o
    0x20000240        -       0x00000004   Zero   RW           36    .bss.g_rf_rx        main.o
    0x20000244        -       0x00000001   Zero   RW          977    .bss.handlerCount   eventbus.o
    0x20000245        -       0x00000001   Zero   RW         1192    .bss.head           bsp_zero.o
    0x20000246        -       0x00000001   Zero   RW         1195    .bss.is_delaying    bsp_zero.o
    0x20000247        -       0x00000001   Zero   RW         1235    .bss.led_status     setter.o
    0x20000248        -       0x00000070   Zero   RW         1232    .bss.my_history_value  setter.o
    0x200002b8        -       0x00000014   Zero   RW          960    .bss.my_reg         config.o
    0x200002cc        -       0x00000041   Zero   RW           37    .bss.my_rf_rx       main.o
    0x2000030d        -       0x00000001   Zero   RW         1037    .bss.my_seq         protocol.o
    0x2000030e   0x08003c10   0x00000002   PAD
    0x20000310        -       0x0000000c   Zero   RW         1196    .bss.pending_cmd    bsp_zero.o
    0x2000031c        -       0x00000041   Zero   RW         1044    .bss.protocol_event_handler.rf_Request  protocol.o
    0x2000035d   0x08003c10   0x00000003   PAD
    0x20000360        -       0x000000c0   Zero   RW         1076    .bss.pwm_channels   pwm.o
    0x20000420        -       0x00000090   Zero   RW         1198    .bss.queue          bsp_zero.o
    0x200004b0        -       0x00000001   Zero   RW          980    .bss.queueHead      eventbus.o
    0x200004b1        -       0x00000001   Zero   RW          978    .bss.queueSize      eventbus.o
    0x200004b2        -       0x00000001   Zero   RW          979    .bss.queueTail      eventbus.o
    0x200004b3   0x08003c10   0x00000001   PAD
    0x200004b4        -       0x00000046   Zero   RW         1238    .bss.recv_from_rfware  setter.o
    0x200004fa   0x08003c10   0x00000002   PAD
    0x200004fc        -       0x00000041   Zero   RW         1234    .bss.recv_from_soft.obj  setter.o
    0x2000053d        -       0x00000001   Zero   RW         1228    .bss.rssi_enabled   setter.o
    0x2000053e        -       0x00000007   Zero   RW         1231    .bss.rssi_update.rssi_frame  setter.o
    0x20000545   0x08003c10   0x00000003   PAD
    0x20000548        -       0x00000004   Zero   RW         1170    .bss.rx1_callback   bsp_uart.o
    0x2000054c        -       0x00000040   Zero   RW         1127    .bss.sTimxHandle    bsp_timer.o
    0x2000058c        -       0x00000280   Zero   RW         1128    .bss.s_t_tmr        bsp_timer.o
    0x2000080c        -       0x00000004   Zero   RW         1129    .bss.s_tmr_active_bitmap  bsp_timer.o
    0x20000810        -       0x00000004   Zero   RW         1229    .bss.sample_count   setter.o
    0x20000814        -       0x00000001   Zero   RW         1191    .bss.tail           bsp_zero.o
    0x20000815        -       0x00000100   Zero   RW         1172    .bss.uart1_buf      bsp_uart.o
    0x20000915   0x08003c10   0x00000003   PAD
    0x20000918        -       0x0000004c   Zero   RW         1169    .bss.usart1_handle  bsp_uart.o
    0x20000964        -       0x0000004c   Zero   RW         1171    .bss.usart2_handle  bsp_uart.o
    0x200009b0        -       0x00000004   Zero   RW          126    .bss.uwTick         py32f0xx_hal.o
    0x200009b4        -       0x00000001   Zero   RW         1194    .bss.zero_failed    bsp_zero.o
    0x200009b5   0x08003c10   0x00000003   PAD
    0x200009b8        -       0x00000004   Zero   RW         1193    .bss.zero_timeout_count  bsp_zero.o
    0x200009bc   0x08003c10   0x00000004   PAD
    0x200009c0        -       0x00000400   Zero   RW            1    STACK               startup_py32f030xx.o


==============================================================================

Image component sizes


      Code (inc. data)   RO Data    RW Data    ZI Data      Debug   Object Name

       316          4          0          0          0       3546   base.o
        92          0          0          0          0       2015   bsp_pcb.o
       356         40         17          0        712       6580   bsp_timer.o
       540         44          0          0        412       6876   bsp_uart.o
       240         60          0          0        230       6601   bsp_zero.o
         8          4          0          0         20       2437   config.o
         8          0          0          0          0        391   device_manager.o
       152         24          0          0        164       1986   eventbus.o
       116         48          0          0         12       1532   iwdg.o
       356         52         37          0         69       2440   main.o
      3458         12          0          0          0      22154   pan211.o
       340         72        104          0         66      10487   protocol.o
       264         28       1002          0        292       9269   pwm.o
       152          8          0          8          4       5374   py32f0xx_hal.o
       128         24          0          0          0       5311   py32f0xx_hal_cortex.o
       428         20          0          0          0       4471   py32f0xx_hal_gpio.o
        92         12          0          0          0       1724   py32f0xx_hal_iwdg.o
         2          0          0          0          0       4108   py32f0xx_hal_msp.o
      1788        100         20          0          0       9431   py32f0xx_hal_rcc.o
       248         24          0          0          0      58649   py32f0xx_hal_tim.o
       656         16          0          0          0      19603   py32f0xx_hal_uart.o
        32          4          0          0          0       1442   py32f0xx_it.o
      1008        276          0         10        264       4981   setter.o
        28          8        192          0       1024        624   startup_py32f030xx.o
       100         28        128        196          0       2360   system_py32f0xx.o

    ----------------------------------------------------------------------
     10920        908       1532        216       3296     194392   Object Totals
         0          0         32          0          0          0   (incl. Generated)
        12          0          0          2         27          0   (incl. Padding)

    ----------------------------------------------------------------------

      Code (inc. data)   RO Data    RW Data    ZI Data      Debug   Library Member Name

       116          0          0          0          0         72   roundf.o
        44          0          0          0          0         72   sqrtf.o
         0          0          0          0          0          0   entry.o
         0          0          0          0          0          0   entry10a.o
         0          0          0          0          0          0   entry11a.o
         8          4          0          0          0          0   entry2.o
         4          0          0          0          0          0   entry5.o
         0          0          0          0          0          0   entry7b.o
         0          0          0          0          0          0   entry8b.o
         8          4          0          0          0          0   entry9a.o
        12          6          0          4          0         60   errno.o
        30          0          0          0          0          0   handlers.o
        80          6          0          0          0         72   idiv_div0.o
        48         10          0          0          0         68   init.o
         0          0          0          0          0          0   iusefp.o
        32          0          0          0          0         68   llshl.o
        34          0          0          0          0         68   llushr.o
        36          0          0          0          0         60   memcpya.o
        36          0          0          0          0        100   memseta.o
      1172         52          0          0          0        324   printf8.o
        16          6          0          0          0         68   putchar.o
        32          4          0          0          0         68   puts.o
         0          0          0          4          0          0   stdout.o
        62          0          0          0          0         72   uidiv_div0.o
        96          0          0          0          0         84   uldiv.o
       178          0          0          0          0        108   fadd.o
        28          0          0          0          0         60   fcmpgt.o
        28          0          0          0          0         60   fcmplt.o
       124          0          0          0          0         72   fdiv.o
       130          0          0          0          0        144   fepilogue.o
        50          0          0          0          0         60   ffixi.o
        14          0          0          0          0         68   ffltui.o
       122          0          0          0          0         72   fmul.o
        62          0          0          0          0         68   frnd.o
        88          0          0          0          0         72   fsqrt.o

    ----------------------------------------------------------------------
      2696         92          0          8          0       2040   Library Totals
         6          0          0          0          0          0   (incl. Padding)

    ----------------------------------------------------------------------

      Code (inc. data)   RO Data    RW Data    ZI Data      Debug   Library Name

       160          0          0          0          0        144   m_ps.l
      1706         92          0          8          0       1112   mc_p.l
       824          0          0          0          0        784   mf_p.l

    ----------------------------------------------------------------------
      2696         92          0          8          0       2040   Library Totals

    ----------------------------------------------------------------------

==============================================================================


      Code (inc. data)   RO Data    RW Data    ZI Data      Debug   

     13616       1000       1532        224       3296     195112   Grand Totals
     13616       1000       1532        224       3296     195112   ELF Image Totals
     13616       1000       1532        224          0          0   ROM Totals

==============================================================================

    Total RO  Size (Code + RO Data)                15148 (  14.79kB)
    Total RW  Size (RW Data + ZI Data)              3520 (   3.44kB)
    Total ROM Size (Code + RO Data + RW Data)      15372 (  15.01kB)

==============================================================================

