Component: Arm Compiler for Embedded 6.24 Tool: armlink [5f371500]

==============================================================================

Section Cross References

    startup_py32f030xx.o(RESET) refers to startup_py32f030xx.o(STACK) for __initial_sp
    startup_py32f030xx.o(RESET) refers to startup_py32f030xx.o(.text) for Reset_Handler
    startup_py32f030xx.o(RESET) refers to py32f0xx_it.o(.text.NMI_Handler) for NMI_Handler
    startup_py32f030xx.o(RESET) refers to py32f0xx_it.o(.text.HardFault_Handler) for HardFault_Handler
    startup_py32f030xx.o(RESET) refers to py32f0xx_it.o(.text.SVC_Handler) for SVC_Handler
    startup_py32f030xx.o(RESET) refers to py32f0xx_it.o(.text.PendSV_Handler) for PendSV_Handler
    startup_py32f030xx.o(RESET) refers to py32f0xx_it.o(.text.SysTick_Handler) for SysTick_Handler
    startup_py32f030xx.o(RESET) refers to bsp_zero.o(.text.EXTI4_15_IRQHandler) for EXTI4_15_IRQHandler
    startup_py32f030xx.o(RESET) refers to pwm.o(.text.TIM3_IRQHandler) for TIM3_IRQHandler
    startup_py32f030xx.o(RESET) refers to py32f0xx_it.o(.text.TIM14_IRQHandler) for TIM14_IRQHandler
    startup_py32f030xx.o(RESET) refers to bsp_uart.o(.text.USART1_IRQHandler) for USART1_IRQHandler
    startup_py32f030xx.o(.text) refers to system_py32f0xx.o(.text.SystemInit) for SystemInit
    startup_py32f030xx.o(.text) refers to entry.o(.ARM.Collect$$$$00000000) for __main
    system_py32f0xx.o(.text.SystemCoreClockUpdate) refers to system_py32f0xx.o(.rodata.HSIFreqTable) for HSIFreqTable
    system_py32f0xx.o(.text.SystemCoreClockUpdate) refers to system_py32f0xx.o(.data.SystemCoreClock) for SystemCoreClock
    system_py32f0xx.o(.text.SystemCoreClockUpdate) refers to system_py32f0xx.o(.rodata.AHBPrescTable) for AHBPrescTable
    system_py32f0xx.o(.ARM.exidx.text.SystemCoreClockUpdate) refers to system_py32f0xx.o(.text.SystemCoreClockUpdate) for [Anonymous Symbol]
    system_py32f0xx.o(.ARM.exidx.text.SystemInit) refers to system_py32f0xx.o(.text.SystemInit) for [Anonymous Symbol]
    system_py32f0xx.o(.text.$Sub$$main) refers to main.o(.text.main) for $Super$$main
    system_py32f0xx.o(.text.$Sub$$main) refers to system_py32f0xx.o(.ARM.__at_0x20000000) for VECT_SRAM_TAB
    system_py32f0xx.o(.ARM.exidx.text.$Sub$$main) refers to system_py32f0xx.o(.text.$Sub$$main) for [Anonymous Symbol]
    main.o(.text.app_rf_rx_callback) refers to main.o(.bss.g_rf_rx) for [Anonymous Symbol]
    main.o(.ARM.exidx.text.app_rf_rx_callback) refers to main.o(.text.app_rf_rx_callback) for [Anonymous Symbol]
    main.o(.text.main) refers to py32f0xx_hal.o(.text.HAL_Init) for HAL_Init
    main.o(.text.main) refers to memseta.o(.text) for __aeabi_memclr4
    main.o(.text.main) refers to py32f0xx_hal_rcc.o(.text.HAL_RCC_OscConfig) for HAL_RCC_OscConfig
    main.o(.text.main) refers to printf8.o(i.__0printf$8) for __2printf
    main.o(.text.main) refers to py32f0xx_hal_rcc.o(.text.HAL_RCC_ClockConfig) for HAL_RCC_ClockConfig
    main.o(.text.main) refers to pan211.o(.text.PAN211_Init) for PAN211_Init
    main.o(.text.main) refers to pan211.o(.text.PAN211_ClearIRQFlags) for PAN211_ClearIRQFlags
    main.o(.text.main) refers to bsp_uart.o(.text.bsp_uart_init) for bsp_uart_init
    main.o(.text.main) refers to config.o(.text.app_load_config) for app_load_config
    main.o(.text.main) refers to bsp_timer.o(.text.bsp_timer_init) for bsp_timer_init
    main.o(.text.main) refers to iwdg.o(.text.app_iwdg_init) for app_iwdg_init
    main.o(.text.main) refers to eventbus.o(.text.app_eventbus_init) for app_eventbus_init
    main.o(.text.main) refers to protocol.o(.text.app_protocol_init) for app_protocol_init
    main.o(.text.main) refers to device_manager.o(.text.app_jump_device) for app_jump_device
    main.o(.text.main) refers to pan211.o(.text.PAN211_RxStart) for PAN211_RxStart
    main.o(.text.main) refers to config.o(.text.app_get_reg) for app_get_reg
    main.o(.text.main) refers to pan211.o(.text.PAN211_SetChannel) for PAN211_SetChannel
    main.o(.text.main) refers to pan211.o(.text.PAN211_GetIRQFlags) for PAN211_GetIRQFlags
    main.o(.text.main) refers to bsp_timer.o(.text.bsp_timer_poll) for bsp_timer_poll
    main.o(.text.main) refers to eventbus.o(.text.app_eventbus_poll) for app_eventbus_poll
    main.o(.text.main) refers to tran_device.o(.text.rssi_is_enabled) for rssi_is_enabled
    main.o(.text.main) refers to tran_device.o(.text.rssi_update) for rssi_update
    main.o(.text.main) refers to pan211.o(.text.IRQDetected) for IRQDetected
    main.o(.text.main) refers to pan211.o(.text.PAN211_ReadFIFO) for PAN211_ReadFIFO
    main.o(.text.main) refers to puts.o(i.puts) for puts
    main.o(.text.main) refers to main.o(.rodata.str1.1) for [Anonymous Symbol]
    main.o(.text.main) refers to main.o(.bss.my_rf_rx) for [Anonymous Symbol]
    main.o(.text.main) refers to main.o(.bss.g_rf_rx) for [Anonymous Symbol]
    main.o(.ARM.exidx.text.main) refers to main.o(.text.main) for [Anonymous Symbol]
[...]
    __arm_cp.5_0                             0x08002d80   Number         4  bsp_uart.o(.text.USART1_IRQHandler)
    __arm_cp.5_1                             0x08002d84   Number         4  bsp_uart.o(.text.USART1_IRQHandler)
    __arm_cp.5_2                             0x08002d88   Number         4  bsp_uart.o(.text.USART1_IRQHandler)
    __arm_cp.5_3                             0x08002d8c   Number         4  bsp_uart.o(.text.USART1_IRQHandler)
    [Anonymous Symbol]                       0x08002d90   Section        0  adc.o(.text.app_adc_init)
    __arm_cp.0_0                             0x08002e40   Number         4  adc.o(.text.app_adc_init)
    __arm_cp.0_1                             0x08002e44   Number         4  adc.o(.text.app_adc_init)
    __arm_cp.0_2                             0x08002e48   Number         4  adc.o(.text.app_adc_init)
    __arm_cp.0_3                             0x08002e4c   Number         4  adc.o(.text.app_adc_init)
    __arm_cp.0_4                             0x08002e50   Number         4  adc.o(.text.app_adc_init)
    __arm_cp.0_5                             0x08002e54   Number         4  adc.o(.text.app_adc_init)
    [Anonymous Symbol]                       0x08002e58   Section        0  base.o(.text.app_calculate_average)
    app_creat_frame                          0x08002e81   Thumb Code    52  protocol.o(.text.app_creat_frame)
    [Anonymous Symbol]                       0x08002e80   Section        0  protocol.o(.text.app_creat_frame)
    app_delay_switch                         0x08002eb5   Thumb Code    14  protocol.o(.text.app_delay_switch)
    [Anonymous Symbol]                       0x08002eb4   Section        0  protocol.o(.text.app_delay_switch)
    [Anonymous Symbol]                       0x08002ec4   Section        0  eventbus.o(.text.app_eventbus_init)
    [Anonymous Symbol]                       0x08002ed8   Section        0  eventbus.o(.text.app_eventbus_poll)
    __arm_cp.3_1                             0x08002f2c   Number         4  eventbus.o(.text.app_eventbus_poll)
    [Anonymous Symbol]                       0x08002f30   Section        0  eventbus.o(.text.app_eventbus_publish)
    __arm_cp.2_0                             0x08002f5c   Number         4  eventbus.o(.text.app_eventbus_publish)
    __arm_cp.2_1                             0x08002f60   Number         4  eventbus.o(.text.app_eventbus_publish)
    __arm_cp.2_2                             0x08002f64   Number         4  eventbus.o(.text.app_eventbus_publish)
    [Anonymous Symbol]                       0x08002f68   Section        0  eventbus.o(.text.app_eventbus_subscribe)
    __arm_cp.1_0                             0x08002f80   Number         4  eventbus.o(.text.app_eventbus_subscribe)
    __arm_cp.1_1                             0x08002f84   Number         4  eventbus.o(.text.app_eventbus_subscribe)
    [Anonymous Symbol]                       0x08002f88   Section        0  adc.o(.text.app_get_adc_value)
    __arm_cp.1_0                             0x08002fb8   Number         4  adc.o(.text.app_get_adc_value)
    __arm_cp.1_1                             0x08002fbc   Number         4  adc.o(.text.app_get_adc_value)
    __arm_cp.1_2                             0x08002fc0   Number         4  adc.o(.text.app_get_adc_value)
    __arm_cp.1_3                             0x08002fc4   Number         4  adc.o(.text.app_get_adc_value)
    __arm_cp.1_5                             0x08002fc8   Number         4  adc.o(.text.app_get_adc_value)
    [Anonymous Symbol]                       0x08002fcc   Section        0  protocol.o(.text.app_get_crc)
    __arm_cp.10_0                            0x08003010   Number         4  protocol.o(.text.app_get_crc)
    __arm_cp.10_1                            0x08003014   Number         4  protocol.o(.text.app_get_crc)
    [Anonymous Symbol]                       0x08003018   Section        0  gpio.o(.text.app_get_gpio_name)
    __arm_cp.0_2                             0x080031a4   Number         4  gpio.o(.text.app_get_gpio_name)
    __arm_cp.0_14                            0x080031d4   Number         4  gpio.o(.text.app_get_gpio_name)
    __arm_cp.0_15                            0x080031d8   Number         4  gpio.o(.text.app_get_gpio_name)
    __arm_cp.0_16                            0x080031dc   Number         4  gpio.o(.text.app_get_gpio_name)
    [Anonymous Symbol]                       0x08003230   Section        0  config.o(.text.app_get_panel_cfg)
    __arm_cp.1_0                             0x08003234   Number         4  config.o(.text.app_get_panel_cfg)
    [Anonymous Symbol]                       0x08003238   Section        0  config.o(.text.app_get_reg)
    [Anonymous Symbol]                       0x0800323c   Section        0  base.o(.text.app_get_uid)
    [Anonymous Symbol]                       0x0800327c   Section        0  gpio.o(.text.app_gpio_equal)
    [Anonymous Symbol]                       0x08003288   Section        0  iwdg.o(.text.app_iwdg_init)
    __arm_cp.0_0                             0x080032bc   Number         4  iwdg.o(.text.app_iwdg_init)
    __arm_cp.0_1                             0x080032c0   Number         4  iwdg.o(.text.app_iwdg_init)
    __arm_cp.0_4                             0x080032e4   Number         4  iwdg.o(.text.app_iwdg_init)
    [Anonymous Symbol]                       0x080032e8   Section        0  device_manager.o(.text.app_jump_device)
    [Anonymous Symbol]                       0x080032f0   Section        0  config.o(.text.app_load_config)
    __arm_cp.0_0                             0x080035cc   Number         4  config.o(.text.app_load_config)
    __arm_cp.0_1                             0x080035d0   Number         4  config.o(.text.app_load_config)
    __arm_cp.0_2                             0x080035d4   Number         4  config.o(.text.app_load_config)
    __arm_cp.0_3                             0x080035d8   Number         4  config.o(.text.app_load_config)
    __arm_cp.0_4                             0x080035dc   Number         4  config.o(.text.app_load_config)
    __arm_cp.0_5                             0x080035e0   Number         4  config.o(.text.app_load_config)
    __arm_cp.0_7                             0x080035f0   Number         4  config.o(.text.app_load_config)
    __arm_cp.0_8                             0x080035f4   Number         4  config.o(.text.app_load_config)
    __arm_cp.0_12                            0x08003614   Number         4  config.o(.text.app_load_config)
    __arm_cp.0_13                            0x08003618   Number         4  config.o(.text.app_load_config)
    __arm_cp.0_24                            0x080036a8   Number         4  config.o(.text.app_load_config)
    __arm_cp.0_25                            0x080036ac   Number         4  config.o(.text.app_load_config)
    __arm_cp.0_26                            0x080036b0   Number         4  config.o(.text.app_load_config)
    __arm_cp.0_27                            0x080036b4   Number         4  config.o(.text.app_load_config)
    __arm_cp.0_28                            0x080036b8   Number         4  config.o(.text.app_load_config)
    __arm_cp.0_29                            0x080036bc   Number         4  config.o(.text.app_load_config)
    __arm_cp.0_30                            0x080036c0   Number         4  config.o(.text.app_load_config)
    [Anonymous Symbol]                       0x080036c4   Section        0  protocol.o(.text.app_proto_check)
    [Anonymous Symbol]                       0x080036c8   Section        0  protocol.o(.text.app_protocol_init)
    __arm_cp.0_0                             0x080036e0   Number         4  protocol.o(.text.app_protocol_init)
    __arm_cp.0_1                             0x080036e4   Number         4  protocol.o(.text.app_protocol_init)
    __arm_cp.0_2                             0x080036e8   Number         4  protocol.o(.text.app_protocol_init)
    [Anonymous Symbol]                       0x080036ec   Section        0  pwm.o(.text.app_pwm_add_pin)
    __arm_cp.1_1                             0x0800378c   Number         4  pwm.o(.text.app_pwm_add_pin)
    __arm_cp.1_2                             0x08003790   Number         4  pwm.o(.text.app_pwm_add_pin)
    [Anonymous Symbol]                       0x08003794   Section        0  pwm.o(.text.app_pwm_init)
    __arm_cp.0_0                             0x080037e8   Number         4  pwm.o(.text.app_pwm_init)
    __arm_cp.0_1                             0x080037ec   Number         4  pwm.o(.text.app_pwm_init)
    __arm_cp.0_2                             0x080037f0   Number         4  pwm.o(.text.app_pwm_init)
    __arm_cp.0_3                             0x080037f4   Number         4  pwm.o(.text.app_pwm_init)
    [Anonymous Symbol]                       0x080037f8   Section        0  main.o(.text.app_rf_rx_callback)
    __arm_cp.0_0                             0x08003800   Number         4  main.o(.text.app_rf_rx_callback)
    [Anonymous Symbol]                       0x08003804   Section        0  protocol.o(.text.app_rf_rx_check)
    __arm_cp.2_23                            0x08003894   Number         4  protocol.o(.text.app_rf_rx_check)
    __arm_cp.2_0                             0x08003b9c   Number         4  protocol.o(.text.app_rf_rx_check)
    __arm_cp.2_1                             0x08003ba0   Number         4  protocol.o(.text.app_rf_rx_check)
    __arm_cp.2_2                             0x08003ba4   Number         4  protocol.o(.text.app_rf_rx_check)
    __arm_cp.2_3                             0x08003ba8   Number         4  protocol.o(.text.app_rf_rx_check)
    __arm_cp.2_4                             0x08003bac   Number         4  protocol.o(.text.app_rf_rx_check)
    __arm_cp.2_6                             0x08003bb8   Number         4  protocol.o(.text.app_rf_rx_check)
    __arm_cp.2_8                             0x08003bd4   Number         4  protocol.o(.text.app_rf_rx_check)
    __arm_cp.2_10                            0x08003bf0   Number         4  protocol.o(.text.app_rf_rx_check)
    __arm_cp.2_11                            0x08003bf4   Number         4  protocol.o(.text.app_rf_rx_check)
    __arm_cp.2_13                            0x08003c00   Number         4  protocol.o(.text.app_rf_rx_check)
    __arm_cp.2_14                            0x08003c04   Number         4  protocol.o(.text.app_rf_rx_check)
    __arm_cp.2_21                            0x08003c64   Number         4  protocol.o(.text.app_rf_rx_check)
    [Anonymous Symbol]                       0x08003c68   Section        0  protocol.o(.text.app_rf_tx)
    app_save_reg                             0x08003c7d   Thumb Code   180  protocol.o(.text.app_save_reg)
    [Anonymous Symbol]                       0x08003c7c   Section        0  protocol.o(.text.app_save_reg)
    __arm_cp.4_0                             0x08003d30   Number         4  protocol.o(.text.app_save_reg)
    __arm_cp.4_1                             0x08003d34   Number         4  protocol.o(.text.app_save_reg)
    __arm_cp.4_2                             0x08003d38   Number         4  protocol.o(.text.app_save_reg)
    __arm_cp.4_3                             0x08003d3c   Number         4  protocol.o(.text.app_save_reg)
    app_save_reg.reg_to_arr                  0x08003d40   Number         0  protocol.o(.text.app_save_reg)
    __arm_cp.4_6                             0x08003d60   Number         4  protocol.o(.text.app_save_reg)
    __arm_cp.4_7                             0x08003d64   Number         4  protocol.o(.text.app_save_reg)
    [Anonymous Symbol]                       0x08003d7c   Section        0  protocol.o(.text.app_send_cmd)
    __arm_cp.8_0                             0x08003e6c   Number         4  protocol.o(.text.app_send_cmd)
    __arm_cp.8_1                             0x08003e70   Number         4  protocol.o(.text.app_send_cmd)
    [Anonymous Symbol]                       0x08003e74   Section        0  pwm.o(.text.app_set_pwm_fade)
    __arm_cp.3_0                             0x08003f3c   Number         4  pwm.o(.text.app_set_pwm_fade)
    __arm_cp.3_2                             0x08003f40   Number         4  pwm.o(.text.app_set_pwm_fade)
    [Anonymous Symbol]                       0x08003f44   Section        0  base.o(.text.app_uint32_to_uint8)
    [Anonymous Symbol]                       0x08003f9e   Section        0  base.o(.text.app_uint8_to_uint32)
    [Anonymous Symbol]                       0x08004018   Section        0  bsp_uart.o(.text.app_usart1_rx_callback)
    __arm_cp.0_0                             0x08004020   Number         4  bsp_uart.o(.text.app_usart1_rx_callback)
    [Anonymous Symbol]                       0x08004024   Section        0  bsp_flash.o(.text.bsp_flash_erase)
    [Anonymous Symbol]                       0x0800404c   Section        0  bsp_flash.o(.text.bsp_flash_read)
    [Anonymous Symbol]                       0x08004070   Section        0  bsp_flash.o(.text.bsp_flash_write)
    [Anonymous Symbol]                       0x080040d0   Section        0  bsp_pcb.o(.text.bsp_panel_init)
    __arm_cp.0_1                             0x08004168   Number         4  bsp_pcb.o(.text.bsp_panel_init)
    [Anonymous Symbol]                       0x0800416c   Section        0  bsp_timer.o(.text.bsp_start_timer)
    [Anonymous Symbol]                       0x08004198   Section        0  bsp_timer.o(.text.bsp_stop_timer)
    [Anonymous Symbol]                       0x080041bc   Section        0  bsp_timer.o(.text.bsp_timer_init)
    __arm_cp.0_1                             0x08004240   Number         4  bsp_timer.o(.text.bsp_timer_init)
    __arm_cp.0_2                             0x08004244   Number         4  bsp_timer.o(.text.bsp_timer_init)
    __arm_cp.0_3                             0x08004248   Number         4  bsp_timer.o(.text.bsp_timer_init)
    __arm_cp.0_5                             0x0800424c   Number         4  bsp_timer.o(.text.bsp_timer_init)
    __arm_cp.0_6                             0x08004250   Number         4  bsp_timer.o(.text.bsp_timer_init)
    [Anonymous Symbol]                       0x08004254   Section        0  bsp_timer.o(.text.bsp_timer_poll)
    __arm_cp.5_0                             0x0800427c   Number         4  bsp_timer.o(.text.bsp_timer_poll)
    __arm_cp.5_1                             0x08004280   Number         4  bsp_timer.o(.text.bsp_timer_poll)
    [Anonymous Symbol]                       0x08004284   Section        0  bsp_uart.o(.text.bsp_uart1_send_buf)
    __arm_cp.4_1                             0x080042a0   Number         4  bsp_uart.o(.text.bsp_uart1_send_buf)
    [Anonymous Symbol]                       0x080042a4   Section        0  bsp_uart.o(.text.bsp_uart_init)
    __arm_cp.1_0                             0x080043d8   Number         4  bsp_uart.o(.text.bsp_uart_init)
    __arm_cp.1_1                             0x080043dc   Number         4  bsp_uart.o(.text.bsp_uart_init)
    __arm_cp.1_2                             0x080043e0   Number         4  bsp_uart.o(.text.bsp_uart_init)
    __arm_cp.1_3                             0x080043e4   Number         4  bsp_uart.o(.text.bsp_uart_init)
    __arm_cp.1_5                             0x080043e8   Number         4  bsp_uart.o(.text.bsp_uart_init)
    delay_find_ack                           0x080043ed   Thumb Code   100  protocol.o(.text.delay_find_ack)
    [Anonymous Symbol]                       0x080043ec   Section        0  protocol.o(.text.delay_find_ack)
    __arm_cp.7_0                             0x08004450   Number         4  protocol.o(.text.delay_find_ack)
    __arm_cp.7_1                             0x08004454   Number         4  protocol.o(.text.delay_find_ack)
    [Anonymous Symbol]                       0x08004458   Section        0  bsp_uart.o(.text.fputc)
    __arm_cp.6_0                             0x08004474   Number         4  bsp_uart.o(.text.fputc)
    __arm_cp.6_1                             0x08004478   Number         4  bsp_uart.o(.text.fputc)
    iwdg_feed_dog                            0x0800447d   Thumb Code    12  iwdg.o(.text.iwdg_feed_dog)
    [Anonymous Symbol]                       0x0800447c   Section        0  iwdg.o(.text.iwdg_feed_dog)
    __arm_cp.1_0                             0x08004488   Number         4  iwdg.o(.text.iwdg_feed_dog)
    [Anonymous Symbol]                       0x0800448c   Section        0  main.o(.text.main)
    __arm_cp.1_0                             0x080045a4   Number         4  main.o(.text.main)
    __arm_cp.1_1                             0x080045a8   Number         4  main.o(.text.main)
    __arm_cp.1_2                             0x080045ac   Number         4  main.o(.text.main)
    __arm_cp.1_3                             0x080045b0   Number         4  main.o(.text.main)
    __arm_cp.1_4                             0x080045b4   Number         4  main.o(.text.main)
    __arm_cp.1_5                             0x080045b8   Number         4  main.o(.text.main)
    [Anonymous Symbol]                       0x080045cc   Section        0  panel.o(.text.panel_device_init)
    __arm_cp.0_0                             0x08004618   Number         4  panel.o(.text.panel_device_init)
    __arm_cp.0_1                             0x0800461c   Number         4  panel.o(.text.panel_device_init)
    __arm_cp.0_2                             0x08004620   Number         4  panel.o(.text.panel_device_init)
    panel_event_handler                      0x08004625   Thumb Code  2100  panel.o(.text.panel_event_handler)
    [Anonymous Symbol]                       0x08004624   Section        0  panel.o(.text.panel_event_handler)
    __arm_cp.3_1                             0x08004e58   Number         4  panel.o(.text.panel_event_handler)
    __arm_cp.3_6                             0x08004e5c   Number         4  panel.o(.text.panel_event_handler)
    panel_proce_cmd                          0x08004e61   Thumb Code   252  panel.o(.text.panel_proce_cmd)
    [Anonymous Symbol]                       0x08004e60   Section        0  panel.o(.text.panel_proce_cmd)
    __arm_cp.2_0                             0x08004f5c   Number         4  panel.o(.text.panel_proce_cmd)
    __arm_cp.2_1                             0x08004f60   Number         4  panel.o(.text.panel_proce_cmd)
    __arm_cp.2_2                             0x08004f64   Number         4  panel.o(.text.panel_proce_cmd)
    __arm_cp.2_3                             0x08004f68   Number         4  panel.o(.text.panel_proce_cmd)
    __arm_cp.2_4                             0x08004f6c   Number         4  panel.o(.text.panel_proce_cmd)
    panel_read_adc                           0x08004f71   Thumb Code   220  panel.o(.text.panel_read_adc)
    [Anonymous Symbol]                       0x08004f70   Section        0  panel.o(.text.panel_read_adc)
    __arm_cp.1_0                             0x0800504c   Number         4  panel.o(.text.panel_read_adc)
    __arm_cp.1_1                             0x08005050   Number         4  panel.o(.text.panel_read_adc)
    __arm_cp.1_2                             0x08005054   Number         4  panel.o(.text.panel_read_adc)
    __arm_cp.1_3                             0x08005058   Number         4  panel.o(.text.panel_read_adc)
    __arm_cp.1_4                             0x0800505c   Number         4  panel.o(.text.panel_read_adc)
    __arm_cp.1_5                             0x08005060   Number         4  panel.o(.text.panel_read_adc)
    protocol_event_handler                   0x08005065   Thumb Code   144  protocol.o(.text.protocol_event_handler)
    [Anonymous Symbol]                       0x08005064   Section        0  protocol.o(.text.protocol_event_handler)
    __arm_cp.3_0                             0x080050f4   Number         4  protocol.o(.text.protocol_event_handler)
    __arm_cp.3_1                             0x080050f8   Number         4  protocol.o(.text.protocol_event_handler)
    __arm_cp.3_3                             0x0800510c   Number         4  protocol.o(.text.protocol_event_handler)
    __arm_cp.3_4                             0x08005110   Number         4  protocol.o(.text.protocol_event_handler)
    [Anonymous Symbol]                       0x08005114   Section        0  tran_device.o(.text.rssi_is_enabled)
    [Anonymous Symbol]                       0x0800511c   Section        0  tran_device.o(.text.rssi_update)
    __arm_cp.4_0                             0x0800520c   Number         4  tran_device.o(.text.rssi_update)
    __arm_cp.4_1                             0x08005210   Number         4  tran_device.o(.text.rssi_update)
    __arm_cp.4_2                             0x08005214   Number         4  tran_device.o(.text.rssi_update)
    __arm_cp.4_3                             0x08005218   Number         4  tran_device.o(.text.rssi_update)
    __arm_cp.4_4                             0x0800521c   Number         4  tran_device.o(.text.rssi_update)
    __arm_cp.4_5                             0x08005220   Number         4  tran_device.o(.text.rssi_update)
    i.__0printf$8                            0x08005228   Section        0  printf8.o(i.__0printf$8)
    i.__scatterload_copy                     0x08005248   Section       14  handlers.o(i.__scatterload_copy)
    i.__scatterload_null                     0x08005256   Section        2  handlers.o(i.__scatterload_null)
    i.__scatterload_zeroinit                 0x08005258   Section       14  handlers.o(i.__scatterload_zeroinit)
    _printf_core                             0x08005269   Thumb Code  1020  printf8.o(i._printf_core)
    i._printf_core                           0x08005268   Section        0  printf8.o(i._printf_core)
    _printf_post_padding                     0x08005691   Thumb Code    32  printf8.o(i._printf_post_padding)
    i._printf_post_padding                   0x08005690   Section        0  printf8.o(i._printf_post_padding)
    _printf_pre_padding                      0x080056b1   Thumb Code    44  printf8.o(i._printf_pre_padding)
    i._printf_pre_padding                    0x080056b0   Section        0  printf8.o(i._printf_pre_padding)
    i.putchar                                0x080056dc   Section        0  putchar.o(i.putchar)
    i.puts                                   0x080056ec   Section        0  puts.o(i.puts)
    [Anonymous Symbol]                       0x0800570c   Section        0  py32f0xx_hal_rcc.o(.rodata..L__const.HAL_RCC_GetSysClockFreq.hsiValue)
    [Anonymous Symbol]                       0x08005720   Section        0  config.o(.rodata..L__const.app_load_panel_6key.LED_W_GPIO_MAP)
    DEF_PANEL_CONFIG                         0x080057b0   Data          38  config.o(.rodata.DEF_PANEL_CONFIG)
    [Anonymous Symbol]                       0x080057b0   Section        0  config.o(.rodata.DEF_PANEL_CONFIG)
    fade_table                               0x08005818   Data        1002  pwm.o(.rodata.fade_table)
    [Anonymous Symbol]                       0x08005818   Section        0  pwm.o(.rodata.fade_table)
    [Anonymous Symbol]                       0x08005c02   Section        0  main.o(.rodata.str1.1)
    [Anonymous Symbol]                       0x08005c27   Section        0  adc.o(.rodata.str1.1)
    [Anonymous Symbol]                       0x08005c34   Section        0  config.o(.rodata.str1.1)
    [Anonymous Symbol]                       0x08005c71   Section        0  protocol.o(.rodata.str1.1)
    [Anonymous Symbol]                       0x08005ce0   Section        0  bsp_timer.o(.rodata.str1.1)
    .data                                    0x200000c0   Section        4  stdout.o(.data)
    local_max_rssi                           0x200000c8   Data           4  tran_device.o(.data.local_max_rssi)
    [Anonymous Symbol]                       0x200000c8   Section        0  tran_device.o(.data.local_max_rssi)
    my_panel_status                          0x200000cc   Data         120  panel.o(.data.my_panel_status)
    [Anonymous Symbol]                       0x200000cc   Section        0  panel.o(.data.my_panel_status)
    HdmaCh1                                  0x20000190   Data          68  py32f0xx_hal_msp.o(.bss.HdmaCh1)
    [Anonymous Symbol]                       0x20000190   Section        0  py32f0xx_hal_msp.o(.bss.HdmaCh1)
    IwdgHandle                               0x200001d4   Data          12  iwdg.o(.bss.IwdgHandle)
    [Anonymous Symbol]                       0x200001d4   Section        0  iwdg.o(.bss.IwdgHandle)
    TIM3_IRQHandler.fade_timer               0x200001e0   Data           2  pwm.o(.bss.TIM3_IRQHandler.fade_timer)
    [Anonymous Symbol]                       0x200001e0   Section        0  pwm.o(.bss.TIM3_IRQHandler.fade_timer)
    TIM3_IRQHandler.pwm_acc                  0x200001e4   Data          32  pwm.o(.bss.TIM3_IRQHandler.pwm_acc)
    [Anonymous Symbol]                       0x200001e4   Section        0  pwm.o(.bss.TIM3_IRQHandler.pwm_acc)
    TIM3_IRQHandler.pwm_counter              0x20000204   Data           2  pwm.o(.bss.TIM3_IRQHandler.pwm_counter)
    [Anonymous Symbol]                       0x20000204   Section        0  pwm.o(.bss.TIM3_IRQHandler.pwm_counter)
    active_channel_count                     0x20000248   Data           1  pwm.o(.bss.active_channel_count)
    [Anonymous Symbol]                       0x20000248   Section        0  pwm.o(.bss.active_channel_count)
    app_load_config.new_data                 0x2000024c   Data          38  config.o(.bss.app_load_config.new_data)
    [Anonymous Symbol]                       0x2000024c   Section        0  config.o(.bss.app_load_config.new_data)
    app_load_config.read_data                0x20000274   Data          36  config.o(.bss.app_load_config.read_data)
    [Anonymous Symbol]                       0x20000274   Section        0  config.o(.bss.app_load_config.read_data)
    app_rf_rx_check.rf_frame                 0x20000298   Data          65  protocol.o(.bss.app_rf_rx_check.rf_frame)
    [Anonymous Symbol]                       0x20000298   Section        0  protocol.o(.bss.app_rf_rx_check.rf_frame)
    app_rf_rx_check.temp_panel_frame         0x200002dc   Data          33  protocol.o(.bss.app_rf_rx_check.temp_panel_frame)
    [Anonymous Symbol]                       0x200002dc   Section        0  protocol.o(.bss.app_rf_rx_check.temp_panel_frame)
    app_rf_rx_check.temp_panel_frame.11      0x200002fe   Data          33  protocol.o(.bss.app_rf_rx_check.temp_panel_frame.11)
    [Anonymous Symbol]                       0x200002fe   Section        0  protocol.o(.bss.app_rf_rx_check.temp_panel_frame.11)
    app_save_cfg.temp_cfg                    0x20000320   Data          36  protocol.o(.bss.app_save_cfg.temp_cfg)
    [Anonymous Symbol]                       0x20000320   Section        0  protocol.o(.bss.app_save_cfg.temp_cfg)
    app_save_reg.new_reg                     0x20000344   Data           6  protocol.o(.bss.app_save_reg.new_reg)
    [Anonymous Symbol]                       0x20000344   Section        0  protocol.o(.bss.app_save_reg.new_reg)
    app_save_reg.old_reg                     0x2000034a   Data           6  protocol.o(.bss.app_save_reg.old_reg)
    [Anonymous Symbol]                       0x2000034a   Section        0  protocol.o(.bss.app_save_reg.old_reg)
    app_save_reg.temp_reg                    0x20000350   Data           8  protocol.o(.bss.app_save_reg.temp_reg)
    [Anonymous Symbol]                       0x20000350   Section        0  protocol.o(.bss.app_save_reg.temp_reg)
    app_send_cmd.rf_frame                    0x20000358   Data          65  protocol.o(.bss.app_send_cmd.rf_frame)
    [Anonymous Symbol]                       0x20000358   Section        0  protocol.o(.bss.app_send_cmd.rf_frame)
    app_send_cmd.send_frame                  0x2000039c   Data          33  protocol.o(.bss.app_send_cmd.send_frame)
    [Anonymous Symbol]                       0x2000039c   Section        0  protocol.o(.bss.app_send_cmd.send_frame)
    delay_find_ack.temp_frame                0x200003c0   Data          65  protocol.o(.bss.delay_find_ack.temp_frame)
    [Anonymous Symbol]                       0x200003c0   Section        0  protocol.o(.bss.delay_find_ack.temp_frame)
    eventHandlers                            0x20000404   Data          32  eventbus.o(.bss.eventHandlers)
    [Anonymous Symbol]                       0x20000404   Section        0  eventbus.o(.bss.eventHandlers)
    eventQueue                               0x20000424   Data         128  eventbus.o(.bss.eventQueue)
    [Anonymous Symbol]                       0x20000424   Section        0  eventbus.o(.bss.eventQueue)
    g_i_run_time                             0x200004a8   Data           4  bsp_timer.o(.bss.g_i_run_time)
    [Anonymous Symbol]                       0x200004a8   Section        0  bsp_timer.o(.bss.g_i_run_time)
    g_rf_rx                                  0x200004ac   Data           4  main.o(.bss.g_rf_rx)
    [Anonymous Symbol]                       0x200004ac   Section        0  main.o(.bss.g_rf_rx)
    g_uc_enable_systick_isr                  0x200004b0   Data           1  bsp_timer.o(.bss.g_uc_enable_systick_isr)
    [Anonymous Symbol]                       0x200004b0   Section        0  bsp_timer.o(.bss.g_uc_enable_systick_isr)
    handlerCount                             0x200004b1   Data           1  eventbus.o(.bss.handlerCount)
    [Anonymous Symbol]                       0x200004b1   Section        0  eventbus.o(.bss.handlerCount)
    my_adc_value                             0x200004b2   Data          24  panel.o(.bss.my_adc_value)
    [Anonymous Symbol]                       0x200004b2   Section        0  panel.o(.bss.my_adc_value)
    my_common_panel.0                        0x200004ca   Data           1  panel.o(.bss.my_common_panel.0)
    [Anonymous Symbol]                       0x200004ca   Section        0  panel.o(.bss.my_common_panel.0)
    my_common_panel.1                        0x200004cc   Data           2  panel.o(.bss.my_common_panel.1)
    [Anonymous Symbol]                       0x200004cc   Section        0  panel.o(.bss.my_common_panel.1)
    my_common_panel.3                        0x200004ce   Data           1  panel.o(.bss.my_common_panel.3)
    [Anonymous Symbol]                       0x200004ce   Section        0  panel.o(.bss.my_common_panel.3)
    my_common_panel.5                        0x200004d0   Data           2  panel.o(.bss.my_common_panel.5)
    [Anonymous Symbol]                       0x200004d0   Section        0  panel.o(.bss.my_common_panel.5)
    my_panel_cfg                             0x20000544   Data         336  config.o(.bss.my_panel_cfg)
    [Anonymous Symbol]                       0x20000544   Section        0  config.o(.bss.my_panel_cfg)
    my_reg                                   0x20000694   Data          20  config.o(.bss.my_reg)
    [Anonymous Symbol]                       0x20000694   Section        0  config.o(.bss.my_reg)
    my_rf_rx                                 0x200006a8   Data          65  main.o(.bss.my_rf_rx)
    [Anonymous Symbol]                       0x200006a8   Section        0  main.o(.bss.my_rf_rx)
    my_uid                                   0x200006e9   Data          12  config.o(.bss.my_uid)
    [Anonymous Symbol]                       0x200006e9   Section        0  config.o(.bss.my_uid)
    protocol_event_handler.rf_Request        0x20000710   Data          65  protocol.o(.bss.protocol_event_handler.rf_Request)
    [Anonymous Symbol]                       0x20000710   Section        0  protocol.o(.bss.protocol_event_handler.rf_Request)
    pwm_channels                             0x20000754   Data         192  pwm.o(.bss.pwm_channels)
    [Anonymous Symbol]                       0x20000754   Section        0  pwm.o(.bss.pwm_channels)
    pwm_initialized                          0x20000814   Data           1  pwm.o(.bss.pwm_initialized)
    [Anonymous Symbol]                       0x20000814   Section        0  pwm.o(.bss.pwm_initialized)
    queueHead                                0x20000815   Data           1  eventbus.o(.bss.queueHead)
    [Anonymous Symbol]                       0x20000815   Section        0  eventbus.o(.bss.queueHead)
    queueSize                                0x20000816   Data           1  eventbus.o(.bss.queueSize)
    [Anonymous Symbol]                       0x20000816   Section        0  eventbus.o(.bss.queueSize)
    queueTail                                0x20000817   Data           1  eventbus.o(.bss.queueTail)
    [Anonymous Symbol]                       0x20000817   Section        0  eventbus.o(.bss.queueTail)
    rssi_enabled                             0x20000818   Data           1  tran_device.o(.bss.rssi_enabled)
    [Anonymous Symbol]                       0x20000818   Section        0  tran_device.o(.bss.rssi_enabled)
    rssi_update.rssi_frame                   0x20000819   Data           7  tran_device.o(.bss.rssi_update.rssi_frame)
    [Anonymous Symbol]                       0x20000819   Section        0  tran_device.o(.bss.rssi_update.rssi_frame)
    rx1_callback                             0x20000820   Data           4  bsp_uart.o(.bss.rx1_callback)
    [Anonymous Symbol]                       0x20000820   Section        0  bsp_uart.o(.bss.rx1_callback)
    s_t_tmr                                  0x20000870   Data         128  bsp_timer.o(.bss.s_t_tmr)
    [Anonymous Symbol]                       0x20000870   Section        0  bsp_timer.o(.bss.s_t_tmr)
    s_tmr_active                             0x200008f0   Data           8  bsp_timer.o(.bss.s_tmr_active)
    [Anonymous Symbol]                       0x200008f0   Section        0  bsp_timer.o(.bss.s_tmr_active)
    sample_count                             0x200008f8   Data           4  tran_device.o(.bss.sample_count)
    [Anonymous Symbol]                       0x200008f8   Section        0  tran_device.o(.bss.sample_count)
    uart1_buf                                0x200008fc   Data         256  bsp_uart.o(.bss.uart1_buf)
    [Anonymous Symbol]                       0x200008fc   Section        0  bsp_uart.o(.bss.uart1_buf)
    STACK                                    0x20000a98   Section     1024  startup_py32f030xx.o(STACK)

    Global Symbols

    Symbol Name                              Value     Ov Type        Size  Object(Section)

    BuildAttributes$$THM_ISAv3M$S$PE$A:L22$X:L11$S22$IEEE1$IW$~IW$USESV6$~STKCKD$USESV7$~SHL$OTIME$ROPI$IEEEJ$EBA8$MICROLIB$REQ8$PRES8$EABIv2 0x00000000   Number         0  anon$$obj.o ABSOLUTE
    _printf_a                                0x00000000   Number         0  printfstubs.o ABSOLUTE
    _printf_c                                0x00000000   Number         0  printfstubs.o ABSOLUTE
    _printf_charcount                        0x00000000   Number         0  printfstubs.o ABSOLUTE
    _printf_d                                0x00000000   Number         0  printfstubs.o ABSOLUTE
    _printf_e                                0x00000000   Number         0  printfstubs.o ABSOLUTE
    _printf_f                                0x00000000   Number         0  printfstubs.o ABSOLUTE
    _printf_flags                            0x00000000   Number         0  printfstubs.o ABSOLUTE
    _printf_fp_dec                           0x00000000   Number         0  printfstubs.o ABSOLUTE
    _printf_fp_hex                           0x00000000   Number         0  printfstubs.o ABSOLUTE
    _printf_g                                0x00000000   Number         0  printfstubs.o ABSOLUTE
    _printf_i                                0x00000000   Number         0  printfstubs.o ABSOLUTE
    _printf_int_dec                          0x00000000   Number         0  printfstubs.o ABSOLUTE
    _printf_l                                0x00000000   Number         0  printfstubs.o ABSOLUTE
    _printf_lc                               0x00000000   Number         0  printfstubs.o ABSOLUTE
    _printf_ll                               0x00000000   Number         0  printfstubs.o ABSOLUTE
    _printf_lld                              0x00000000   Number         0  printfstubs.o ABSOLUTE
    _printf_lli                              0x00000000   Number         0  printfstubs.o ABSOLUTE
    _printf_llo                              0x00000000   Number         0  printfstubs.o ABSOLUTE
    _printf_llu                              0x00000000   Number         0  printfstubs.o ABSOLUTE
    _printf_llx                              0x00000000   Number         0  printfstubs.o ABSOLUTE
    _printf_longlong_dec                     0x00000000   Number         0  printfstubs.o ABSOLUTE
    _printf_longlong_hex                     0x00000000   Number         0  printfstubs.o ABSOLUTE
    _printf_longlong_oct                     0x00000000   Number         0  printfstubs.o ABSOLUTE
    _printf_ls                               0x00000000   Number         0  printfstubs.o ABSOLUTE
    _printf_mbtowc                           0x00000000   Number         0  printfstubs.o ABSOLUTE
    _printf_n                                0x00000000   Number         0  printfstubs.o ABSOLUTE
    _printf_o                                0x00000000   Number         0  printfstubs.o ABSOLUTE
    _printf_p                                0x00000000   Number         0  printfstubs.o ABSOLUTE
    _printf_percent                          0x00000000   Number         0  printfstubs.o ABSOLUTE
    _printf_pre_padding                      0x00000000   Number         0  printfstubs.o ABSOLUTE
    _printf_return_value                     0x00000000   Number         0  printfstubs.o ABSOLUTE
    _printf_s                                0x00000000   Number         0  printfstubs.o ABSOLUTE
    _printf_sizespec                         0x00000000   Number         0  printfstubs.o ABSOLUTE
    _printf_str                              0x00000000   Number         0  printfstubs.o ABSOLUTE
    _printf_truncate_signed                  0x00000000   Number         0  printfstubs.o ABSOLUTE
    _printf_truncate_unsigned                0x00000000   Number         0  printfstubs.o ABSOLUTE
    _printf_u                                0x00000000   Number         0  printfstubs.o ABSOLUTE
    _printf_wc                               0x00000000   Number         0  printfstubs.o ABSOLUTE
    _printf_wctomb                           0x00000000   Number         0  printfstubs.o ABSOLUTE
    _printf_widthprec                        0x00000000   Number         0  printfstubs.o ABSOLUTE
    _printf_x                                0x00000000   Number         0  printfstubs.o ABSOLUTE
    __cpp_initialize__aeabi_                  - Undefined Weak Reference
    __cxa_finalize                            - Undefined Weak Reference
    _clock_init                               - Undefined Weak Reference
    _microlib_exit                            - Undefined Weak Reference
    __Vectors_Size                           0x000000c0   Number         0  startup_py32f030xx.o ABSOLUTE
    __Vectors                                0x08000000   Data           4  startup_py32f030xx.o(RESET)
    __Vectors_End                            0x080000c0   Data           0  startup_py32f030xx.o(RESET)
    __main                                   0x080000c1   Thumb Code     0  entry.o(.ARM.Collect$$$$00000000)
    _main_stk                                0x080000c1   Thumb Code     0  entry2.o(.ARM.Collect$$$$00000001)
    _main_scatterload                        0x080000c5   Thumb Code     0  entry5.o(.ARM.Collect$$$$00000004)
    __main_after_scatterload                 0x080000c9   Thumb Code     0  entry5.o(.ARM.Collect$$$$00000004)
    _main_clock                              0x080000c9   Thumb Code     0  entry7b.o(.ARM.Collect$$$$00000008)
    _main_cpp_init                           0x080000c9   Thumb Code     0  entry8b.o(.ARM.Collect$$$$0000000A)
    _main_init                               0x080000c9   Thumb Code     0  entry9a.o(.ARM.Collect$$$$0000000B)
    __rt_final_cpp                           0x080000d1   Thumb Code     0  entry10a.o(.ARM.Collect$$$$0000000D)
    __rt_final_exit                          0x080000d1   Thumb Code     0  entry11a.o(.ARM.Collect$$$$0000000F)
    Reset_Handler                            0x080000d5   Thumb Code     8  startup_py32f030xx.o(.text)
    ADC_COMP_IRQHandler                      0x080000e7   Thumb Code     0  startup_py32f030xx.o(.text)
    DMA1_Channel1_IRQHandler                 0x080000e7   Thumb Code     0  startup_py32f030xx.o(.text)
    DMA1_Channel2_3_IRQHandler               0x080000e7   Thumb Code     0  startup_py32f030xx.o(.text)
    EXTI0_1_IRQHandler                       0x080000e7   Thumb Code     0  startup_py32f030xx.o(.text)
    EXTI2_3_IRQHandler                       0x080000e7   Thumb Code     0  startup_py32f030xx.o(.text)
    FLASH_IRQHandler                         0x080000e7   Thumb Code     0  startup_py32f030xx.o(.text)
    I2C1_IRQHandler                          0x080000e7   Thumb Code     0  startup_py32f030xx.o(.text)
    LED_IRQHandler                           0x080000e7   Thumb Code     0  startup_py32f030xx.o(.text)
    LPTIM1_IRQHandler                        0x080000e7   Thumb Code     0  startup_py32f030xx.o(.text)
    PVD_IRQHandler                           0x080000e7   Thumb Code     0  startup_py32f030xx.o(.text)
    RCC_IRQHandler                           0x080000e7   Thumb Code     0  startup_py32f030xx.o(.text)
    RTC_IRQHandler                           0x080000e7   Thumb Code     0  startup_py32f030xx.o(.text)
    SPI1_IRQHandler                          0x080000e7   Thumb Code     0  startup_py32f030xx.o(.text)
    SPI2_IRQHandler                          0x080000e7   Thumb Code     0  startup_py32f030xx.o(.text)
    TIM16_IRQHandler                         0x080000e7   Thumb Code     0  startup_py32f030xx.o(.text)
    TIM17_IRQHandler                         0x080000e7   Thumb Code     0  startup_py32f030xx.o(.text)
    TIM1_BRK_UP_TRG_COM_IRQHandler           0x080000e7   Thumb Code     0  startup_py32f030xx.o(.text)
    TIM1_CC_IRQHandler                       0x080000e7   Thumb Code     0  startup_py32f030xx.o(.text)
    USART2_IRQHandler                        0x080000e7   Thumb Code     0  startup_py32f030xx.o(.text)
    WWDG_IRQHandler                          0x080000e7   Thumb Code     0  startup_py32f030xx.o(.text)
    __aeabi_memcpy                           0x080000f1   Thumb Code    36  memcpya.o(.text)
    __aeabi_memcpy4                          0x080000f1   Thumb Code     0  memcpya.o(.text)
    __aeabi_memcpy8                          0x080000f1   Thumb Code     0  memcpya.o(.text)
    __aeabi_memset                           0x08000115   Thumb Code    14  memseta.o(.text)
    __aeabi_memset4                          0x08000115   Thumb Code     0  memseta.o(.text)
    __aeabi_memset8                          0x08000115   Thumb Code     0  memseta.o(.text)
    __aeabi_memclr                           0x08000123   Thumb Code     4  memseta.o(.text)
    __aeabi_memclr4                          0x08000123   Thumb Code     0  memseta.o(.text)
    __aeabi_memclr8                          0x08000123   Thumb Code     0  memseta.o(.text)
    _memset$wrapper                          0x08000127   Thumb Code    18  memseta.o(.text)
    memcmp                                   0x08000139   Thumb Code    26  memcmp.o(.text)
    __aeabi_uidiv                            0x08000153   Thumb Code     0  uidiv_div0.o(.text)
    __aeabi_uidivmod                         0x08000153   Thumb Code    62  uidiv_div0.o(.text)
    __aeabi_idiv                             0x08000191   Thumb Code     0  idiv_div0.o(.text)
    __aeabi_idivmod$div0                     0x08000191   Thumb Code    74  idiv_div0.o(.text)
    __aeabi_uldivmod                         0x080001e1   Thumb Code    96  uldiv.o(.text)
    __scatterload                            0x08000241   Thumb Code    38  init.o(.text)
    __scatterload_rt2                        0x08000241   Thumb Code     0  init.o(.text)
    __aeabi_llsl                             0x08000271   Thumb Code    32  llshl.o(.text)
    _ll_shift_l                              0x08000271   Thumb Code     0  llshl.o(.text)
    __aeabi_llsr                             0x08000291   Thumb Code    34  llushr.o(.text)
    _ll_ushift_r                             0x08000291   Thumb Code     0  llushr.o(.text)
    __decompress                             0x080002b3   Thumb Code     0  __dczerorl.o(.text)
    __decompress0                            0x080002b3   Thumb Code    58  __dczerorl.o(.text)
    main                                     0x080002ed   Thumb Code    36  system_py32f0xx.o(.text.$Sub$$main)
    DelayMs                                  0x080003af   Thumb Code     8  pan211.o(.text.DelayMs)
    EXTI4_15_IRQHandler                      0x080003b7   Thumb Code     2  bsp_zero.o(.text.EXTI4_15_IRQHandler)
    HAL_ADC_Calibration_SingleStart          0x080003b9   Thumb Code   140  py32f0xx_hal_adc.o(.text.HAL_ADC_Calibration_SingleStart)
    HAL_ADC_Calibration_Start                0x08000445   Thumb Code   152  py32f0xx_hal_adc.o(.text.HAL_ADC_Calibration_Start)
    HAL_ADC_ConfigChannel                    0x080004e1   Thumb Code   244  py32f0xx_hal_adc.o(.text.HAL_ADC_ConfigChannel)
    HAL_ADC_ConvCpltCallback                 0x080005e5   Thumb Code     2  py32f0xx_hal_adc.o(.text.HAL_ADC_ConvCpltCallback)
    HAL_ADC_ConvHalfCpltCallback             0x080005e7   Thumb Code     2  py32f0xx_hal_adc.o(.text.HAL_ADC_ConvHalfCpltCallback)
    HAL_ADC_ErrorCallback                    0x080005e9   Thumb Code     2  py32f0xx_hal_adc.o(.text.HAL_ADC_ErrorCallback)
    HAL_ADC_Init                             0x080005ed   Thumb Code   296  py32f0xx_hal_adc.o(.text.HAL_ADC_Init)
    HAL_ADC_MspInit                          0x0800071d   Thumb Code   140  py32f0xx_hal_msp.o(.text.HAL_ADC_MspInit)
    HAL_ADC_Start_DMA                        0x080007b5   Thumb Code   252  py32f0xx_hal_adc.o(.text.HAL_ADC_Start_DMA)
    HAL_DMA_DeInit                           0x080008cd   Thumb Code    88  py32f0xx_hal_dma.o(.text.HAL_DMA_DeInit)
    HAL_DMA_Init                             0x08000925   Thumb Code   112  py32f0xx_hal_dma.o(.text.HAL_DMA_Init)
    HAL_DMA_Start_IT                         0x080009a1   Thumb Code   128  py32f0xx_hal_dma.o(.text.HAL_DMA_Start_IT)
    HAL_Delay                                0x08000a21   Thumb Code    32  py32f0xx_hal.o(.text.HAL_Delay)
    HAL_FLASH_Erase                          0x08000a45   Thumb Code   664  py32f0xx_hal_flash.o(.text.HAL_FLASH_Erase)
    HAL_FLASH_Lock                           0x08000d01   Thumb Code    20  py32f0xx_hal_flash.o(.text.HAL_FLASH_Lock)
    HAL_FLASH_Program                        0x08000d15   Thumb Code   372  py32f0xx_hal_flash.o(.text.HAL_FLASH_Program)
    HAL_FLASH_Unlock                         0x08000eb1   Thumb Code    28  py32f0xx_hal_flash.o(.text.HAL_FLASH_Unlock)
    HAL_GPIO_Init                            0x08000ed9   Thumb Code   360  py32f0xx_hal_gpio.o(.text.HAL_GPIO_Init)
    HAL_GPIO_ReadPin                         0x08001051   Thumb Code    10  py32f0xx_hal_gpio.o(.text.HAL_GPIO_ReadPin)
    HAL_GPIO_WritePin                        0x0800105b   Thumb Code    16  py32f0xx_hal_gpio.o(.text.HAL_GPIO_WritePin)
    HAL_GetTick                              0x0800106d   Thumb Code     8  py32f0xx_hal.o(.text.HAL_GetTick)
    HAL_GetUIDw0                             0x08001075   Thumb Code     8  py32f0xx_hal.o(.text.HAL_GetUIDw0)
    HAL_GetUIDw1                             0x08001081   Thumb Code     8  py32f0xx_hal.o(.text.HAL_GetUIDw1)
    HAL_GetUIDw2                             0x0800108d   Thumb Code     8  py32f0xx_hal.o(.text.HAL_GetUIDw2)
    HAL_IWDG_Init                            0x08001099   Thumb Code    68  py32f0xx_hal_iwdg.o(.text.HAL_IWDG_Init)
    HAL_IWDG_Refresh                         0x080010e5   Thumb Code    12  py32f0xx_hal_iwdg.o(.text.HAL_IWDG_Refresh)
    HAL_IncTick                              0x080010f5   Thumb Code    16  py32f0xx_hal.o(.text.HAL_IncTick)
    HAL_Init                                 0x08001109   Thumb Code    24  py32f0xx_hal.o(.text.HAL_Init)
    HAL_InitTick                             0x08001121   Thumb Code    64  py32f0xx_hal.o(.text.HAL_InitTick)
    HAL_MspInit                              0x08001165   Thumb Code     2  py32f0xx_hal_msp.o(.text.HAL_MspInit)
    HAL_NVIC_EnableIRQ                       0x08001169   Thumb Code    16  py32f0xx_hal_cortex.o(.text.HAL_NVIC_EnableIRQ)
    HAL_NVIC_SetPriority                     0x0800117d   Thumb Code    48  py32f0xx_hal_cortex.o(.text.HAL_NVIC_SetPriority)
    HAL_RCC_ClockConfig                      0x080011b5   Thumb Code   476  py32f0xx_hal_rcc.o(.text.HAL_RCC_ClockConfig)
    HAL_RCC_GetPCLK1Freq                     0x080013a1   Thumb Code    28  py32f0xx_hal_rcc.o(.text.HAL_RCC_GetPCLK1Freq)
    HAL_RCC_GetSysClockFreq                  0x080013c5   Thumb Code   124  py32f0xx_hal_rcc.o(.text.HAL_RCC_GetSysClockFreq)
    HAL_RCC_OscConfig                        0x08001451   Thumb Code  1084  py32f0xx_hal_rcc.o(.text.HAL_RCC_OscConfig)
    HAL_SYSCFG_DMA_Req                       0x080018b1   Thumb Code    12  py32f0xx_hal.o(.text.HAL_SYSCFG_DMA_Req)
    HAL_SYSTICK_Config                       0x080018c1   Thumb Code    40  py32f0xx_hal_cortex.o(.text.HAL_SYSTICK_Config)
    HAL_TIM_Base_Init                        0x080018f5   Thumb Code   164  py32f0xx_hal_tim.o(.text.HAL_TIM_Base_Init)
    HAL_TIM_Base_MspInit                     0x080019b1   Thumb Code     2  py32f0xx_hal_tim.o(.text.HAL_TIM_Base_MspInit)
    HAL_TIM_Base_Start_IT                    0x080019b3   Thumb Code    30  py32f0xx_hal_tim.o(.text.HAL_TIM_Base_Start_IT)
    HAL_TIM_IRQHandler                       0x080019d1   Thumb Code    28  py32f0xx_hal_tim.o(.text.HAL_TIM_IRQHandler)
    HAL_TIM_PeriodElapsedCallback            0x080019ed   Thumb Code   100  bsp_timer.o(.text.HAL_TIM_PeriodElapsedCallback)
    HAL_UART_Init                            0x08001a65   Thumb Code   138  py32f0xx_hal_uart.o(.text.HAL_UART_Init)
    HAL_UART_MspInit                         0x08001aef   Thumb Code     2  py32f0xx_hal_uart.o(.text.HAL_UART_MspInit)
    HAL_UART_Transmit                        0x08001af1   Thumb Code   308  py32f0xx_hal_uart.o(.text.HAL_UART_Transmit)
    HardFault_Handler                        0x08001c29   Thumb Code     2  py32f0xx_it.o(.text.HardFault_Handler)
    IRQDetected                              0x08001c2d   Thumb Code    16  pan211.o(.text.IRQDetected)
    NMI_Handler                              0x08001c41   Thumb Code     2  py32f0xx_it.o(.text.NMI_Handler)
    PAN211_ClearIRQFlags                     0x08001c43   Thumb Code    44  pan211.o(.text.PAN211_ClearIRQFlags)
    PAN211_ExitCarrierWave                   0x08001c6f   Thumb Code   148  pan211.o(.text.PAN211_ExitCarrierWave)
    PAN211_GetIRQFlags                       0x08001d03   Thumb Code    48  pan211.o(.text.PAN211_GetIRQFlags)
    PAN211_Init                              0x08001d33   Thumb Code  2454  pan211.o(.text.PAN211_Init)
    PAN211_ReadFIFO                          0x080026c9   Thumb Code    62  pan211.o(.text.PAN211_ReadFIFO)
    PAN211_ReadReg                           0x08002707   Thumb Code    56  pan211.o(.text.PAN211_ReadReg)
    PAN211_ReadRegs                          0x0800273f   Thumb Code    64  pan211.o(.text.PAN211_ReadRegs)
    PAN211_RxStart                           0x0800277f   Thumb Code   116  pan211.o(.text.PAN211_RxStart)
    PAN211_SetChannel                        0x080027f3   Thumb Code    48  pan211.o(.text.PAN211_SetChannel)
    PAN211_StartCarrierWave                  0x08002823   Thumb Code   148  pan211.o(.text.PAN211_StartCarrierWave)
    PAN211_TxStart                           0x080028b7   Thumb Code   116  pan211.o(.text.PAN211_TxStart)
    PAN211_WriteFIFO                         0x0800292b   Thumb Code    96  pan211.o(.text.PAN211_WriteFIFO)
    PAN211_WriteReg                          0x0800298b   Thumb Code    54  pan211.o(.text.PAN211_WriteReg)
    PendSV_Handler                           0x080029c1   Thumb Code     2  py32f0xx_it.o(.text.PendSV_Handler)
    RF_Gpio_Init                             0x080029c5   Thumb Code   144  pan211.o(.text.RF_Gpio_Init)
    SPI_RW                                   0x08002a59   Thumb Code   128  pan211.o(.text.SPI_RW)
    SVC_Handler                              0x08002add   Thumb Code     2  py32f0xx_it.o(.text.SVC_Handler)
    SysTick_Handler                          0x08002adf   Thumb Code     8  py32f0xx_it.o(.text.SysTick_Handler)
    SystemInit                               0x08002ae9   Thumb Code    36  system_py32f0xx.o(.text.SystemInit)
    TIM14_IRQHandler                         0x08002b21   Thumb Code    12  py32f0xx_it.o(.text.TIM14_IRQHandler)
    TIM3_IRQHandler                          0x08002b31   Thumb Code   236  pwm.o(.text.TIM3_IRQHandler)
    USART1_IRQHandler                        0x08002d05   Thumb Code   124  bsp_uart.o(.text.USART1_IRQHandler)
    app_adc_init                             0x08002d91   Thumb Code   176  adc.o(.text.app_adc_init)
    app_calculate_average                    0x08002e59   Thumb Code    40  base.o(.text.app_calculate_average)
    app_eventbus_init                        0x08002ec5   Thumb Code    20  eventbus.o(.text.app_eventbus_init)
    app_eventbus_poll                        0x08002ed9   Thumb Code    84  eventbus.o(.text.app_eventbus_poll)
    app_eventbus_publish                     0x08002f31   Thumb Code    44  eventbus.o(.text.app_eventbus_publish)
    app_eventbus_subscribe                   0x08002f69   Thumb Code    24  eventbus.o(.text.app_eventbus_subscribe)
    app_get_adc_value                        0x08002f89   Thumb Code    48  adc.o(.text.app_get_adc_value)
    app_get_crc                              0x08002fcd   Thumb Code    68  protocol.o(.text.app_get_crc)
    app_get_gpio_name                        0x08003019   Thumb Code   384  gpio.o(.text.app_get_gpio_name)
    app_get_panel_cfg                        0x08003231   Thumb Code     4  config.o(.text.app_get_panel_cfg)
    app_get_reg                              0x08003239   Thumb Code     4  config.o(.text.app_get_reg)
    app_get_uid                              0x0800323d   Thumb Code    64  base.o(.text.app_get_uid)
    app_gpio_equal                           0x0800327d   Thumb Code    12  gpio.o(.text.app_gpio_equal)
    app_iwdg_init                            0x08003289   Thumb Code    52  iwdg.o(.text.app_iwdg_init)
    app_jump_device                          0x080032e9   Thumb Code     8  device_manager.o(.text.app_jump_device)
    app_load_config                          0x080032f1   Thumb Code   732  config.o(.text.app_load_config)
    app_proto_check                          0x080036c5   Thumb Code     2  protocol.o(.text.app_proto_check)
    app_protocol_init                        0x080036c9   Thumb Code    24  protocol.o(.text.app_protocol_init)
    app_pwm_add_pin                          0x080036ed   Thumb Code   160  pwm.o(.text.app_pwm_add_pin)
    app_pwm_init                             0x08003795   Thumb Code    84  pwm.o(.text.app_pwm_init)
    app_rf_rx_callback                       0x080037f9   Thumb Code     8  main.o(.text.app_rf_rx_callback)
    app_rf_rx_check                          0x08003805   Thumb Code   920  protocol.o(.text.app_rf_rx_check)
    app_rf_tx                                0x08003c69   Thumb Code    20  protocol.o(.text.app_rf_tx)
    app_send_cmd                             0x08003d7d   Thumb Code   240  protocol.o(.text.app_send_cmd)
    app_set_pwm_fade                         0x08003e75   Thumb Code   200  pwm.o(.text.app_set_pwm_fade)
    app_uint32_to_uint8                      0x08003f45   Thumb Code    90  base.o(.text.app_uint32_to_uint8)
    app_uint8_to_uint32                      0x08003f9f   Thumb Code   120  base.o(.text.app_uint8_to_uint32)
    app_usart1_rx_callback                   0x08004019   Thumb Code     8  bsp_uart.o(.text.app_usart1_rx_callback)
    bsp_flash_erase                          0x08004025   Thumb Code    40  bsp_flash.o(.text.bsp_flash_erase)
    bsp_flash_read                           0x0800404d   Thumb Code    36  bsp_flash.o(.text.bsp_flash_read)
    bsp_flash_write                          0x08004071   Thumb Code    96  bsp_flash.o(.text.bsp_flash_write)
    bsp_panel_init                           0x080040d1   Thumb Code   152  bsp_pcb.o(.text.bsp_panel_init)
    bsp_start_timer                          0x0800416d   Thumb Code    44  bsp_timer.o(.text.bsp_start_timer)
    bsp_stop_timer                           0x08004199   Thumb Code    36  bsp_timer.o(.text.bsp_stop_timer)
    bsp_timer_init                           0x080041bd   Thumb Code   132  bsp_timer.o(.text.bsp_timer_init)
    bsp_timer_poll                           0x08004255   Thumb Code    40  bsp_timer.o(.text.bsp_timer_poll)
    bsp_uart1_send_buf                       0x08004285   Thumb Code    28  bsp_uart.o(.text.bsp_uart1_send_buf)
    bsp_uart_init                            0x080042a5   Thumb Code   308  bsp_uart.o(.text.bsp_uart_init)
    fputc                                    0x08004459   Thumb Code    28  bsp_uart.o(.text.fputc)
    $Super$$main                             0x0800448d   Thumb Code   280  main.o(.text.main)
    panel_device_init                        0x080045cd   Thumb Code    76  panel.o(.text.panel_device_init)
    rssi_is_enabled                          0x08005115   Thumb Code     8  tran_device.o(.text.rssi_is_enabled)
    rssi_update                              0x0800511d   Thumb Code   240  tran_device.o(.text.rssi_update)
    __0printf$8                              0x08005229   Thumb Code    24  printf8.o(i.__0printf$8)
    __1printf$8                              0x08005229   Thumb Code     0  printf8.o(i.__0printf$8)
    __2printf                                0x08005229   Thumb Code     0  printf8.o(i.__0printf$8)
    __scatterload_copy                       0x08005249   Thumb Code    14  handlers.o(i.__scatterload_copy)
    __scatterload_null                       0x08005257   Thumb Code     2  handlers.o(i.__scatterload_null)
    __scatterload_zeroinit                   0x08005259   Thumb Code    14  handlers.o(i.__scatterload_zeroinit)
    putchar                                  0x080056dd   Thumb Code    10  putchar.o(i.putchar)
    puts                                     0x080056ed   Thumb Code    28  puts.o(i.puts)
    AHBPrescTable                            0x08005750   Data          64  system_py32f0xx.o(.rodata.AHBPrescTable)
    APBPrescTable                            0x08005790   Data          32  system_py32f0xx.o(.rodata.APBPrescTable)
    HSIFreqTable                             0x080057d8   Data          32  system_py32f0xx.o(.rodata.HSIFreqTable)
    _FlashTimmingParam                       0x080057f8   Data          32  py32f0xx_hal_flash.o(.rodata._FlashTimmingParam)
    Region$$Table$$Base                      0x08005cf4   Number         0  anon$$obj.o(Region$$Table)
    Region$$Table$$Limit                     0x08005d14   Number         0  anon$$obj.o(Region$$Table)
    VECT_SRAM_TAB                            0x20000000   Data         192  system_py32f0xx.o(.ARM.__at_0x20000000)
    __stdout                                 0x200000c0   Data           4  stdout.o(.data)
    SystemCoreClock                          0x200000c4   Data           4  system_py32f0xx.o(.data.SystemCoreClock)
    uwTickFreq                               0x20000144   Data           4  py32f0xx_hal.o(.data.uwTickFreq)
    uwTickPrio                               0x20000148   Data           4  py32f0xx_hal.o(.data.uwTickPrio)
    AdcHandle                                0x20000150   Data          64  adc.o(.bss.AdcHandle)
    Timer3                                   0x20000208   Data          64  pwm.o(.bss.Timer3)
    gADCxConvertedData                       0x200004a4   Data           4  adc.o(.bss.gADCxConvertedData)
    my_history_value                         0x200004d4   Data         112  tran_device.o(.bss.my_history_value)
    pFlash                                   0x200006f8   Data          24  py32f0xx_hal_flash.o(.bss.pFlash)
    sConfig                                  0x20000824   Data          12  adc.o(.bss.sConfig)
    sTimxHandle                              0x20000830   Data          64  bsp_timer.o(.bss.sTimxHandle)
    usart1_handle                            0x200009fc   Data          76  bsp_uart.o(.bss.usart1_handle)
    usart2_handle                            0x20000a48   Data          76  bsp_uart.o(.bss.usart2_handle)
    uwTick                                   0x20000a94   Data           4  py32f0xx_hal.o(.bss.uwTick)
    __initial_sp                             0x20000e98   Data           0  startup_py32f030xx.o(STACK)



==============================================================================

Memory Map of the image

  Image Entry point : 0x080000c1

  Load Region LR_IROM1 (Base: 0x08000000, Size: 0x00005e68, Max: 0x00010000, ABSOLUTE, COMPRESSED[0x00005d48])

    Execution Region ER_IROM1 (Exec base: 0x08000000, Load base: 0x08000000, Size: 0x00005d14, Max: 0x00010000, ABSOLUTE)

    Exec Addr    Load Addr    Size         Type   Attr      Idx    E Section Name        Object

    0x08000000   0x08000000   0x000000c0   Data   RO            3    RESET               startup_py32f030xx.o
    0x080000c0   0x080000c0   0x00000000   Code   RO         1274  * .ARM.Collect$$$$00000000  mc_p.l(entry.o)
    0x080000c0   0x080000c0   0x00000004   Code   RO         1574    .ARM.Collect$$$$00000001  mc_p.l(entry2.o)
    0x080000c4   0x080000c4   0x00000004   Code   RO         1577    .ARM.Collect$$$$00000004  mc_p.l(entry5.o)
    0x080000c8   0x080000c8   0x00000000   Code   RO         1579    .ARM.Collect$$$$00000008  mc_p.l(entry7b.o)
    0x080000c8   0x080000c8   0x00000000   Code   RO         1581    .ARM.Collect$$$$0000000A  mc_p.l(entry8b.o)
    0x080000c8   0x080000c8   0x00000008   Code   RO         1582    .ARM.Collect$$$$0000000B  mc_p.l(entry9a.o)
    0x080000d0   0x080000d0   0x00000000   Code   RO         1584    .ARM.Collect$$$$0000000D  mc_p.l(entry10a.o)
    0x080000d0   0x080000d0   0x00000000   Code   RO         1586    .ARM.Collect$$$$0000000F  mc_p.l(entry11a.o)
    0x080000d0   0x080000d0   0x00000004   Code   RO         1575    .ARM.Collect$$$$00002712  mc_p.l(entry2.o)
    0x080000d4   0x080000d4   0x0000001c   Code   RO            4    .text               startup_py32f030xx.o
    0x080000f0   0x080000f0   0x00000024   Code   RO         1291    .text               mc_p.l(memcpya.o)
    0x08000114   0x08000114   0x00000024   Code   RO         1293    .text               mc_p.l(memseta.o)
    0x08000138   0x08000138   0x0000001a   Code   RO         1295    .text               mc_p.l(memcmp.o)
    0x08000152   0x08000152   0x0000003e   Code   RO         1593    .text               mc_p.l(uidiv_div0.o)
    0x08000190   0x08000190   0x00000050   Code   RO         1595    .text               mc_p.l(idiv_div0.o)
    0x080001e0   0x080001e0   0x00000060   Code   RO         1599    .text               mc_p.l(uldiv.o)
    0x08000240   0x08000240   0x00000030   Code   RO         1625    .text               mc_p.l(init.o)
    0x08000270   0x08000270   0x00000020   Code   RO         1627    .text               mc_p.l(llshl.o)
    0x08000290   0x08000290   0x00000022   Code   RO         1629    .text               mc_p.l(llushr.o)
    0x080002b2   0x080002b2   0x0000003a   Code   RO         1645    .text               mc_p.l(__dczerorl.o)
    0x080002ec   0x080002ec   0x0000002c   Code   RO           15    .text.$Sub$$main    system_py32f0xx.o
    0x08000318   0x08000318   0x00000072   Code   RO          158    .text.ADC_DMAConvCplt  py32f0xx_hal_adc.o
    0x0800038a   0x0800038a   0x0000001a   Code   RO          162    .text.ADC_DMAError  py32f0xx_hal_adc.o
    0x080003a4   0x080003a4   0x0000000a   Code   RO          160    .text.ADC_DMAHalfConvCplt  py32f0xx_hal_adc.o
    0x080003ae   0x080003ae   0x00000008   Code   RO          852    .text.DelayMs       pan211.o
    0x080003b6   0x080003b6   0x00000002   Code   RO         1199    .text.EXTI4_15_IRQHandler  bsp_zero.o
    0x080003b8   0x080003b8   0x0000008c   Code   RO          190    .text.HAL_ADC_Calibration_SingleStart  py32f0xx_hal_adc.o
    0x08000444   0x08000444   0x0000009c   Code   RO          192    .text.HAL_ADC_Calibration_Start  py32f0xx_hal_adc.o
    0x080004e0   0x080004e0   0x00000104   Code   RO          178    .text.HAL_ADC_ConfigChannel  py32f0xx_hal_adc.o
    0x080005e4   0x080005e4   0x00000002   Code   RO          170    .text.HAL_ADC_ConvCpltCallback  py32f0xx_hal_adc.o
    0x080005e6   0x080005e6   0x00000002   Code   RO          176    .text.HAL_ADC_ConvHalfCpltCallback  py32f0xx_hal_adc.o
    0x080005e8   0x080005e8   0x00000002   Code   RO          174    .text.HAL_ADC_ErrorCallback  py32f0xx_hal_adc.o
    0x080005ea   0x080005ea   0x00000002   PAD
    0x080005ec   0x080005ec   0x00000130   Code   RO          136    .text.HAL_ADC_Init  py32f0xx_hal_adc.o
    0x0800071c   0x0800071c   0x00000098   Code   RO           50    .text.HAL_ADC_MspInit  py32f0xx_hal_msp.o
    0x080007b4   0x080007b4   0x00000118   Code   RO          156    .text.HAL_ADC_Start_DMA  py32f0xx_hal_adc.o
    0x080008cc   0x080008cc   0x00000058   Code   RO          236    .text.HAL_DMA_DeInit  py32f0xx_hal_dma.o
    0x08000924   0x08000924   0x0000007c   Code   RO          234    .text.HAL_DMA_Init  py32f0xx_hal_dma.o
    0x080009a0   0x080009a0   0x00000080   Code   RO          240    .text.HAL_DMA_Start_IT  py32f0xx_hal_dma.o
    0x08000a20   0x08000a20   0x00000024   Code   RO          101    .text.HAL_Delay     py32f0xx_hal.o
    0x08000a44   0x08000a44   0x000002bc   Code   RO          280    .text.HAL_FLASH_Erase  py32f0xx_hal_flash.o
    0x08000d00   0x08000d00   0x00000014   Code   RO          270    .text.HAL_FLASH_Lock  py32f0xx_hal_flash.o
    0x08000d14   0x08000d14   0x0000019c   Code   RO          286    .text.HAL_FLASH_Program  py32f0xx_hal_flash.o
    0x08000eb0   0x08000eb0   0x00000028   Code   RO          268    .text.HAL_FLASH_Unlock  py32f0xx_hal_flash.o
    0x08000ed8   0x08000ed8   0x00000178   Code   RO          314    .text.HAL_GPIO_Init  py32f0xx_hal_gpio.o
    0x08001050   0x08001050   0x0000000a   Code   RO          318    .text.HAL_GPIO_ReadPin  py32f0xx_hal_gpio.o
    0x0800105a   0x0800105a   0x00000010   Code   RO          320    .text.HAL_GPIO_WritePin  py32f0xx_hal_gpio.o
    0x0800106a   0x0800106a   0x00000002   PAD
    0x0800106c   0x0800106c   0x00000008   Code   RO           93    .text.HAL_GetTick   py32f0xx_hal.o
    0x08001074   0x08001074   0x0000000c   Code   RO          113    .text.HAL_GetUIDw0  py32f0xx_hal.o
    0x08001080   0x08001080   0x0000000c   Code   RO          115    .text.HAL_GetUIDw1  py32f0xx_hal.o
    0x0800108c   0x0800108c   0x0000000c   Code   RO          117    .text.HAL_GetUIDw2  py32f0xx_hal.o
    0x08001098   0x08001098   0x0000004c   Code   RO          338    .text.HAL_IWDG_Init  py32f0xx_hal_iwdg.o
    0x080010e4   0x080010e4   0x00000010   Code   RO          340    .text.HAL_IWDG_Refresh  py32f0xx_hal_iwdg.o
    0x080010f4   0x080010f4   0x00000014   Code   RO           91    .text.HAL_IncTick   py32f0xx_hal.o
    0x08001108   0x08001108   0x00000018   Code   RO           81    .text.HAL_Init      py32f0xx_hal.o
    0x08001120   0x08001120   0x00000044   Code   RO           83    .text.HAL_InitTick  py32f0xx_hal.o
    0x08001164   0x08001164   0x00000002   Code   RO           48    .text.HAL_MspInit   py32f0xx_hal_msp.o
    0x08001166   0x08001166   0x00000002   PAD
    0x08001168   0x08001168   0x00000014   Code   RO          204    .text.HAL_NVIC_EnableIRQ  py32f0xx_hal_cortex.o
    0x0800117c   0x0800117c   0x00000038   Code   RO          202    .text.HAL_NVIC_SetPriority  py32f0xx_hal_cortex.o
    0x080011b4   0x080011b4   0x000001ec   Code   RO          396    .text.HAL_RCC_ClockConfig  py32f0xx_hal_rcc.o
    0x080013a0   0x080013a0   0x00000024   Code   RO          402    .text.HAL_RCC_GetPCLK1Freq  py32f0xx_hal_rcc.o
    0x080013c4   0x080013c4   0x0000008c   Code   RO          394    .text.HAL_RCC_GetSysClockFreq  py32f0xx_hal_rcc.o
    0x08001450   0x08001450   0x00000460   Code   RO          392    .text.HAL_RCC_OscConfig  py32f0xx_hal_rcc.o
    0x080018b0   0x080018b0   0x00000010   Code   RO          123    .text.HAL_SYSCFG_DMA_Req  py32f0xx_hal.o
    0x080018c0   0x080018c0   0x00000034   Code   RO          210    .text.HAL_SYSTICK_Config  py32f0xx_hal_cortex.o
    0x080018f4   0x080018f4   0x000000bc   Code   RO          429    .text.HAL_TIM_Base_Init  py32f0xx_hal_tim.o
    0x080019b0   0x080019b0   0x00000002   Code   RO          431    .text.HAL_TIM_Base_MspInit  py32f0xx_hal_tim.o
    0x080019b2   0x080019b2   0x0000001e   Code   RO          443    .text.HAL_TIM_Base_Start_IT  py32f0xx_hal_tim.o
    0x080019d0   0x080019d0   0x0000001c   Code   RO          563    .text.HAL_TIM_IRQHandler  py32f0xx_hal_tim.o
    0x080019ec   0x080019ec   0x00000078   Code   RO         1138    .text.HAL_TIM_PeriodElapsedCallback  bsp_timer.o
    0x08001a64   0x08001a64   0x0000008a   Code   RO          652    .text.HAL_UART_Init  py32f0xx_hal_uart.o
    0x08001aee   0x08001aee   0x00000002   Code   RO          654    .text.HAL_UART_MspInit  py32f0xx_hal_uart.o
    0x08001af0   0x08001af0   0x00000138   Code   RO          666    .text.HAL_UART_Transmit  py32f0xx_hal_uart.o
    0x08001c28   0x08001c28   0x00000002   Code   RO           63    .text.HardFault_Handler  py32f0xx_it.o
    0x08001c2a   0x08001c2a   0x00000002   PAD
    0x08001c2c   0x08001c2c   0x00000014   Code   RO          850    .text.IRQDetected   pan211.o
    0x08001c40   0x08001c40   0x00000002   Code   RO           61    .text.NMI_Handler   py32f0xx_it.o
    0x08001c42   0x08001c42   0x0000002c   Code   RO          894    .text.PAN211_ClearIRQFlags  pan211.o
    0x08001c6e   0x08001c6e   0x00000094   Code   RO          908    .text.PAN211_ExitCarrierWave  pan211.o
    0x08001d02   0x08001d02   0x00000030   Code   RO          892    .text.PAN211_GetIRQFlags  pan211.o
    0x08001d32   0x08001d32   0x00000996   Code   RO          866    .text.PAN211_Init   pan211.o
    0x080026c8   0x080026c8   0x0000003e   Code   RO          864    .text.PAN211_ReadFIFO  pan211.o
    0x08002706   0x08002706   0x00000038   Code   RO          856    .text.PAN211_ReadReg  pan211.o
    0x0800273e   0x0800273e   0x00000040   Code   RO          860    .text.PAN211_ReadRegs  pan211.o
    0x0800277e   0x0800277e   0x00000074   Code   RO          878    .text.PAN211_RxStart  pan211.o
    0x080027f2   0x080027f2   0x00000030   Code   RO          880    .text.PAN211_SetChannel  pan211.o
    0x08002822   0x08002822   0x00000094   Code   RO          906    .text.PAN211_StartCarrierWave  pan211.o
    0x080028b6   0x080028b6   0x00000074   Code   RO          876    .text.PAN211_TxStart  pan211.o
    0x0800292a   0x0800292a   0x00000060   Code   RO          862    .text.PAN211_WriteFIFO  pan211.o
    0x0800298a   0x0800298a   0x00000036   Code   RO          854    .text.PAN211_WriteReg  pan211.o
    0x080029c0   0x080029c0   0x00000002   Code   RO           67    .text.PendSV_Handler  py32f0xx_it.o
    0x080029c2   0x080029c2   0x00000002   PAD
    0x080029c4   0x080029c4   0x00000094   Code   RO          842    .text.RF_Gpio_Init  pan211.o
    0x08002a58   0x08002a58   0x00000084   Code   RO          844    .text.SPI_RW        pan211.o
    0x08002adc   0x08002adc   0x00000002   Code   RO           65    .text.SVC_Handler   py32f0xx_it.o
    0x08002ade   0x08002ade   0x00000008   Code   RO           69    .text.SysTick_Handler  py32f0xx_it.o
    0x08002ae6   0x08002ae6   0x00000002   PAD
    0x08002ae8   0x08002ae8   0x00000038   Code   RO           13    .text.SystemInit    system_py32f0xx.o
    0x08002b20   0x08002b20   0x00000010   Code   RO           71    .text.TIM14_IRQHandler  py32f0xx_it.o
    0x08002b30   0x08002b30   0x00000108   Code   RO         1076    .text.TIM3_IRQHandler  pwm.o
    0x08002c38   0x08002c38   0x000000cc   Code   RO          656    .text.UART_SetConfig  py32f0xx_hal_uart.o
    0x08002d04   0x08002d04   0x0000008c   Code   RO         1181    .text.USART1_IRQHandler  bsp_uart.o
    0x08002d90   0x08002d90   0x000000c8   Code   RO          918    .text.app_adc_init  adc.o
    0x08002e58   0x08002e58   0x00000028   Code   RO          940    .text.app_calculate_average  base.o
    0x08002e80   0x08002e80   0x00000034   Code   RO         1030    .text.app_creat_frame  protocol.o
    0x08002eb4   0x08002eb4   0x0000000e   Code   RO         1042    .text.app_delay_switch  protocol.o
    0x08002ec2   0x08002ec2   0x00000002   PAD
    0x08002ec4   0x08002ec4   0x00000014   Code   RO          974    .text.app_eventbus_init  eventbus.o
    0x08002ed8   0x08002ed8   0x00000058   Code   RO          980    .text.app_eventbus_poll  eventbus.o
    0x08002f30   0x08002f30   0x00000038   Code   RO          978    .text.app_eventbus_publish  eventbus.o
    0x08002f68   0x08002f68   0x00000020   Code   RO          976    .text.app_eventbus_subscribe  eventbus.o
    0x08002f88   0x08002f88   0x00000044   Code   RO          920    .text.app_get_adc_value  adc.o
    0x08002fcc   0x08002fcc   0x0000004c   Code   RO         1040    .text.app_get_crc   protocol.o
    0x08003018   0x08003018   0x00000218   Code   RO          996    .text.app_get_gpio_name  gpio.o
    0x08003230   0x08003230   0x00000008   Code   RO          954    .text.app_get_panel_cfg  config.o
    0x08003238   0x08003238   0x00000004   Code   RO          956    .text.app_get_reg   config.o
    0x0800323c   0x0800323c   0x00000040   Code   RO          938    .text.app_get_uid   base.o
    0x0800327c   0x0800327c   0x0000000c   Code   RO          998    .text.app_gpio_equal  gpio.o
    0x08003288   0x08003288   0x00000060   Code   RO         1008    .text.app_iwdg_init  iwdg.o
    0x080032e8   0x080032e8   0x00000008   Code   RO         1208    .text.app_jump_device  device_manager.o
    0x080032f0   0x080032f0   0x000003d4   Code   RO          952    .text.app_load_config  config.o
    0x080036c4   0x080036c4   0x00000002   Code   RO         1022    .text.app_proto_check  protocol.o
    0x080036c6   0x080036c6   0x00000002   PAD
    0x080036c8   0x080036c8   0x00000024   Code   RO         1020    .text.app_protocol_init  protocol.o
    0x080036ec   0x080036ec   0x000000a8   Code   RO         1066    .text.app_pwm_add_pin  pwm.o
    0x08003794   0x08003794   0x00000064   Code   RO         1064    .text.app_pwm_init  pwm.o
    0x080037f8   0x080037f8   0x0000000c   Code   RO           30    .text.app_rf_rx_callback  main.o
    0x08003804   0x08003804   0x00000464   Code   RO         1024    .text.app_rf_rx_check  protocol.o
    0x08003c68   0x08003c68   0x00000014   Code   RO         1032    .text.app_rf_tx     protocol.o
    0x08003c7c   0x08003c7c   0x00000100   Code   RO         1028    .text.app_save_reg  protocol.o
    0x08003d7c   0x08003d7c   0x000000f8   Code   RO         1036    .text.app_send_cmd  protocol.o
    0x08003e74   0x08003e74   0x000000d0   Code   RO         1070    .text.app_set_pwm_fade  pwm.o
    0x08003f44   0x08003f44   0x0000005a   Code   RO          936    .text.app_uint32_to_uint8  base.o
    0x08003f9e   0x08003f9e   0x00000078   Code   RO          934    .text.app_uint8_to_uint32  base.o
    0x08004016   0x08004016   0x00000002   PAD
    0x08004018   0x08004018   0x0000000c   Code   RO         1171    .text.app_usart1_rx_callback  bsp_uart.o
    0x08004024   0x08004024   0x00000028   Code   RO         1097    .text.bsp_flash_erase  bsp_flash.o
    0x0800404c   0x0800404c   0x00000024   Code   RO         1101    .text.bsp_flash_read  bsp_flash.o
    0x08004070   0x08004070   0x00000060   Code   RO         1099    .text.bsp_flash_write  bsp_flash.o
    0x080040d0   0x080040d0   0x0000009c   Code   RO         1111    .text.bsp_panel_init  bsp_pcb.o
    0x0800416c   0x0800416c   0x0000002c   Code   RO         1126    .text.bsp_start_timer  bsp_timer.o
    0x08004198   0x08004198   0x00000024   Code   RO         1128    .text.bsp_stop_timer  bsp_timer.o
    0x080041bc   0x080041bc   0x00000098   Code   RO         1122    .text.bsp_timer_init  bsp_timer.o
    0x08004254   0x08004254   0x00000030   Code   RO         1132    .text.bsp_timer_poll  bsp_timer.o
    0x08004284   0x08004284   0x00000020   Code   RO         1179    .text.bsp_uart1_send_buf  bsp_uart.o
    0x080042a4   0x080042a4   0x00000148   Code   RO         1173    .text.bsp_uart_init  bsp_uart.o
    0x080043ec   0x080043ec   0x0000006c   Code   RO         1034    .text.delay_find_ack  protocol.o
    0x08004458   0x08004458   0x00000024   Code   RO         1183    .text.fputc         bsp_uart.o
    0x0800447c   0x0800447c   0x00000010   Code   RO         1010    .text.iwdg_feed_dog  iwdg.o
    0x0800448c   0x0800448c   0x00000140   Code   RO           32    .text.main          main.o
    0x080045cc   0x080045cc   0x00000058   Code   RO         1216    .text.panel_device_init  panel.o
    0x08004624   0x08004624   0x0000083c   Code   RO         1222    .text.panel_event_handler  panel.o
    0x08004e60   0x08004e60   0x00000110   Code   RO         1220    .text.panel_proce_cmd  panel.o
    0x08004f70   0x08004f70   0x000000f4   Code   RO         1218    .text.panel_read_adc  panel.o
    0x08005064   0x08005064   0x000000b0   Code   RO         1026    .text.protocol_event_handler  protocol.o
    0x08005114   0x08005114   0x00000008   Code   RO         1244    .text.rssi_is_enabled  tran_device.o
    0x0800511c   0x0800511c   0x0000010c   Code   RO         1246    .text.rssi_update   tran_device.o
    0x08005228   0x08005228   0x00000020   Code   RO         1506    i.__0printf$8       mc_p.l(printf8.o)
    0x08005248   0x08005248   0x0000000e   Code   RO         1639    i.__scatterload_copy  mc_p.l(handlers.o)
    0x08005256   0x08005256   0x00000002   Code   RO         1640    i.__scatterload_null  mc_p.l(handlers.o)
    0x08005258   0x08005258   0x0000000e   Code   RO         1641    i.__scatterload_zeroinit  mc_p.l(handlers.o)
    0x08005266   0x08005266   0x00000002   PAD
    0x08005268   0x08005268   0x00000428   Code   RO         1513    i._printf_core      mc_p.l(printf8.o)
    0x08005690   0x08005690   0x00000020   Code   RO         1514    i._printf_post_padding  mc_p.l(printf8.o)
    0x080056b0   0x080056b0   0x0000002c   Code   RO         1515    i._printf_pre_padding  mc_p.l(printf8.o)
    0x080056dc   0x080056dc   0x00000010   Code   RO         1279    i.putchar           mc_p.l(putchar.o)
    0x080056ec   0x080056ec   0x00000020   Code   RO         1277    i.puts              mc_p.l(puts.o)
    0x0800570c   0x0800570c   0x00000014   Data   RO          420    .rodata..L__const.HAL_RCC_GetSysClockFreq.hsiValue  py32f0xx_hal_rcc.o
    0x08005720   0x08005720   0x00000030   Data   RO          965    .rodata..L__const.app_load_panel_6key.LED_W_GPIO_MAP  config.o
    0x08005750   0x08005750   0x00000040   Data   RO           18    .rodata.AHBPrescTable  system_py32f0xx.o
    0x08005790   0x08005790   0x00000020   Data   RO           19    .rodata.APBPrescTable  system_py32f0xx.o
    0x080057b0   0x080057b0   0x00000026   Data   RO          961    .rodata.DEF_PANEL_CONFIG  config.o
    0x080057d6   0x080057d6   0x00000002   PAD
    0x080057d8   0x080057d8   0x00000020   Data   RO           20    .rodata.HSIFreqTable  system_py32f0xx.o
    0x080057f8   0x080057f8   0x00000020   Data   RO          305    .rodata._FlashTimmingParam  py32f0xx_hal_flash.o
    0x08005818   0x08005818   0x000003ea   Data   RO         1087    .rodata.fade_table  pwm.o
    0x08005c02   0x08005c02   0x00000025   Data   RO           38    .rodata.str1.1      main.o
    0x08005c27   0x08005c27   0x0000000d   Data   RO          924    .rodata.str1.1      adc.o
    0x08005c34   0x08005c34   0x0000003d   Data   RO          960    .rodata.str1.1      config.o
    0x08005c71   0x08005c71   0x0000006f   Data   RO         1044    .rodata.str1.1      protocol.o
    0x08005ce0   0x08005ce0   0x00000011   Data   RO         1147    .rodata.str1.1      bsp_timer.o
    0x08005cf1   0x08005cf1   0x00000003   PAD
    0x08005cf4   0x08005cf4   0x00000020   Data   RO         1638    Region$$Table       anon$$obj.o


    Execution Region RW_IRAM1 (Exec base: 0x20000000, Load base: 0x08005d18, Size: 0x00000e98, Max: 0x00002000, ABSOLUTE, COMPRESSED[0x00000030])

    Exec Addr    Load Addr    Size         Type   Attr      Idx    E Section Name        Object

    0x20000000   COMPRESSED   0x000000c0   Data   RW           21    .ARM.__at_0x20000000  system_py32f0xx.o
    0x200000c0   COMPRESSED   0x00000004   Data   RW         1588    .data               mc_p.l(stdout.o)
    0x200000c4   COMPRESSED   0x00000004   Data   RW           17    .data.SystemCoreClock  system_py32f0xx.o
    0x200000c8   COMPRESSED   0x00000004   Data   RW         1252    .data.local_max_rssi  tran_device.o
    0x200000cc   COMPRESSED   0x00000078   Data   RW         1225    .data.my_panel_status  panel.o
    0x20000144   COMPRESSED   0x00000004   Data   RW          126    .data.uwTickFreq    py32f0xx_hal.o
    0x20000148   COMPRESSED   0x00000004   Data   RW          125    .data.uwTickPrio    py32f0xx_hal.o
    0x2000014c   COMPRESSED   0x00000004   PAD
    0x20000150        -       0x00000040   Zero   RW          923    .bss.AdcHandle      adc.o
    0x20000190        -       0x00000044   Zero   RW           52    .bss.HdmaCh1        py32f0xx_hal_msp.o
    0x200001d4        -       0x0000000c   Zero   RW         1012    .bss.IwdgHandle     iwdg.o
    0x200001e0        -       0x00000002   Zero   RW         1085    .bss.TIM3_IRQHandler.fade_timer  pwm.o
    0x200001e2   COMPRESSED   0x00000002   PAD
    0x200001e4        -       0x00000020   Zero   RW         1086    .bss.TIM3_IRQHandler.pwm_acc  pwm.o
    0x20000204        -       0x00000002   Zero   RW         1084    .bss.TIM3_IRQHandler.pwm_counter  pwm.o
    0x20000206   COMPRESSED   0x00000002   PAD
    0x20000208        -       0x00000040   Zero   RW         1081    .bss.Timer3         pwm.o
    0x20000248        -       0x00000001   Zero   RW         1082    .bss.active_channel_count  pwm.o
    0x20000249   COMPRESSED   0x00000003   PAD
    0x2000024c        -       0x00000026   Zero   RW          959    .bss.app_load_config.new_data  config.o
    0x20000272   COMPRESSED   0x00000002   PAD
    0x20000274        -       0x00000024   Zero   RW          958    .bss.app_load_config.read_data  config.o
    0x20000298        -       0x00000041   Zero   RW         1045    .bss.app_rf_rx_check.rf_frame  protocol.o
    0x200002d9   COMPRESSED   0x00000003   PAD
    0x200002dc        -       0x00000021   Zero   RW         1046    .bss.app_rf_rx_check.temp_panel_frame  protocol.o
    0x200002fd   COMPRESSED   0x00000001   PAD
    0x200002fe        -       0x00000021   Zero   RW         1047    .bss.app_rf_rx_check.temp_panel_frame.11  protocol.o
    0x2000031f   COMPRESSED   0x00000001   PAD
    0x20000320        -       0x00000024   Zero   RW         1052    .bss.app_save_cfg.temp_cfg  protocol.o
    0x20000344        -       0x00000006   Zero   RW         1054    .bss.app_save_reg.new_reg  protocol.o
    0x2000034a        -       0x00000006   Zero   RW         1053    .bss.app_save_reg.old_reg  protocol.o
    0x20000350        -       0x00000008   Zero   RW         1055    .bss.app_save_reg.temp_reg  protocol.o
    0x20000358        -       0x00000041   Zero   RW         1049    .bss.app_send_cmd.rf_frame  protocol.o
    0x20000399   COMPRESSED   0x00000003   PAD
    0x2000039c        -       0x00000021   Zero   RW         1048    .bss.app_send_cmd.send_frame  protocol.o
    0x200003bd   COMPRESSED   0x00000003   PAD
    0x200003c0        -       0x00000041   Zero   RW         1051    .bss.delay_find_ack.temp_frame  protocol.o
    0x20000401   COMPRESSED   0x00000003   PAD
    0x20000404        -       0x00000020   Zero   RW          986    .bss.eventHandlers  eventbus.o
    0x20000424        -       0x00000080   Zero   RW          987    .bss.eventQueue     eventbus.o
    0x200004a4        -       0x00000004   Zero   RW          922    .bss.gADCxConvertedData  adc.o
    0x200004a8        -       0x00000004   Zero   RW         1146    .bss.g_i_run_time   bsp_timer.o
    0x200004ac        -       0x00000004   Zero   RW           36    .bss.g_rf_rx        main.o
    0x200004b0        -       0x00000001   Zero   RW         1144    .bss.g_uc_enable_systick_isr  bsp_timer.o
    0x200004b1        -       0x00000001   Zero   RW          982    .bss.handlerCount   eventbus.o
    0x200004b2        -       0x00000018   Zero   RW         1224    .bss.my_adc_value   panel.o
    0x200004ca        -       0x00000001   Zero   RW         1226    .bss.my_common_panel.0  panel.o
    0x200004cb   COMPRESSED   0x00000001   PAD
    0x200004cc        -       0x00000002   Zero   RW         1227    .bss.my_common_panel.1  panel.o
    0x200004ce        -       0x00000001   Zero   RW         1228    .bss.my_common_panel.3  panel.o
    0x200004cf   COMPRESSED   0x00000001   PAD
    0x200004d0        -       0x00000002   Zero   RW         1229    .bss.my_common_panel.5  panel.o
    0x200004d2   COMPRESSED   0x00000002   PAD
    0x200004d4        -       0x00000070   Zero   RW         1254    .bss.my_history_value  tran_device.o
    0x20000544        -       0x00000150   Zero   RW          964    .bss.my_panel_cfg   config.o
    0x20000694        -       0x00000014   Zero   RW          963    .bss.my_reg         config.o
    0x200006a8        -       0x00000041   Zero   RW           37    .bss.my_rf_rx       main.o
    0x200006e9        -       0x0000000c   Zero   RW          962    .bss.my_uid         config.o
    0x200006f5   COMPRESSED   0x00000003   PAD
    0x200006f8        -       0x00000018   Zero   RW          304    .bss.pFlash         py32f0xx_hal_flash.o
    0x20000710        -       0x00000041   Zero   RW         1050    .bss.protocol_event_handler.rf_Request  protocol.o
    0x20000751   COMPRESSED   0x00000003   PAD
    0x20000754        -       0x000000c0   Zero   RW         1083    .bss.pwm_channels   pwm.o
    0x20000814        -       0x00000001   Zero   RW         1080    .bss.pwm_initialized  pwm.o
    0x20000815        -       0x00000001   Zero   RW          985    .bss.queueHead      eventbus.o
    0x20000816        -       0x00000001   Zero   RW          983    .bss.queueSize      eventbus.o
    0x20000817        -       0x00000001   Zero   RW          984    .bss.queueTail      eventbus.o
    0x20000818        -       0x00000001   Zero   RW         1250    .bss.rssi_enabled   tran_device.o
    0x20000819        -       0x00000007   Zero   RW         1253    .bss.rssi_update.rssi_frame  tran_device.o
    0x20000820        -       0x00000004   Zero   RW         1186    .bss.rx1_callback   bsp_uart.o
    0x20000824        -       0x0000000c   Zero   RW          925    .bss.sConfig        adc.o
    0x20000830        -       0x00000040   Zero   RW         1142    .bss.sTimxHandle    bsp_timer.o
    0x20000870        -       0x00000080   Zero   RW         1143    .bss.s_t_tmr        bsp_timer.o
    0x200008f0        -       0x00000008   Zero   RW         1145    .bss.s_tmr_active   bsp_timer.o
    0x200008f8        -       0x00000004   Zero   RW         1251    .bss.sample_count   tran_device.o
    0x200008fc        -       0x00000100   Zero   RW         1188    .bss.uart1_buf      bsp_uart.o
    0x200009fc        -       0x0000004c   Zero   RW         1185    .bss.usart1_handle  bsp_uart.o
    0x20000a48        -       0x0000004c   Zero   RW         1187    .bss.usart2_handle  bsp_uart.o
    0x20000a94        -       0x00000004   Zero   RW          127    .bss.uwTick         py32f0xx_hal.o
    0x20000a98        -       0x00000400   Zero   RW            1    STACK               startup_py32f030xx.o


==============================================================================

Image component sizes


      Code (inc. data)   RO Data    RW Data    ZI Data      Debug   Object Name

       268         44         13          0         80       3952   adc.o
       314          0          0          0          0       3559   base.o
       172          0          0          0          0       2529   bsp_flash.o
       156          4          0          0          0       2033   bsp_pcb.o
       400         48         17          0        205       7862   bsp_timer.o
       548         52          0          0        412       6889   bsp_uart.o
         2          0          0          0          0       2515   bsp_zero.o
       992        252        147          0        442       4980   config.o
         8          0          0          0          0        404   device_manager.o
       196         24          0          0        164       1980   eventbus.o
       548        274          0          0          0       2273   gpio.o
       112         48          0          0         12       1434   iwdg.o
       332         44         37          0         69       2466   main.o
      3762         12          0          0          0      22167   pan211.o
      2712        456          0        120         30      16879   panel.o
      2112        384        111          0        415      12540   protocol.o
       740         60       1002          0        294       9282   pwm.o
       208         28          0          8          4       5387   py32f0xx_hal.o
      1296         56          0          0          0      16212   py32f0xx_hal_adc.o
       128         24          0          0          0       5324   py32f0xx_hal_cortex.o
       340         12          0          0          0       8733   py32f0xx_hal_dma.o
      1172         88         32          0         24      12979   py32f0xx_hal_flash.o
       402         16          0          0          0       4484   py32f0xx_hal_gpio.o
        92         12          0          0          0       1737   py32f0xx_hal_iwdg.o
       154         12          0          0         68       4121   py32f0xx_hal_msp.o
      1788        100         20          0          0       9444   py32f0xx_hal_rcc.o
       248         24          0          0          0      58662   py32f0xx_hal_tim.o
       656         16          0          0          0      19616   py32f0xx_hal_uart.o
        32          4          0          0          0       1455   py32f0xx_it.o
        28          8        192          0       1024        624   startup_py32f030xx.o
       100         28        128        196          0       2360   system_py32f0xx.o
       276         28          0          4        124       5981   tran_device.o

    ----------------------------------------------------------------------
     20312       2158       1736        328       3404     260863   Object Totals
         0          0         32          0          0          0   (incl. Generated)
        18          0          5          0         37          0   (incl. Padding)

    ----------------------------------------------------------------------

      Code (inc. data)   RO Data    RW Data    ZI Data      Debug   Library Member Name

        58          0          0          0          0          0   __dczerorl.o
         0          0          0          0          0          0   entry.o
         0          0          0          0          0          0   entry10a.o
         0          0          0          0          0          0   entry11a.o
         8          4          0          0          0          0   entry2.o
         4          0          0          0          0          0   entry5.o
         0          0          0          0          0          0   entry7b.o
         0          0          0          0          0          0   entry8b.o
         8          4          0          0          0          0   entry9a.o
        30          0          0          0          0          0   handlers.o
        80          6          0          0          0         72   idiv_div0.o
        48         10          0          0          0         68   init.o
        32          0          0          0          0         68   llshl.o
        34          0          0          0          0         68   llushr.o
        26          0          0          0          0         72   memcmp.o
        36          0          0          0          0         60   memcpya.o
        36          0          0          0          0        100   memseta.o
      1172         52          0          0          0        324   printf8.o
        16          6          0          0          0         68   putchar.o
        32          4          0          0          0         68   puts.o
         0          0          0          4          0          0   stdout.o
        62          0          0          0          0         72   uidiv_div0.o
        96          0          0          0          0         84   uldiv.o

    ----------------------------------------------------------------------
      1780         86          0          4          0       1124   Library Totals
         2          0          0          0          0          0   (incl. Padding)

    ----------------------------------------------------------------------

      Code (inc. data)   RO Data    RW Data    ZI Data      Debug   Library Name

      1778         86          0          4          0       1124   mc_p.l

    ----------------------------------------------------------------------
      1780         86          0          4          0       1124   Library Totals

    ----------------------------------------------------------------------

==============================================================================


      Code (inc. data)   RO Data    RW Data    ZI Data      Debug   

     22092       2244       1736        332       3404     261083   Grand Totals
     22092       2244       1736         48       3404     261083   ELF Image Totals (compressed)
     22092       2244       1736         48          0          0   ROM Totals

==============================================================================

    Total RO  Size (Code + RO Data)                23828 (  23.27kB)
    Total RW  Size (RW Data + ZI Data)              3736 (   3.65kB)
    Total ROM Size (Code + RO Data + RW Data)      23876 (  23.32kB)

==============================================================================

