<html>
<body>
<pre>
<h1>µVision Build Log</h1>
<h2>Tool Versions:</h2>
IDE-Version: ¦ÌVision V5.43.0.0
Copyright (C) 2025 ARM Ltd and ARM Germany GmbH. All rights reserved.
License Information: shu dongsheng, kepler, LIC=7YKYW-QR3VN-E0KN4-FXBY4-0PQ1V-WCZ1I
 
Tool Versions:
Toolchain:       MDK-ARM Professional  Version: 5.43.0.0
Toolchain Path:  D:\Keil\Keil_v5\ARM\ARMCLANG\Bin
C Compiler:      ArmClang.exe V6.24
Assembler:       Armasm.exe V6.24
Linker/Locator:  ArmLink.exe V6.24
Library Manager: ArmAr.exe V6.24
Hex Converter:   FromElf.exe V6.24
CPU DLL:         SARMCM3.DLL V5.43.0.0
Dialog DLL:      DARMCM1.DLL V1.19.6.0
Target DLL:      Segger\JL2CM3.dll V2.99.45.0
Dialog DLL:      TARMCM1.DLL V1.14.6.0
 
<h2>Project:</h2>
C:\Users\sds\Desktop\PAN7431\Projects\project\project\MDK-ARM\PAN7431.uvprojx
Project File Date:  09/18/2025

<h2>Output:</h2>
*** Using Compiler 'V6.24', folder: 'D:\Keil\Keil_v5\ARM\ARMCLANG\Bin'
Build target 'PAN7431'
compiling py32f0xx_it.c...
compiling bsp_pcb.c...
compiling eventbus.c...
compiling main.c...
compiling bsp_timer.c...
compiling config.c...
compiling base.c...
compiling pwm.c...
compiling protocol.c...
compiling pan211.c...
compiling bsp_uart.c...
compiling device_manager.c...
compiling bsp_zero.c...
compiling tran_device.c...
compiling py32f0xx_hal_tim.c...
compiling panel.c...
linking...
Program Size: Code=22092 RO-data=1736 RW-data=332 ZI-data=3404  
FromELF: creating hex file...
".\Output\Debug\Project.axf" - 0 Error(s), 0 Warning(s).

<h2>Software Packages used:</h2>

Package Vendor: ARM
                https://www.keil.com/pack/ARM.CMSIS.6.2.0.pack
                ARM::CMSIS@6.2.0
                CMSIS (Common Microcontroller Software Interface Standard)
   * Component: CORE Version: 6.1.1

Package Vendor: Puya
                http://www.keil.com/pack/Puya.PY32F0xx_DFP.0.0.4.pack
                Puya::PY32F0xx_DFP@0.0.4
                Puya PY32F0 Series Device Support

<h2>Collection of Component include folders:</h2>
  ./RTE/_PAN7431
  D:/Keil/Arm/Packs/ARM/CMSIS/6.2.0/CMSIS/Core/Include
  D:/Keil/Arm/Packs/Puya/PY32F0xx_DFP/0.0.4/Device/Include

<h2>Collection of Component Files used:</h2>

   * Component: ARM::CMSIS:CORE@6.1.1
Build Time Elapsed:  00:00:03
</pre>
</body>
</html>
